Archive member included to satisfy reference by file (symbol)

c:/nxp/mcuxpressoide_11.0.1_2563/ide/plugins/com.nxp.mcuxpresso.tools.win32_11.0.1.201907311258/tools/bin/../lib/gcc/arm-none-eabi/8.2.1/../../../../arm-none-eabi/lib/thumb/v6-m/nofp\libcr_nohost_nf.a(_cr__main.o)
                              ./startup/startup_mkl25z4.o (__main)
c:/nxp/mcuxpressoide_11.0.1_2563/ide/plugins/com.nxp.mcuxpresso.tools.win32_11.0.1.201907311258/tools/bin/../lib/gcc/arm-none-eabi/8.2.1/../../../../arm-none-eabi/lib/thumb/v6-m/nofp\libcr_nohost_nf.a(_cr_assert.o)
                              ./drivers/fsl_clock.o (__assertion_failed)
c:/nxp/mcuxpressoide_11.0.1_2563/ide/plugins/com.nxp.mcuxpresso.tools.win32_11.0.1.201907311258/tools/bin/../lib/gcc/arm-none-eabi/8.2.1/../../../../arm-none-eabi/lib/thumb/v6-m/nofp\libcr_nohost_nf.a(__ciob.o)
                              c:/nxp/mcuxpressoide_11.0.1_2563/ide/plugins/com.nxp.mcuxpresso.tools.win32_11.0.1.201907311258/tools/bin/../lib/gcc/arm-none-eabi/8.2.1/../../../../arm-none-eabi/lib/thumb/v6-m/nofp\libcr_nohost_nf.a(_cr_assert.o) (__Ciob)
c:/nxp/mcuxpressoide_11.0.1_2563/ide/plugins/com.nxp.mcuxpresso.tools.win32_11.0.1.201907311258/tools/bin/../lib/gcc/arm-none-eabi/8.2.1/../../../../arm-none-eabi/lib/thumb/v6-m/nofp\libcr_nohost_nf.a(__sys_appexit.o)
                              c:/nxp/mcuxpressoide_11.0.1_2563/ide/plugins/com.nxp.mcuxpresso.tools.win32_11.0.1.201907311258/tools/bin/../lib/gcc/arm-none-eabi/8.2.1/../../../../arm-none-eabi/lib/thumb/v6-m/nofp\libcr_nohost_nf.a(_cr_assert.o) (__sys_appexit)
c:/nxp/mcuxpressoide_11.0.1_2563/ide/plugins/com.nxp.mcuxpresso.tools.win32_11.0.1.201907311258/tools/bin/../lib/gcc/arm-none-eabi/8.2.1/../../../../arm-none-eabi/lib/thumb/v6-m/nofp\libcr_c.a(memcpy.o)
                              ./freertos/queue.o (memcpy)
c:/nxp/mcuxpressoide_11.0.1_2563/ide/plugins/com.nxp.mcuxpresso.tools.win32_11.0.1.201907311258/tools/bin/../lib/gcc/arm-none-eabi/8.2.1/../../../../arm-none-eabi/lib/thumb/v6-m/nofp\libcr_c.a(memset.o)
                              ./freertos/tasks.o (memset)
c:/nxp/mcuxpressoide_11.0.1_2563/ide/plugins/com.nxp.mcuxpresso.tools.win32_11.0.1.201907311258/tools/bin/../lib/gcc/arm-none-eabi/8.2.1/../../../../arm-none-eabi/lib/thumb/v6-m/nofp\libcr_c.a(_deferredlazyseek.o)
                              c:/nxp/mcuxpressoide_11.0.1_2563/ide/plugins/com.nxp.mcuxpresso.tools.win32_11.0.1.201907311258/tools/bin/../lib/gcc/arm-none-eabi/8.2.1/../../../../arm-none-eabi/lib/thumb/v6-m/nofp\libcr_nohost_nf.a(_cr_assert.o) (__flsbuf)
c:/nxp/mcuxpressoide_11.0.1_2563/ide/plugins/com.nxp.mcuxpresso.tools.win32_11.0.1.201907311258/tools/bin/../lib/gcc/arm-none-eabi/8.2.1/../../../../arm-none-eabi/lib/thumb/v6-m/nofp\libcr_c.a(_fflush.o)
                              c:/nxp/mcuxpressoide_11.0.1_2563/ide/plugins/com.nxp.mcuxpresso.tools.win32_11.0.1.201907311258/tools/bin/../lib/gcc/arm-none-eabi/8.2.1/../../../../arm-none-eabi/lib/thumb/v6-m/nofp\libcr_c.a(_deferredlazyseek.o) (_fflush)
c:/nxp/mcuxpressoide_11.0.1_2563/ide/plugins/com.nxp.mcuxpresso.tools.win32_11.0.1.201907311258/tools/bin/../lib/gcc/arm-none-eabi/8.2.1/../../../../arm-none-eabi/lib/thumb/v6-m/nofp\libcr_c.a(_writebuf.o)
                              c:/nxp/mcuxpressoide_11.0.1_2563/ide/plugins/com.nxp.mcuxpresso.tools.win32_11.0.1.201907311258/tools/bin/../lib/gcc/arm-none-eabi/8.2.1/../../../../arm-none-eabi/lib/thumb/v6-m/nofp\libcr_c.a(_deferredlazyseek.o) (_Cwritebuf)
c:/nxp/mcuxpressoide_11.0.1_2563/ide/plugins/com.nxp.mcuxpresso.tools.win32_11.0.1.201907311258/tools/bin/../lib/gcc/arm-none-eabi/8.2.1/../../../../arm-none-eabi/lib/thumb/v6-m/nofp\libcr_c.a(alloc.o)
                              ./source/circular_buffer/circular_buffer.o (malloc)
c:/nxp/mcuxpressoide_11.0.1_2563/ide/plugins/com.nxp.mcuxpresso.tools.win32_11.0.1.201907311258/tools/bin/../lib/gcc/arm-none-eabi/8.2.1/../../../../arm-none-eabi/lib/thumb/v6-m/nofp\libcr_c.a(fputs.o)
                              c:/nxp/mcuxpressoide_11.0.1_2563/ide/plugins/com.nxp.mcuxpresso.tools.win32_11.0.1.201907311258/tools/bin/../lib/gcc/arm-none-eabi/8.2.1/../../../../arm-none-eabi/lib/thumb/v6-m/nofp\libcr_nohost_nf.a(_cr_assert.o) (fputs)
c:/nxp/mcuxpressoide_11.0.1_2563/ide/plugins/com.nxp.mcuxpresso.tools.win32_11.0.1.201907311258/tools/bin/../lib/gcc/arm-none-eabi/8.2.1/../../../../arm-none-eabi/lib/thumb/v6-m/nofp\libcr_c.a(fseek.o)
                              c:/nxp/mcuxpressoide_11.0.1_2563/ide/plugins/com.nxp.mcuxpresso.tools.win32_11.0.1.201907311258/tools/bin/../lib/gcc/arm-none-eabi/8.2.1/../../../../arm-none-eabi/lib/thumb/v6-m/nofp\libcr_c.a(_deferredlazyseek.o) (fseek)
c:/nxp/mcuxpressoide_11.0.1_2563/ide/plugins/com.nxp.mcuxpresso.tools.win32_11.0.1.201907311258/tools/bin/../lib/gcc/arm-none-eabi/8.2.1/../../../../arm-none-eabi/lib/thumb/v6-m/nofp\libcr_c.a(ftell.o)
[...]
Memory Configuration

Name             Origin             Length             Attributes
PROGRAM_FLASH    0x00000000         0x00020000         xr
SRAM             0x1ffff000         0x00004000         xrw
*default*        0x00000000         0xffffffff

Linker script and memory map

LOAD ./utilities/fsl_debug_console.o
LOAD ./startup/startup_mkl25z4.o
LOAD ./source/lookup_generator/lookup.o
LOAD ./source/logger/errno.o
LOAD ./source/logger/logger.o
LOAD ./source/logger/timestamp.o
LOAD ./source/led_control/led_control.o
LOAD ./source/dma/dma.o
LOAD ./source/dac/dac.o
LOAD ./source/circular_buffer/circular_buffer.o
LOAD ./source/adc/adc.o
LOAD ./source/main.o
LOAD ./source/mtb.o
LOAD ./source/semihost_hardfault.o
LOAD ./freertos/croutine.o
LOAD ./freertos/event_groups.o
LOAD ./freertos/fsl_tickless_lptmr.o
LOAD ./freertos/fsl_tickless_systick.o
LOAD ./freertos/heap_4.o
LOAD ./freertos/list.o
LOAD ./freertos/port.o
LOAD ./freertos/queue.o
LOAD ./freertos/tasks.o
LOAD ./freertos/timers.o
LOAD ./drivers/fsl_clock.o
LOAD ./drivers/fsl_common.o
LOAD ./drivers/fsl_flash.o
LOAD ./drivers/fsl_gpio.o
LOAD ./drivers/fsl_lpsci.o
LOAD ./drivers/fsl_lpsci_freertos.o
LOAD ./drivers/fsl_smc.o
LOAD ./drivers/fsl_uart.o
LOAD ./drivers/fsl_uart_freertos.o
LOAD ./board/board.o
LOAD ./board/clock_config.o
LOAD ./board/peripherals.o
LOAD ./board/pin_mux.o
LOAD ./CMSIS/system_MKL25Z4.o
START GROUP
LOAD c:/nxp/mcuxpressoide_11.0.1_2563/ide/plugins/com.nxp.mcuxpresso.tools.win32_11.0.1.201907311258/tools/bin/../lib/gcc/arm-none-eabi/8.2.1/../../../../arm-none-eabi/lib/thumb/v6-m/nofp\libcr_nohost_nf.a
LOAD c:/nxp/mcuxpressoide_11.0.1_2563/ide/plugins/com.nxp.mcuxpresso.tools.win32_11.0.1.201907311258/tools/bin/../lib/gcc/arm-none-eabi/8.2.1/../../../../arm-none-eabi/lib/thumb/v6-m/nofp\libcr_c.a
LOAD c:/nxp/mcuxpressoide_11.0.1_2563/ide/plugins/com.nxp.mcuxpresso.tools.win32_11.0.1.201907311258/tools/bin/../lib/gcc/arm-none-eabi/8.2.1/thumb/v6-m/nofp\libcr_eabihelpers.a
LOAD c:/nxp/mcuxpressoide_11.0.1_2563/ide/plugins/com.nxp.mcuxpresso.tools.win32_11.0.1.201907311258/tools/bin/../lib/gcc/arm-none-eabi/8.2.1/thumb/v6-m/nofp\libgcc.a
END GROUP
                0x00000000                __base_PROGRAM_FLASH = 0x0
                0x00000000                __base_Flash = 0x0
                0x00020000                __top_PROGRAM_FLASH = 0x20000
                0x00020000                __top_Flash = 0x20000
                0x1ffff000                __base_SRAM = 0x1ffff000
                0x1ffff000                __base_RAM = 0x1ffff000
                0x20003000                __top_SRAM = 0x20003000
                0x20003000                __top_RAM = 0x20003000

.text           0x00000000     0x6fa0
 FILL mask 0xff
                0x00000000                __vectors_start__ = ABSOLUTE (.)
 *(SORT_BY_ALIGNMENT(.isr_vector))
 .isr_vector    0x00000000       0xc0 ./startup/startup_mkl25z4.o
                0x00000000                g_pfnVectors
                0x00000000                __Vectors
                0x000000c0                . = ALIGN (0x4)
                0x000000c0                __section_table_start = .
                0x000000c0                __data_section_table = .
                0x000000c0        0x4 LONG 0x6fa0 LOADADDR (.data)
                0x000000c4        0x4 LONG 0x1ffff080 ADDR (.data)
                0x000000c8        0x4 LONG 0x1c SIZEOF (.data)
                0x000000cc                __data_section_table_end = .
                0x000000cc                __bss_section_table = .
                0x000000cc        0x4 LONG 0x1ffff09c ADDR (.bss)
                0x000000d0        0x4 LONG 0x2af8 SIZEOF (.bss)
                0x000000d4                __bss_section_table_end = .
                0x000000d4                __section_table_end = .
 *(SORT_BY_ALIGNMENT(.after_vectors*))
 .after_vectors.reset
                0x000000d4       0x4c ./startup/startup_mkl25z4.o
                0x000000d4                ResetISR
 .after_vectors.init_data
                0x00000120       0x12 ./startup/startup_mkl25z4.o
                0x00000120                data_init
 .after_vectors.init_bss
                0x00000132       0x10 ./startup/startup_mkl25z4.o
                0x00000132                bss_init
 .after_vectors
                0x00000142      0x10c ./startup/startup_mkl25z4.o
                0x00000142                NMI_Handler
                0x0000014c                I2C0_DriverIRQHandler
                0x0000014c                DMA0_DriverIRQHandler
                0x0000014c                SPI1_DriverIRQHandler
                0x0000014c                LPTMR0_DriverIRQHandler
                0x0000014c                Reserved39_DriverIRQHandler
                0x0000014c                PIT_DriverIRQHandler
                0x0000014c                PORTD_DriverIRQHandler
                0x0000014c                DMA2_DriverIRQHandler
                0x0000014c                CMP0_DriverIRQHandler
                0x0000014c                TPM2_DriverIRQHandler
                0x0000014c                ADC0_DriverIRQHandler
                0x0000014c                SPI0_DriverIRQHandler
                0x0000014c                TSI0_DriverIRQHandler
                0x0000014c                RTC_Seconds_DriverIRQHandler
                0x0000014c                I2C1_DriverIRQHandler
                0x0000014c                DMA1_DriverIRQHandler
                0x0000014c                LLWU_DriverIRQHandler
                0x0000014c                MCG_DriverIRQHandler
                0x0000014c                RTC_DriverIRQHandler
                0x0000014c                TPM1_DriverIRQHandler
                0x0000014c                PORTA_DriverIRQHandler
                0x0000014c                FTFA_DriverIRQHandler
                0x0000014c                IntDefaultHandler
                0x0000014c                USB0_DriverIRQHandler
                0x0000014c                DAC0_DriverIRQHandler
                0x0000014c                Reserved45_DriverIRQHandler
                0x0000014c                LVD_LVW_DriverIRQHandler
                0x0000014c                TPM0_DriverIRQHandler
                0x0000014c                DMA3_DriverIRQHandler
                0x0000014c                Reserved20_DriverIRQHandler
                0x0000014e                DMA0_IRQHandler
                0x00000156                DMA1_IRQHandler
                0x0000015e                DMA2_IRQHandler
                0x00000166                DMA3_IRQHandler
                0x0000016e                Reserved20_IRQHandler
                0x00000176                FTFA_IRQHandler
                0x0000017e                LVD_LVW_IRQHandler
                0x00000186                LLWU_IRQHandler
                0x0000018e                I2C0_IRQHandler
                0x00000196                I2C1_IRQHandler
                0x0000019e                SPI0_IRQHandler
                0x000001a6                SPI1_IRQHandler
                0x000001ae                UART0_IRQHandler
                0x000001b6                UART1_IRQHandler
                0x000001be                UART2_IRQHandler
                0x000001c6                ADC0_IRQHandler
                0x000001ce                CMP0_IRQHandler
                0x000001d6                TPM0_IRQHandler
                0x000001de                TPM1_IRQHandler
                0x000001e6                TPM2_IRQHandler
                0x000001ee                RTC_IRQHandler
                0x000001f6                RTC_Seconds_IRQHandler
                0x000001fe                PIT_IRQHandler
                0x00000206                Reserved39_IRQHandler
                0x0000020e                USB0_IRQHandler
                0x00000216                DAC0_IRQHandler
                0x0000021e                TSI0_IRQHandler
                0x00000226                MCG_IRQHandler
                0x0000022e                LPTMR0_IRQHandler
                0x00000236                Reserved45_IRQHandler
                0x0000023e                PORTA_IRQHandler
                0x00000246                PORTD_IRQHandler
                0x00000400                . = 0x400
 *fill*         0x0000024e      0x1b2 ff
                0x00000400                PROVIDE (__FLASH_CONFIG_START__ = .)
 *(SORT_BY_ALIGNMENT(.FlashConfig))
 .FlashConfig   0x00000400       0x10 ./startup/startup_mkl25z4.o
                0x00000400                Flash_Config
                0x00000410                PROVIDE (__FLASH_CONFIG_END__ = .)
                0x00000001                ASSERT (! ((__FLASH_CONFIG_START__ == __FLASH_CONFIG_END__)), Linker Flash Config Support Enabled, but no .FlashConfig section provided within application)
 *(SORT_BY_ALIGNMENT(.text*))
 .text.vPortStartFirstTask
                0x00000410       0x38 ./freertos/port.o
 *fill*         0x00000448        0x8 ff
 .text.PendSV_Handler
                0x00000450       0x48 ./freertos/port.o
                0x00000450                PendSV_Handler
 .text.DbgConsole_Init
                0x00000498       0xf0 ./utilities/fsl_debug_console.o
                0x00000498                DbgConsole_Init
 .text.__sys_write
                0x00000588       0x58 ./utilities/fsl_debug_console.o
                0x00000588                __sys_write
 .text.dac_lookup_init
                0x000005e0       0xbc ./source/lookup_generator/lookup.o
                0x000005e0                dac_lookup_init
 .text.Log_Write
                0x0000069c      0x108 ./source/logger/logger.o
                0x0000069c                Log_Write
 .text.Get_Log_Level
                0x000007a4       0x14 ./source/logger/logger.o
                0x000007a4                Get_Log_Level
 .text.Set_Log_Level
                0x000007b8       0x20 ./source/logger/logger.o
                0x000007b8                Set_Log_Level
 .text.vTimestamp_Init
                0x000007d8       0x40 ./source/logger/timestamp.o
                0x000007d8                vTimestamp_Init
 .text.tTimestamp_Get_Timestamp
                0x00000818       0xcc ./source/logger/timestamp.o
                0x00000818                tTimestamp_Get_Timestamp
 .text.vLoggerTimerCallback
                0x000008e4       0x20 ./source/logger/timestamp.o
                0x000008e4                vLoggerTimerCallback
 .text.LED_Init
                0x00000904       0x9c ./source/led_control/led_control.o
                0x00000904                LED_Init
 .text.Turn_Off_LED
                0x000009a0       0x5c ./source/led_control/led_control.o
                0x000009a0                Turn_Off_LED
 .text.Toggle_LED
                0x000009fc       0x5c ./source/led_control/led_control.o
                0x000009fc                Toggle_LED
 .text.dac_init
                0x00000a58       0x7c ./source/dac/dac.o
                0x00000a58                dac_init
 .text.dac_out  0x00000ad4       0x34 ./source/dac/dac.o
                0x00000ad4                dac_out
 .text.main     0x00000b08       0x98 ./source/main.o
                0x00000b08                main
 .text.vDACTimerCallback
                0x00000ba0       0x78 ./source/main.o
                0x00000ba0                vDACTimerCallback
 .text.HardFault_Handler
                0x00000c18       0x30 ./source/semihost_hardfault.o
                0x00000c18                HardFault_Handler
 .text.prvSetupTimerInterrupt
                0x00000c48       0x40 ./freertos/fsl_tickless_lptmr.o
                0x00000c48                prvSetupTimerInterrupt
 .text.pvPortMalloc
                0x00000c88      0x14c ./freertos/heap_4.o
                0x00000c88                pvPortMalloc
 .text.vPortFree
                0x00000dd4       0x90 ./freertos/heap_4.o
                0x00000dd4                vPortFree
 .text.prvHeapInit
                0x00000e64       0xc0 ./freertos/heap_4.o
 .text.prvInsertBlockIntoFreeList
                0x00000f24       0xb0 ./freertos/heap_4.o
 .text.pxPortInitialiseStack
                0x00000fd4       0x54 ./freertos/port.o
                0x00000fd4                pxPortInitialiseStack
 .text.prvTaskExitError
                0x00001028       0x18 ./freertos/port.o
 .text.xPortStartScheduler
                0x00001040       0x44 ./freertos/port.o
                0x00001040                xPortStartScheduler
 .text.vPortYield
                0x00001084       0x20 ./freertos/port.o
                0x00001084                vPortYield
 .text.vPortEnterCritical
                0x000010a4       0x24 ./freertos/port.o
                0x000010a4                vPortEnterCritical
 .text.vPortExitCritical
                0x000010c8       0x30 ./freertos/port.o
                0x000010c8                vPortExitCritical
 .text.SysTick_Handler
                0x000010f8       0x34 ./freertos/port.o
                0x000010f8                SysTick_Handler
 .text.vQueueAddToRegistry
                0x0000112c       0x50 ./freertos/queue.o
                0x0000112c                vQueueAddToRegistry
 .text.prvInitialiseNewTask
                0x0000117c      0x120 ./freertos/tasks.o
 .text.prvAddNewTaskToReadyList
                0x0000129c       0xd0 ./freertos/tasks.o
 .text.vTaskStartScheduler
                0x0000136c       0x78 ./freertos/tasks.o
                0x0000136c                vTaskStartScheduler
 .text.vTaskSuspendAll
                0x000013e4       0x18 ./freertos/tasks.o
                0x000013e4                vTaskSuspendAll
 .text.xTaskResumeAll
                0x000013fc      0x118 ./freertos/tasks.o
                0x000013fc                xTaskResumeAll
 .text.xTaskGetTickCount
                0x00001514       0x1c ./freertos/tasks.o
                0x00001514                xTaskGetTickCount
 .text.xTaskIncrementTick
                0x00001530      0x14c ./freertos/tasks.o
                0x00001530                xTaskIncrementTick
 .text.vTaskSwitchContext
                0x0000167c       0xa4 ./freertos/tasks.o
                0x0000167c                vTaskSwitchContext
 .text.vTaskPlaceOnEventList
                0x00001720       0x3c ./freertos/tasks.o
                0x00001720                vTaskPlaceOnEventList
 .text.vTaskPlaceOnEventListRestricted
                0x0000175c       0x4c ./freertos/tasks.o
                0x0000175c                vTaskPlaceOnEventListRestricted
 .text.xTaskRemoveFromEventList
                0x000017a8       0xb8 ./freertos/tasks.o
                0x000017a8                xTaskRemoveFromEventList
 .text.vTaskSetTimeOutState
                0x00001860       0x34 ./freertos/tasks.o
                0x00001860                vTaskSetTimeOutState
 .text.xTaskCheckForTimeOut
                0x00001894       0x9c ./freertos/tasks.o
                0x00001894                xTaskCheckForTimeOut
 .text.vTaskMissedYield
                0x00001930       0x14 ./freertos/tasks.o
                0x00001930                vTaskMissedYield
 .text.prvIdleTask
                0x00001944       0x20 ./freertos/tasks.o
 .text.prvInitialiseTaskLists
                0x00001964       0x88 ./freertos/tasks.o
 .text.prvCheckTasksWaitingTermination
                0x000019ec       0x74 ./freertos/tasks.o
 .text.prvResetNextTaskUnblockTime
                0x00001a60       0x48 ./freertos/tasks.o
 .text.xTaskGetSchedulerState
                0x00001aa8       0x38 ./freertos/tasks.o
                0x00001aa8                xTaskGetSchedulerState
 .text.vTaskPriorityInherit
                0x00001ae0       0xbc ./freertos/tasks.o
                0x00001ae0                vTaskPriorityInherit
 .text.xTaskPriorityDisinherit
                0x00001b9c       0xb8 ./freertos/tasks.o
                0x00001b9c                xTaskPriorityDisinherit
 .text.pvTaskIncrementMutexHeldCount
                0x00001c54       0x24 ./freertos/tasks.o
                0x00001c54                pvTaskIncrementMutexHeldCount
 .text.prvAddCurrentTaskToDelayedList
                0x00001c78       0xa8 ./freertos/tasks.o
 .text.xTimerCreateTimerTask
                0x00001d20       0x54 ./freertos/timers.o
                0x00001d20                xTimerCreateTimerTask
 .text.xTimerGenericCommand
                0x00001d74       0x94 ./freertos/timers.o
                0x00001d74                xTimerGenericCommand
 .text.prvProcessExpiredTimer
                0x00001e08       0x70 ./freertos/timers.o
 .text.prvProcessTimerOrBlockTask
                0x00001e78       0x8c ./freertos/timers.o
 .text.prvGetNextExpireTime
                0x00001f04       0x40 ./freertos/timers.o
 .text.prvSampleTimeNow
                0x00001f44       0x40 ./freertos/timers.o
 .text.prvInsertTimerInActiveList
                0x00001f84       0x84 ./freertos/timers.o
 .text.prvProcessReceivedCommands
                0x00002008      0x124 ./freertos/timers.o
 .text.prvSwitchTimerLists
                0x0000212c       0xb4 ./freertos/timers.o
 .text.prvCheckForValidListAndQueue
                0x000021e0       0x74 ./freertos/timers.o
 .text.CLOCK_SetEr32kClock
                0x00002254       0x34 ./drivers/fsl_clock.o
 .text.CLOCK_SetPllFllSelClock
                0x00002288       0x38 ./drivers/fsl_clock.o
 .text.CLOCK_GetMcgExtClkFreq
                0x000022c0       0x28 ./drivers/fsl_clock.o
 .text.CLOCK_GetFllExtRefClkFreq
                0x000022e8       0xa4 ./drivers/fsl_clock.o
 .text.CLOCK_GetFllRefClkFreq
                0x0000238c       0x2c ./drivers/fsl_clock.o
 .text.CLOCK_GetOscRangeFromFreq
                0x000023b8       0x4c ./drivers/fsl_clock.o
 .text.CLOCK_GetPllFllSelClkFreq
                0x00002404       0x4c ./drivers/fsl_clock.o
                0x00002404                CLOCK_GetPllFllSelClkFreq
 .text.CLOCK_SetSimConfig
                0x00002450       0x38 ./drivers/fsl_clock.o
                0x00002450                CLOCK_SetSimConfig
 .text.CLOCK_GetFllFreq
                0x00002488       0x84 ./drivers/fsl_clock.o
                0x00002488                CLOCK_GetFllFreq
 .text.CLOCK_GetPll0Freq
                0x0000250c       0x70 ./drivers/fsl_clock.o
                0x0000250c                CLOCK_GetPll0Freq
 .text.CLOCK_SetInternalRefClkConfig
                0x0000257c      0x124 ./drivers/fsl_clock.o
                0x0000257c                CLOCK_SetInternalRefClkConfig
 .text.CLOCK_EnablePll0
                0x000026a0       0x90 ./drivers/fsl_clock.o
                0x000026a0                CLOCK_EnablePll0
 .text.CLOCK_InitOsc0
                0x00002730       0x94 ./drivers/fsl_clock.o
                0x00002730                CLOCK_InitOsc0
 .text.CLOCK_SetPbeMode
                0x000027c4       0xb0 ./drivers/fsl_clock.o
                0x000027c4                CLOCK_SetPbeMode
 .text.CLOCK_BootToPeeMode
                0x00002874       0x70 ./drivers/fsl_clock.o
                0x00002874                CLOCK_BootToPeeMode
 .text.CLOCK_EnableClock
                0x000028e4       0x34 ./drivers/fsl_lpsci.o
 .text.LPSCI_GetInstance
                0x00002918       0x48 ./drivers/fsl_lpsci.o
                0x00002918                LPSCI_GetInstance
 .text.LPSCI_Init
                0x00002960      0x258 ./drivers/fsl_lpsci.o
                0x00002960                LPSCI_Init
 .text.LPSCI_GetDefaultConfig
                0x00002bb8       0x44 ./drivers/fsl_lpsci.o
                0x00002bb8                LPSCI_GetDefaultConfig
 .text.LPSCI_ClearStatusFlags
                0x00002bfc       0x94 ./drivers/fsl_lpsci.o
                0x00002bfc                LPSCI_ClearStatusFlags
 .text.LPSCI_WriteBlocking
                0x00002c90       0x4c ./drivers/fsl_lpsci.o
                0x00002c90                LPSCI_WriteBlocking
 .text.LPSCI_ReadBlocking
                0x00002cdc       0xc0 ./drivers/fsl_lpsci.o
                0x00002cdc                LPSCI_ReadBlocking
 .text.UART0_DriverIRQHandler
                0x00002d9c       0x24 ./drivers/fsl_lpsci.o
                0x00002d9c                UART0_DriverIRQHandler
 .text.CLOCK_EnableClock
                0x00002dc0       0x34 ./drivers/fsl_uart.o
 .text.UART_GetInstance
                0x00002df4       0x54 ./drivers/fsl_uart.o
                0x00002df4                UART_GetInstance
 .text.UART_Init
                0x00002e48      0x1e0 ./drivers/fsl_uart.o
                0x00002e48                UART_Init
 .text.UART_GetDefaultConfig
                0x00003028       0x44 ./drivers/fsl_uart.o
                0x00003028                UART_GetDefaultConfig
 .text.UART_ReadBlocking
                0x0000306c       0x98 ./drivers/fsl_uart.o
                0x0000306c                UART_ReadBlocking
 .text.UART1_DriverIRQHandler
                0x00003104       0x24 ./drivers/fsl_uart.o
                0x00003104                UART1_DriverIRQHandler
 .text.UART2_DriverIRQHandler
                0x00003128       0x24 ./drivers/fsl_uart.o
                0x00003128                UART2_DriverIRQHandler
 .text.CLOCK_SetLpsci0Clock
                0x0000314c       0x38 ./board/board.o
 .text.BOARD_InitDebugConsole
                0x00003184       0x30 ./board/board.o
                0x00003184                BOARD_InitDebugConsole
 .text.CLOCK_SetSimSafeDivs
                0x000031b4       0x20 ./board/clock_config.o
 .text.CLOCK_SetXtal0Freq
                0x000031d4       0x1c ./board/clock_config.o
 .text.CLOCK_CONFIG_SetFllExtRefDiv
                0x000031f0       0x3c ./board/clock_config.o
 .text.BOARD_BootClockRUN
                0x0000322c       0x64 ./board/clock_config.o
                0x0000322c                BOARD_BootClockRUN
 .text.CLOCK_EnableClock
                0x00003290       0x34 ./board/pin_mux.o
 .text.PORT_SetPinMux
                0x000032c4       0x40 ./board/pin_mux.o
 .text.BOARD_InitPins
                0x00003304       0x4c ./board/pin_mux.o
                0x00003304                BOARD_InitPins
 .text.SystemInit
                0x00003350       0x18 ./CMSIS/system_MKL25Z4.o
                0x00003350                SystemInit
 .text.__assertion_failed
                0x00003368       0x4c c:/nxp/mcuxpressoide_11.0.1_2563/ide/plugins/com.nxp.mcuxpresso.tools.win32_11.0.1.201907311258/tools/bin/../lib/gcc/arm-none-eabi/8.2.1/../../../../arm-none-eabi/lib/thumb/v6-m/nofp\libcr_nohost_nf.a(_cr_assert.o)
                0x00003368                __assertion_failed
 .text._deferredlazyseek
                0x000033b4       0x40 c:/nxp/mcuxpressoide_11.0.1_2563/ide/plugins/com.nxp.mcuxpresso.tools.win32_11.0.1.201907311258/tools/bin/../lib/gcc/arm-none-eabi/8.2.1/../../../../arm-none-eabi/lib/thumb/v6-m/nofp\libcr_c.a(_deferredlazyseek.o)
                0x000033b4                _deferredlazyseek
 .text.__flsbuf
                0x000033f4      0x14c c:/nxp/mcuxpressoide_11.0.1_2563/ide/plugins/com.nxp.mcuxpresso.tools.win32_11.0.1.201907311258/tools/bin/../lib/gcc/arm-none-eabi/8.2.1/../../../../arm-none-eabi/lib/thumb/v6-m/nofp\libcr_c.a(_deferredlazyseek.o)
                0x000033f4                __flsbuf
 .text._fflush  0x00003540       0x5c c:/nxp/mcuxpressoide_11.0.1_2563/ide/plugins/com.nxp.mcuxpresso.tools.win32_11.0.1.201907311258/tools/bin/../lib/gcc/arm-none-eabi/8.2.1/../../../../arm-none-eabi/lib/thumb/v6-m/nofp\libcr_c.a(_fflush.o)
                0x00003540                _fflush
 .text._Cwritebuf
                0x0000359c       0x68 c:/nxp/mcuxpressoide_11.0.1_2563/ide/plugins/com.nxp.mcuxpresso.tools.win32_11.0.1.201907311258/tools/bin/../lib/gcc/arm-none-eabi/8.2.1/../../../../arm-none-eabi/lib/thumb/v6-m/nofp\libcr_c.a(_writebuf.o)
                0x0000359c                _Cwritebuf
 .text.malloc   0x00003604       0xcc c:/nxp/mcuxpressoide_11.0.1_2563/ide/plugins/com.nxp.mcuxpresso.tools.win32_11.0.1.201907311258/tools/bin/../lib/gcc/arm-none-eabi/8.2.1/../../../../arm-none-eabi/lib/thumb/v6-m/nofp\libcr_c.a(alloc.o)
                0x00003604                malloc
 .text._Csys_alloc
                0x000036d0       0x20 c:/nxp/mcuxpressoide_11.0.1_2563/ide/plugins/com.nxp.mcuxpresso.tools.win32_11.0.1.201907311258/tools/bin/../lib/gcc/arm-none-eabi/8.2.1/../../../../arm-none-eabi/lib/thumb/v6-m/nofp\libcr_c.a(alloc.o)
                0x000036d0                _Csys_alloc
 .text.fseek    0x000036f0       0xf0 c:/nxp/mcuxpressoide_11.0.1_2563/ide/plugins/com.nxp.mcuxpresso.tools.win32_11.0.1.201907311258/tools/bin/../lib/gcc/arm-none-eabi/8.2.1/../../../../arm-none-eabi/lib/thumb/v6-m/nofp\libcr_c.a(fseek.o)
                0x000036f0                fseek
 .text.ftell    0x000037e0       0x48 c:/nxp/mcuxpressoide_11.0.1_2563/ide/plugins/com.nxp.mcuxpresso.tools.win32_11.0.1.201907311258/tools/bin/../lib/gcc/arm-none-eabi/8.2.1/../../../../arm-none-eabi/lib/thumb/v6-m/nofp\libcr_c.a(ftell.o)
                0x000037e0                ftell
 .text._initio  0x00003828       0x7c c:/nxp/mcuxpressoide_11.0.1_2563/ide/plugins/com.nxp.mcuxpresso.tools.win32_11.0.1.201907311258/tools/bin/../lib/gcc/arm-none-eabi/8.2.1/../../../../arm-none-eabi/lib/thumb/v6-m/nofp\libcr_c.a(initio.o)
                0x00003828                _initio
 .text.__vfprintf
                0x000038a4      0xcd8 c:/nxp/mcuxpressoide_11.0.1_2563/ide/plugins/com.nxp.mcuxpresso.tools.win32_11.0.1.201907311258/tools/bin/../lib/gcc/arm-none-eabi/8.2.1/../../../../arm-none-eabi/lib/thumb/v6-m/nofp\libcr_c.a(printf.o)
                0x000038a4                __vfprintf
 .text._vprintf
                0x0000457c       0x28 c:/nxp/mcuxpressoide_11.0.1_2563/ide/plugins/com.nxp.mcuxpresso.tools.win32_11.0.1.201907311258/tools/bin/../lib/gcc/arm-none-eabi/8.2.1/../../../../arm-none-eabi/lib/thumb/v6-m/nofp\libcr_c.a(printf.o)
                0x0000457c                _vprintf
 .text._vsnprintf
                0x000045a4       0x70 c:/nxp/mcuxpressoide_11.0.1_2563/ide/plugins/com.nxp.mcuxpresso.tools.win32_11.0.1.201907311258/tools/bin/../lib/gcc/arm-none-eabi/8.2.1/../../../../arm-none-eabi/lib/thumb/v6-m/nofp\libcr_c.a(printf.o)
                0x000045a4                _vsnprintf
 .text._printf  0x00004614       0x50 c:/nxp/mcuxpressoide_11.0.1_2563/ide/plugins/com.nxp.mcuxpresso.tools.win32_11.0.1.201907311258/tools/bin/../lib/gcc/arm-none-eabi/8.2.1/../../../../arm-none-eabi/lib/thumb/v6-m/nofp\libcr_c.a(printf.o)
                0x00004614                _printf
 .text.setvbuf  0x00004664       0x4c c:/nxp/mcuxpressoide_11.0.1_2563/ide/plugins/com.nxp.mcuxpresso.tools.win32_11.0.1.201907311258/tools/bin/../lib/gcc/arm-none-eabi/8.2.1/../../../../arm-none-eabi/lib/thumb/v6-m/nofp\libcr_c.a(setvbuf.o)
                0x00004664                setvbuf
 .text.strlen   0x000046b0       0x58 c:/nxp/mcuxpressoide_11.0.1_2563/ide/plugins/com.nxp.mcuxpresso.tools.win32_11.0.1.201907311258/tools/bin/../lib/gcc/arm-none-eabi/8.2.1/../../../../arm-none-eabi/lib/thumb/v6-m/nofp\libcr_c.a(strlen.o)
                0x000046b0                strlen
 .text._sbrk    0x00004708       0x40 c:/nxp/mcuxpressoide_11.0.1_2563/ide/plugins/com.nxp.mcuxpresso.tools.win32_11.0.1.201907311258/tools/bin/../lib/gcc/arm-none-eabi/8.2.1/../../../../arm-none-eabi/lib/thumb/v6-m/nofp\libcr_c.a(_cr_sbrk.o)
                0x00004708                _sbrk
 .text._fdopen  0x00004748       0x74 c:/nxp/mcuxpressoide_11.0.1_2563/ide/plugins/com.nxp.mcuxpresso.tools.win32_11.0.1.201907311258/tools/bin/../lib/gcc/arm-none-eabi/8.2.1/../../../../arm-none-eabi/lib/thumb/v6-m/nofp\libcr_c.a(_fdopen.o)
                0x00004748                _fdopen
 .text._sincos  0x000047bc      0x1dc c:/nxp/mcuxpressoide_11.0.1_2563/ide/plugins/com.nxp.mcuxpresso.tools.win32_11.0.1.201907311258/tools/bin/../lib/gcc/arm-none-eabi/8.2.1/../../../../arm-none-eabi/lib/thumb/v6-m/nofp\libcr_c.a(_sincos.o)
                0x000047bc                _sincos
 .text.fclose   0x00004998       0x5c c:/nxp/mcuxpressoide_11.0.1_2563/ide/plugins/com.nxp.mcuxpresso.tools.win32_11.0.1.201907311258/tools/bin/../lib/gcc/arm-none-eabi/8.2.1/../../../../arm-none-eabi/lib/thumb/v6-m/nofp\libcr_c.a(fclose.o)
                0x00004998                fclose
 .text.fflush   0x000049f4       0x44 c:/nxp/mcuxpressoide_11.0.1_2563/ide/plugins/com.nxp.mcuxpresso.tools.win32_11.0.1.201907311258/tools/bin/../lib/gcc/arm-none-eabi/8.2.1/../../../../arm-none-eabi/lib/thumb/v6-m/nofp\libcr_c.a(fflush.o)
                0x000049f4                fflush
 .text.__check_heap_overflow
                0x00004a38       0x14 c:/nxp/mcuxpressoide_11.0.1_2563/ide/plugins/com.nxp.mcuxpresso.tools.win32_11.0.1.201907311258/tools/bin/../lib/gcc/arm-none-eabi/8.2.1/../../../../arm-none-eabi/lib/thumb/v6-m/nofp\libcr_c.a(_cr_check_heap.o)
                0x00004a38                __check_heap_overflow
 .text._do_fflush
                0x00004a4c       0x44 c:/nxp/mcuxpressoide_11.0.1_2563/ide/plugins/com.nxp.mcuxpresso.tools.win32_11.0.1.201907311258/tools/bin/../lib/gcc/arm-none-eabi/8.2.1/../../../../arm-none-eabi/lib/thumb/v6-m/nofp\libcr_c.a(_do_fflush.o)
                0x00004a4c                _do_fflush
 .text.__aeabi_dmul
                0x00004a90      0x188 c:/nxp/mcuxpressoide_11.0.1_2563/ide/plugins/com.nxp.mcuxpresso.tools.win32_11.0.1.201907311258/tools/bin/../lib/gcc/arm-none-eabi/8.2.1/thumb/v6-m/nofp\libcr_eabihelpers.a(double.o)
                0x00004a90                __aeabi_dmul
 .text.__aeabi_ddiv
                0x00004c18      0x148 c:/nxp/mcuxpressoide_11.0.1_2563/ide/plugins/com.nxp.mcuxpresso.tools.win32_11.0.1.201907311258/tools/bin/../lib/gcc/arm-none-eabi/8.2.1/thumb/v6-m/nofp\libcr_eabihelpers.a(double.o)
                0x00004c18                __aeabi_ddiv
 .text.__aeabi_dsub
                0x00004d60      0x1c4 c:/nxp/mcuxpressoide_11.0.1_2563/ide/plugins/com.nxp.mcuxpresso.tools.win32_11.0.1.201907311258/tools/bin/../lib/gcc/arm-none-eabi/8.2.1/thumb/v6-m/nofp\libcr_eabihelpers.a(double.o)
                0x00004d60                __aeabi_dsub
 .text.__aeabi_dadd
                0x00004f24      0x12c c:/nxp/mcuxpressoide_11.0.1_2563/ide/plugins/com.nxp.mcuxpresso.tools.win32_11.0.1.201907311258/tools/bin/../lib/gcc/arm-none-eabi/8.2.1/thumb/v6-m/nofp\libcr_eabihelpers.a(double.o)
                0x00004f24                __aeabi_dadd
 .text.__aeabi_d2iz
                0x00005050       0x4c c:/nxp/mcuxpressoide_11.0.1_2563/ide/plugins/com.nxp.mcuxpresso.tools.win32_11.0.1.201907311258/tools/bin/../lib/gcc/arm-none-eabi/8.2.1/thumb/v6-m/nofp\libcr_eabihelpers.a(double.o)
                0x00005050                __aeabi_d2iz
 .text.__aeabi_d2uiz
                0x0000509c       0x34 c:/nxp/mcuxpressoide_11.0.1_2563/ide/plugins/com.nxp.mcuxpresso.tools.win32_11.0.1.201907311258/tools/bin/../lib/gcc/arm-none-eabi/8.2.1/thumb/v6-m/nofp\libcr_eabihelpers.a(double.o)
                0x0000509c                __aeabi_d2uiz
 .text.__aeabi_dcmplt
                0x000050d0       0x60 c:/nxp/mcuxpressoide_11.0.1_2563/ide/plugins/com.nxp.mcuxpresso.tools.win32_11.0.1.201907311258/tools/bin/../lib/gcc/arm-none-eabi/8.2.1/thumb/v6-m/nofp\libcr_eabihelpers.a(double.o)
                0x000050d0                __aeabi_dcmplt
 .text.__aeabi_dcmpge
                0x00005130       0x60 c:/nxp/mcuxpressoide_11.0.1_2563/ide/plugins/com.nxp.mcuxpresso.tools.win32_11.0.1.201907311258/tools/bin/../lib/gcc/arm-none-eabi/8.2.1/thumb/v6-m/nofp\libcr_eabihelpers.a(double.o)
                0x00005130                __aeabi_dcmpge
 .text.__aeabi_fmul
                0x00005190       0xc4 c:/nxp/mcuxpressoide_11.0.1_2563/ide/plugins/com.nxp.mcuxpresso.tools.win32_11.0.1.201907311258/tools/bin/../lib/gcc/arm-none-eabi/8.2.1/thumb/v6-m/nofp\libcr_eabihelpers.a(float.o)
                0x00005190                __aeabi_fmul
 .text.__aeabi_fdiv
                0x00005254       0xdc c:/nxp/mcuxpressoide_11.0.1_2563/ide/plugins/com.nxp.mcuxpresso.tools.win32_11.0.1.201907311258/tools/bin/../lib/gcc/arm-none-eabi/8.2.1/thumb/v6-m/nofp\libcr_eabihelpers.a(float.o)
                0x00005254                __aeabi_fdiv
 .text.__aeabi_f2d
                0x00005330       0x3c c:/nxp/mcuxpressoide_11.0.1_2563/ide/plugins/com.nxp.mcuxpresso.tools.win32_11.0.1.201907311258/tools/bin/../lib/gcc/arm-none-eabi/8.2.1/thumb/v6-m/nofp\libcr_eabihelpers.a(float.o)
                0x00005330                __aeabi_f2d
 .text.UART_EnableTx
                0x0000536c       0x40 ./utilities/fsl_debug_console.o
 .text.UART_EnableRx
                0x000053ac       0x40 ./utilities/fsl_debug_console.o
 .text.LPSCI_EnableTx
                0x000053ec       0x40 ./utilities/fsl_debug_console.o
 .text.LPSCI_EnableRx
                0x0000542c       0x40 ./utilities/fsl_debug_console.o
 .text.Init     0x0000546c        0xe ./source/logger/logger.o
                0x0000546c                Init
 .text.vListInitialise
                0x0000547a       0x3c ./freertos/list.o
                0x0000547a                vListInitialise
 .text.vListInitialiseItem
                0x000054b6       0x16 ./freertos/list.o
                0x000054b6                vListInitialiseItem
 .text.vListInsertEnd
                0x000054cc       0x44 ./freertos/list.o
                0x000054cc                vListInsertEnd
 .text.vListInsert
                0x00005510       0x6c ./freertos/list.o
                0x00005510                vListInsert
 .text.uxListRemove
                0x0000557c       0x50 ./freertos/list.o
                0x0000557c                uxListRemove
 .text.SVC_Handler
                0x000055cc        0xa ./freertos/port.o
                0x000055cc                SVC_Handler
 .text.ulSetInterruptMaskFromISR
                0x000055d6        0xc ./freertos/port.o
                0x000055d6                ulSetInterruptMaskFromISR
 .text.vClearInterruptMaskFromISR
                0x000055e2        0x8 ./freertos/port.o
                0x000055e2                vClearInterruptMaskFromISR
 .text.xQueueGenericReset
                0x000055ea       0xa8 ./freertos/queue.o
                0x000055ea                xQueueGenericReset
 .text.xQueueGenericCreate
                0x00005692       0x64 ./freertos/queue.o
                0x00005692                xQueueGenericCreate
 .text.prvInitialiseNewQueue
                0x000056f6       0x4e ./freertos/queue.o
 .text.xQueueGenericSend
                0x00005744      0x188 ./freertos/queue.o
                0x00005744                xQueueGenericSend
 .text.xQueueGenericSendFromISR
                0x000058cc       0xe2 ./freertos/queue.o
                0x000058cc                xQueueGenericSendFromISR
 .text.xQueueGenericReceive
                0x000059ae      0x1c8 ./freertos/queue.o
                0x000059ae                xQueueGenericReceive
 .text.prvCopyDataToQueue
                0x00005b76       0xd6 ./freertos/queue.o
 .text.prvCopyDataFromQueue
                0x00005c4c       0x4c ./freertos/queue.o
 .text.prvUnlockQueue
                0x00005c98       0xbc ./freertos/queue.o
 .text.prvIsQueueEmpty
                0x00005d54       0x2c ./freertos/queue.o
 .text.prvIsQueueFull
                0x00005d80       0x30 ./freertos/queue.o
 .text.vQueueWaitForMessageRestricted
                0x00005db0       0x66 ./freertos/queue.o
                0x00005db0                vQueueWaitForMessageRestricted
 .text.xTaskCreate
                0x00005e16       0x90 ./freertos/tasks.o
                0x00005e16                xTaskCreate
 .text.prvDeleteTCB
                0x00005ea6       0x22 ./freertos/tasks.o
 .text.xTimerCreate
                0x00005ec8       0x3e ./freertos/timers.o
                0x00005ec8                xTimerCreate
 .text.prvInitialiseNewTimer
                0x00005f06       0x52 ./freertos/timers.o
 .text.prvTimerTask
                0x00005f58       0x28 ./freertos/timers.o
 .text.OSC_SetExtRefClkConfig
                0x00005f80       0x3e ./drivers/fsl_clock.o
 .text.OSC_SetCapLoad
                0x00005fbe       0x42 ./drivers/fsl_clock.o
 .text.CLOCK_GetPll0RefFreq
                0x00006000       0x10 ./drivers/fsl_clock.o
 .text.CLOCK_SetExternalRefClkConfig
                0x00006010       0x16 ./drivers/fsl_clock.o
                0x00006010                CLOCK_SetExternalRefClkConfig
 .text.LPSCI_GetStatusFlags
                0x00006026       0x26 ./drivers/fsl_lpsci.o
                0x00006026                LPSCI_GetStatusFlags
 .text.UART_GetStatusFlags
                0x0000604c       0x26 ./drivers/fsl_uart.o
                0x0000604c                UART_GetStatusFlags
 .text.UART_WriteBlocking
                0x00006072       0x3a ./drivers/fsl_uart.o
                0x00006072                UART_WriteBlocking
 .text.BOARD_InitBootClocks
                0x000060ac        0xe ./board/clock_config.o
                0x000060ac                BOARD_InitBootClocks
 .text.BOARD_InitBootPeripherals
                0x000060ba        0xa ./board/peripherals.o
                0x000060ba                BOARD_InitBootPeripherals
 .text.BOARD_InitBootPins
                0x000060c4        0xe ./board/pin_mux.o
                0x000060c4                BOARD_InitBootPins
 .text.__main   0x000060d2        0xc c:/nxp/mcuxpressoide_11.0.1_2563/ide/plugins/com.nxp.mcuxpresso.tools.win32_11.0.1.201907311258/tools/bin/../lib/gcc/arm-none-eabi/8.2.1/../../../../arm-none-eabi/lib/thumb/v6-m/nofp\libcr_nohost_nf.a(_cr__main.o)
                0x000060d2                __main
 .text.__sys_appexit
                0x000060de        0x2 c:/nxp/mcuxpressoide_11.0.1_2563/ide/plugins/com.nxp.mcuxpresso.tools.win32_11.0.1.201907311258/tools/bin/../lib/gcc/arm-none-eabi/8.2.1/../../../../arm-none-eabi/lib/thumb/v6-m/nofp\libcr_nohost_nf.a(__sys_appexit.o)
                0x000060de                __sys_appexit
                0x000060de                __exit
 .text.memcpy   0x000060e0        0x8 c:/nxp/mcuxpressoide_11.0.1_2563/ide/plugins/com.nxp.mcuxpresso.tools.win32_11.0.1.201907311258/tools/bin/../lib/gcc/arm-none-eabi/8.2.1/../../../../arm-none-eabi/lib/thumb/v6-m/nofp\libcr_c.a(memcpy.o)
                0x000060e0                memcpy
 .text.memset   0x000060e8        0x8 c:/nxp/mcuxpressoide_11.0.1_2563/ide/plugins/com.nxp.mcuxpresso.tools.win32_11.0.1.201907311258/tools/bin/../lib/gcc/arm-none-eabi/8.2.1/../../../../arm-none-eabi/lib/thumb/v6-m/nofp\libcr_c.a(memset.o)
                0x000060e8                memset
 .text.free     0x000060f0       0x2c c:/nxp/mcuxpressoide_11.0.1_2563/ide/plugins/com.nxp.mcuxpresso.tools.win32_11.0.1.201907311258/tools/bin/../lib/gcc/arm-none-eabi/8.2.1/../../../../arm-none-eabi/lib/thumb/v6-m/nofp\libcr_c.a(alloc.o)
                0x000060f0                free
 .text.fputs    0x0000611c       0x2e c:/nxp/mcuxpressoide_11.0.1_2563/ide/plugins/com.nxp.mcuxpresso.tools.win32_11.0.1.201907311258/tools/bin/../lib/gcc/arm-none-eabi/8.2.1/../../../../arm-none-eabi/lib/thumb/v6-m/nofp\libcr_c.a(fputs.o)
                0x0000611c                fputs
 .text.no_fp_display
                0x0000614a        0x4 c:/nxp/mcuxpressoide_11.0.1_2563/ide/plugins/com.nxp.mcuxpresso.tools.win32_11.0.1.201907311258/tools/bin/../lib/gcc/arm-none-eabi/8.2.1/../../../../arm-none-eabi/lib/thumb/v6-m/nofp\libcr_c.a(printf.o)
 .text.sin      0x0000614e       0x36 c:/nxp/mcuxpressoide_11.0.1_2563/ide/plugins/com.nxp.mcuxpresso.tools.win32_11.0.1.201907311258/tools/bin/../lib/gcc/arm-none-eabi/8.2.1/../../../../arm-none-eabi/lib/thumb/v6-m/nofp\libcr_c.a(sin.o)
                0x0000614e                sin
 .text.fabs     0x00006184       0x22 c:/nxp/mcuxpressoide_11.0.1_2563/ide/plugins/com.nxp.mcuxpresso.tools.win32_11.0.1.201907311258/tools/bin/../lib/gcc/arm-none-eabi/8.2.1/../../../../arm-none-eabi/lib/thumb/v6-m/nofp\libcr_c.a(fabs.o)
                0x00006184                fabs
 .text.remove   0x000061a6       0x12 c:/nxp/mcuxpressoide_11.0.1_2563/ide/plugins/com.nxp.mcuxpresso.tools.win32_11.0.1.201907311258/tools/bin/../lib/gcc/arm-none-eabi/8.2.1/../../../../arm-none-eabi/lib/thumb/v6-m/nofp\libcr_c.a(remove.o)
                0x000061a6                remove
 .text.__aeabi_division_idivmod
                0x000061b8       0x78 c:/nxp/mcuxpressoide_11.0.1_2563/ide/plugins/com.nxp.mcuxpresso.tools.win32_11.0.1.201907311258/tools/bin/../lib/gcc/arm-none-eabi/8.2.1/thumb/v6-m/nofp\libcr_eabihelpers.a(division_32.o)
                0x000061b8                __aeabi_idivmod
                0x000061b8                __aeabi_idiv
                0x000061be                __aeabi_uidivmod
                0x000061be                __aeabi_uidiv
 .text.__aeabi_division_idiv0
                0x00006230        0x2 c:/nxp/mcuxpressoide_11.0.1_2563/ide/plugins/com.nxp.mcuxpresso.tools.win32_11.0.1.201907311258/tools/bin/../lib/gcc/arm-none-eabi/8.2.1/thumb/v6-m/nofp\libcr_eabihelpers.a(division_idiv0.o)
                0x00006230                __aeabi_idiv0
 .text.__bhs_ui2d
                0x00006232       0x5e c:/nxp/mcuxpressoide_11.0.1_2563/ide/plugins/com.nxp.mcuxpresso.tools.win32_11.0.1.201907311258/tools/bin/../lib/gcc/arm-none-eabi/8.2.1/thumb/v6-m/nofp\libcr_eabihelpers.a(double.o)
                0x00006232                __bhs_ui2d
 .text.__aeabi_i2d
                0x00006290       0x18 c:/nxp/mcuxpressoide_11.0.1_2563/ide/plugins/com.nxp.mcuxpresso.tools.win32_11.0.1.201907311258/tools/bin/../lib/gcc/arm-none-eabi/8.2.1/thumb/v6-m/nofp\libcr_eabihelpers.a(double.o)
                0x00006290                __aeabi_i2d
 .text.__bhs_ui2f
                0x000062a8       0x62 c:/nxp/mcuxpressoide_11.0.1_2563/ide/plugins/com.nxp.mcuxpresso.tools.win32_11.0.1.201907311258/tools/bin/../lib/gcc/arm-none-eabi/8.2.1/thumb/v6-m/nofp\libcr_eabihelpers.a(float.o)
                0x000062a8                __bhs_ui2f
 .text.__aeabi_ui2f
                0x0000630a        0xc c:/nxp/mcuxpressoide_11.0.1_2563/ide/plugins/com.nxp.mcuxpresso.tools.win32_11.0.1.201907311258/tools/bin/../lib/gcc/arm-none-eabi/8.2.1/thumb/v6-m/nofp\libcr_eabihelpers.a(float.o)
                0x0000630a                __aeabi_ui2f
 .text.__aeabi_llong_lmul
                0x00006316       0x2e c:/nxp/mcuxpressoide_11.0.1_2563/ide/plugins/com.nxp.mcuxpresso.tools.win32_11.0.1.201907311258/tools/bin/../lib/gcc/arm-none-eabi/8.2.1/thumb/v6-m/nofp\libcr_eabihelpers.a(llong.o)
                0x00006316                __aeabi_lmul
 .text.__aeabi_memcpy
                0x00006344       0x2c c:/nxp/mcuxpressoide_11.0.1_2563/ide/plugins/com.nxp.mcuxpresso.tools.win32_11.0.1.201907311258/tools/bin/../lib/gcc/arm-none-eabi/8.2.1/thumb/v6-m/nofp\libcr_eabihelpers.a(memcpy.o)
                0x00006344                __aeabi_memcpy4
                0x00006344                __aeabi_memcpy8
                0x00006344                __aeabi_memcpy
 .text.__aeabi_memset_lowlevel
                0x00006370       0x2a c:/nxp/mcuxpressoide_11.0.1_2563/ide/plugins/com.nxp.mcuxpresso.tools.win32_11.0.1.201907311258/tools/bin/../lib/gcc/arm-none-eabi/8.2.1/thumb/v6-m/nofp\libcr_eabihelpers.a(memcpy.o)
                0x00006370                __aeabi_lowlevel_memset
 .text.__sys_close
                0x0000639a        0x6 c:/nxp/mcuxpressoide_11.0.1_2563/ide/plugins/com.nxp.mcuxpresso.tools.win32_11.0.1.201907311258/tools/bin/../lib/gcc/arm-none-eabi/8.2.1/../../../../arm-none-eabi/lib/thumb/v6-m/nofp\libcr_nohost_nf.a(__sys_close.o)
                0x0000639a                __sys_close
 .text.__sys_flen
                0x000063a0        0x6 c:/nxp/mcuxpressoide_11.0.1_2563/ide/plugins/com.nxp.mcuxpresso.tools.win32_11.0.1.201907311258/tools/bin/../lib/gcc/arm-none-eabi/8.2.1/../../../../arm-none-eabi/lib/thumb/v6-m/nofp\libcr_nohost_nf.a(__sys_flen.o)
                0x000063a0                __sys_flen
 .text.__sys_istty
                0x000063a6        0x6 c:/nxp/mcuxpressoide_11.0.1_2563/ide/plugins/com.nxp.mcuxpresso.tools.win32_11.0.1.201907311258/tools/bin/../lib/gcc/arm-none-eabi/8.2.1/../../../../arm-none-eabi/lib/thumb/v6-m/nofp\libcr_nohost_nf.a(__sys_istty.o)
                0x000063a6                __sys_istty
 .text.__sys_remove
                0x000063ac        0x6 c:/nxp/mcuxpressoide_11.0.1_2563/ide/plugins/com.nxp.mcuxpresso.tools.win32_11.0.1.201907311258/tools/bin/../lib/gcc/arm-none-eabi/8.2.1/../../../../arm-none-eabi/lib/thumb/v6-m/nofp\libcr_nohost_nf.a(__sys_remove.o)
                0x000063ac                __sys_remove
 .text.__sys_seek
                0x000063b2        0x6 c:/nxp/mcuxpressoide_11.0.1_2563/ide/plugins/com.nxp.mcuxpresso.tools.win32_11.0.1.201907311258/tools/bin/../lib/gcc/arm-none-eabi/8.2.1/../../../../arm-none-eabi/lib/thumb/v6-m/nofp\libcr_nohost_nf.a(__sys_seek.o)
                0x000063b2                __sys_seek
 .text.__sys_tmpnam
                0x000063b8        0x6 c:/nxp/mcuxpressoide_11.0.1_2563/ide/plugins/com.nxp.mcuxpresso.tools.win32_11.0.1.201907311258/tools/bin/../lib/gcc/arm-none-eabi/8.2.1/../../../../arm-none-eabi/lib/thumb/v6-m/nofp\libcr_nohost_nf.a(__sys_tmpnam.o)
                0x000063b8                __sys_tmpnam
 *(SORT_BY_ALIGNMENT(.rodata) SORT_BY_ALIGNMENT(.rodata.*) SORT_BY_ALIGNMENT(.constdata) SORT_BY_ALIGNMENT(.constdata.*))
 *fill*         0x000063be        0x2 ff
 .rodata        0x000063c0       0x55 ./source/logger/logger.o
 *fill*         0x00006415        0x3 ff
 .rodata.logger
                0x00006418       0x10 ./source/logger/logger.o
                0x00006418                logger
 .rodata        0x00006428        0xd ./source/logger/timestamp.o
 *fill*         0x00006435        0x3 ff
 .rodata        0x00006438       0x1c ./source/led_control/led_control.o
 .rodata.__func__.5298
                0x00006454        0x9 ./source/led_control/led_control.o
 *fill*         0x0000645d        0x3 ff
 .rodata        0x00006460       0x2a ./source/main.o
 *fill*         0x0000648a        0x2 ff
 .rodata.__func__.8284
                0x0000648c        0x5 ./source/main.o
 *fill*         0x00006491        0x3 ff
 .rodata.__func__.8289
                0x00006494       0x12 ./source/main.o
 *fill*         0x000064a6        0x2 ff
 .rodata        0x000064a8        0x5 ./freertos/tasks.o
 *fill*         0x000064ad        0x3 ff
 .rodata        0x000064b0        0xd ./freertos/timers.o
 *fill*         0x000064bd        0x3 ff
 .rodata.prvProcessReceivedCommands
                0x000064c0       0x28 ./freertos/timers.o
 .rodata        0x000064e8      0x11d ./drivers/fsl_clock.o
 *fill*         0x00006605        0x3 ff
 .rodata.fllFactorTable.5230
                0x00006608       0x10 ./drivers/fsl_clock.o
 .rodata        0x00006618      0x48c ./drivers/fsl_lpsci.o
 .rodata.s_uartBases
                0x00006aa4        0xc ./drivers/fsl_uart.o
 .rodata.s_uartClock
                0x00006ab0        0xc ./drivers/fsl_uart.o
 .rodata        0x00006abc      0x45b ./drivers/fsl_uart.o
 *fill*         0x00006f17        0x1 ff
 .rodata.mcgConfig_BOARD_BootClockRUN
                0x00006f18        0xa ./board/clock_config.o
                0x00006f18                mcgConfig_BOARD_BootClockRUN
 *fill*         0x00006f22        0x2 ff
 .rodata.simConfig_BOARD_BootClockRUN
                0x00006f24        0x8 ./board/clock_config.o
                0x00006f24                simConfig_BOARD_BootClockRUN
 .rodata.oscConfig_BOARD_BootClockRUN
                0x00006f2c        0x8 ./board/clock_config.o
                0x00006f2c                oscConfig_BOARD_BootClockRUN
 .rodata.__num_Ciob_streams
                0x00006f34        0x4 c:/nxp/mcuxpressoide_11.0.1_2563/ide/plugins/com.nxp.mcuxpresso.tools.win32_11.0.1.201907311258/tools/bin/../lib/gcc/arm-none-eabi/8.2.1/../../../../arm-none-eabi/lib/thumb/v6-m/nofp\libcr_nohost_nf.a(__ciob.o)
                0x00006f34                __num_Ciob_streams
 .rodata.__assertion_failed.str1.1
                0x00006f38       0x15 c:/nxp/mcuxpressoide_11.0.1_2563/ide/plugins/com.nxp.mcuxpresso.tools.win32_11.0.1.201907311258/tools/bin/../lib/gcc/arm-none-eabi/8.2.1/../../../../arm-none-eabi/lib/thumb/v6-m/nofp\libcr_nohost_nf.a(_cr_assert.o)
 .rodata._Csys_alloc.str1.1
                0x00006f4d       0x18 c:/nxp/mcuxpressoide_11.0.1_2563/ide/plugins/com.nxp.mcuxpresso.tools.win32_11.0.1.201907311258/tools/bin/../lib/gcc/arm-none-eabi/8.2.1/../../../../arm-none-eabi/lib/thumb/v6-m/nofp\libcr_c.a(alloc.o)
 .rodata._initio.str1.1
                0x00006f65        0x4 c:/nxp/mcuxpressoide_11.0.1_2563/ide/plugins/com.nxp.mcuxpresso.tools.win32_11.0.1.201907311258/tools/bin/../lib/gcc/arm-none-eabi/8.2.1/../../../../arm-none-eabi/lib/thumb/v6-m/nofp\libcr_c.a(initio.o)
 .rodata.__vfprintf.str1.1
                0x00006f69       0x35 c:/nxp/mcuxpressoide_11.0.1_2563/ide/plugins/com.nxp.mcuxpresso.tools.win32_11.0.1.201907311258/tools/bin/../lib/gcc/arm-none-eabi/8.2.1/../../../../arm-none-eabi/lib/thumb/v6-m/nofp\libcr_c.a(printf.o)
                                 0x38 (size before relaxing)
                0x00006fa0                . = ALIGN (0x4)
 *fill*         0x00006f9e        0x2 ff

.glue_7         0x00006fa0        0x0
 .glue_7        0x00006fa0        0x0 linker stubs

.glue_7t        0x00006fa0        0x0
 .glue_7t       0x00006fa0        0x0 linker stubs

.vfp11_veneer   0x00006fa0        0x0
 .vfp11_veneer  0x00006fa0        0x0 linker stubs

.v4_bx          0x00006fa0        0x0
 .v4_bx         0x00006fa0        0x0 linker stubs

.iplt           0x00006fa0        0x0
 .iplt          0x00006fa0        0x0 ./utilities/fsl_debug_console.o

.rel.dyn        0x00006fa0        0x0
 .rel.iplt      0x00006fa0        0x0 ./utilities/fsl_debug_console.o

.ARM.extab
 *(SORT_BY_ALIGNMENT(.ARM.extab*) SORT_BY_ALIGNMENT(.gnu.linkonce.armextab.*))
                0x00006fa0                __exidx_start = .

.ARM.exidx
 *(SORT_BY_ALIGNMENT(.ARM.exidx*) SORT_BY_ALIGNMENT(.gnu.linkonce.armexidx.*))
                0x00006fa0                __exidx_end = .
                0x00006fa0                _etext = .

.m_usb_data
 *(SORT_BY_ALIGNMENT(m_usb_bdt))

.mtb_buffer_default
                0x1ffff000       0x80
 *(SORT_BY_ALIGNMENT(.mtb*))
 .mtb.$RAM1     0x1ffff000       0x80 ./source/mtb.o
                0x1ffff000                __mtb_buffer__

.uninit_RESERVED
                0x1ffff080        0x0
                0x1ffff080                . = ALIGN (0x4)
 *(SORT_BY_ALIGNMENT(.bss.$RESERVED*))
                0x1ffff080                . = ALIGN (0x4)
                0x1ffff080                _end_uninit_RESERVED = .

.data           0x1ffff080       0x1c load address 0x00006fa0
 FILL mask 0xff
                0x1ffff080                _data = .
 *(SORT_BY_ALIGNMENT(vtable))
 *(SORT_BY_ALIGNMENT(.ramfunc*))
 *(SORT_BY_ALIGNMENT(CodeQuickAccess))
 *(SORT_BY_ALIGNMENT(DataQuickAccess))
 *(SORT_BY_ALIGNMENT(RamFunction))
 *(SORT_BY_ALIGNMENT(.data*))
 .data.red      0x1ffff080        0x4 ./source/logger/logger.o
                0x1ffff080                red
 .data.green    0x1ffff084        0x4 ./source/logger/logger.o
                0x1ffff084                green
 .data.blue     0x1ffff088        0x4 ./source/logger/logger.o
                0x1ffff088                blue
 .data.end      0x1ffff08c        0x4 ./source/logger/logger.o
                0x1ffff08c                end
 .data.uxCriticalNesting
                0x1ffff090        0x4 ./freertos/port.o
 .data.s_slowIrcFreq
                0x1ffff094        0x4 ./drivers/fsl_clock.o
 .data.SystemCoreClock
                0x1ffff098        0x4 ./CMSIS/system_MKL25Z4.o
                0x1ffff098                SystemCoreClock
                0x1ffff09c                . = ALIGN (0x4)
                0x1ffff09c                _edata = .

.igot.plt       0x1ffff09c        0x0 load address 0x00006fbc
 .igot.plt      0x1ffff09c        0x0 ./utilities/fsl_debug_console.o

.bss            0x1ffff09c     0x2af8 load address 0x00006fbc
                0x1ffff09c                . = ALIGN (0x4)
                0x1ffff09c                _bss = .
 *(SORT_BY_ALIGNMENT(.bss*))
 .bss.s_debugConsole
                0x1ffff09c       0x10 ./utilities/fsl_debug_console.o
 .bss.thisLogger
                0x1ffff0ac        0x1 ./source/logger/logger.o
                0x1ffff0ac                thisLogger
 *fill*         0x1ffff0ad        0x3 
 .bss.deciseconds
                0x1ffff0b0        0x4 ./source/logger/timestamp.o
                0x1ffff0b0                deciseconds
 .bss.buffer    0x1ffff0b4       0x64 ./source/main.o
                0x1ffff0b4                buffer
 .bss.xDACTimer
                0x1ffff118        0x4 ./source/main.o
                0x1ffff118                xDACTimer
 .bss.ucHeap    0x1ffff11c     0x2800 ./freertos/heap_4.o
 .bss.xStart    0x2000191c        0x8 ./freertos/heap_4.o
 .bss.pxEnd     0x20001924        0x4 ./freertos/heap_4.o
 .bss.xFreeBytesRemaining
                0x20001928        0x4 ./freertos/heap_4.o
 .bss.xMinimumEverFreeBytesRemaining
                0x2000192c        0x4 ./freertos/heap_4.o
 .bss.xBlockAllocatedBit
                0x20001930        0x4 ./freertos/heap_4.o
 .bss.xQueueRegistry
                0x20001934       0x40 ./freertos/queue.o
                0x20001934                xQueueRegistry
 .bss.pxCurrentTCB
                0x20001974        0x4 ./freertos/tasks.o
                0x20001974                pxCurrentTCB
 .bss.pxReadyTasksLists
                0x20001978       0x64 ./freertos/tasks.o
 .bss.xDelayedTaskList1
                0x200019dc       0x14 ./freertos/tasks.o
 .bss.xDelayedTaskList2
                0x200019f0       0x14 ./freertos/tasks.o
 .bss.pxDelayedTaskList
                0x20001a04        0x4 ./freertos/tasks.o
 .bss.pxOverflowDelayedTaskList
                0x20001a08        0x4 ./freertos/tasks.o
 .bss.xPendingReadyList
                0x20001a0c       0x14 ./freertos/tasks.o
 .bss.xTasksWaitingTermination
                0x20001a20       0x14 ./freertos/tasks.o
 .bss.uxDeletedTasksWaitingCleanUp
                0x20001a34        0x4 ./freertos/tasks.o
 .bss.xSuspendedTaskList
                0x20001a38       0x14 ./freertos/tasks.o
 .bss.uxCurrentNumberOfTasks
                0x20001a4c        0x4 ./freertos/tasks.o
 .bss.xTickCount
                0x20001a50        0x4 ./freertos/tasks.o
 .bss.uxTopReadyPriority
                0x20001a54        0x4 ./freertos/tasks.o
 .bss.xSchedulerRunning
                0x20001a58        0x4 ./freertos/tasks.o
 .bss.uxPendedTicks
                0x20001a5c        0x4 ./freertos/tasks.o
 .bss.xYieldPending
                0x20001a60        0x4 ./freertos/tasks.o
 .bss.xNumOfOverflows
                0x20001a64        0x4 ./freertos/tasks.o
 .bss.uxTaskNumber
                0x20001a68        0x4 ./freertos/tasks.o
 .bss.xNextTaskUnblockTime
                0x20001a6c        0x4 ./freertos/tasks.o
 .bss.xIdleTaskHandle
                0x20001a70        0x4 ./freertos/tasks.o
 .bss.uxSchedulerSuspended
                0x20001a74        0x4 ./freertos/tasks.o
 .bss.xActiveTimerList1
                0x20001a78       0x14 ./freertos/timers.o
 .bss.xActiveTimerList2
                0x20001a8c       0x14 ./freertos/timers.o
 .bss.pxCurrentTimerList
                0x20001aa0        0x4 ./freertos/timers.o
 .bss.pxOverflowTimerList
                0x20001aa4        0x4 ./freertos/timers.o
 .bss.xTimerQueue
                0x20001aa8        0x4 ./freertos/timers.o
 .bss.xTimerTaskHandle
                0x20001aac        0x4 ./freertos/timers.o
 .bss.xLastTime.4575
                0x20001ab0        0x4 ./freertos/timers.o
 .bss.g_xtal0Freq
                0x20001ab4        0x4 ./drivers/fsl_clock.o
                0x20001ab4                g_xtal0Freq
 .bss.s_lpsciHandle
                0x20001ab8        0x4 ./drivers/fsl_lpsci.o
 .bss.s_lpsciIsr
                0x20001abc        0x4 ./drivers/fsl_lpsci.o
 .bss.s_uartHandle
                0x20001ac0        0xc ./drivers/fsl_uart.o
 .bss.s_uartIsr
                0x20001acc        0x4 ./drivers/fsl_uart.o
 .bss.__Ciob    0x20001ad0       0xb4 c:/nxp/mcuxpressoide_11.0.1_2563/ide/plugins/com.nxp.mcuxpresso.tools.win32_11.0.1.201907311258/tools/bin/../lib/gcc/arm-none-eabi/8.2.1/../../../../arm-none-eabi/lib/thumb/v6-m/nofp\libcr_nohost_nf.a(__ciob.o)
                0x20001ad0                __Ciob
 .bss.__end_of_heap
                0x20001b84        0x4 c:/nxp/mcuxpressoide_11.0.1_2563/ide/plugins/com.nxp.mcuxpresso.tools.win32_11.0.1.201907311258/tools/bin/../lib/gcc/arm-none-eabi/8.2.1/../../../../arm-none-eabi/lib/thumb/v6-m/nofp\libcr_c.a(__init_alloc.o)
                0x20001b84                __end_of_heap
 .bss.__heaps   0x20001b88        0x4 c:/nxp/mcuxpressoide_11.0.1_2563/ide/plugins/com.nxp.mcuxpresso.tools.win32_11.0.1.201907311258/tools/bin/../lib/gcc/arm-none-eabi/8.2.1/../../../../arm-none-eabi/lib/thumb/v6-m/nofp\libcr_c.a(__init_alloc.o)
                0x20001b88                __heaps
 .bss.errno     0x20001b8c        0x4 c:/nxp/mcuxpressoide_11.0.1_2563/ide/plugins/com.nxp.mcuxpresso.tools.win32_11.0.1.201907311258/tools/bin/../lib/gcc/arm-none-eabi/8.2.1/../../../../arm-none-eabi/lib/thumb/v6-m/nofp\libcr_c.a(errno.o)
                0x20001b8c                errno
 .bss.dac_index
                0x20001b90        0x1 ./source/main.o
                0x20001b90                dac_index
 *(SORT_BY_ALIGNMENT(COMMON))
                0x20001b94                . = ALIGN (0x4)
 *fill*         0x20001b91        0x3 
                0x20001b94                _ebss = .
                [!provide]                PROVIDE (end = .)

.noinit         0x20001b94        0x0 load address 0x00006fbc
                0x20001b94                . = ALIGN (0x4)
                0x20001b94                _noinit = .
 *(SORT_BY_ALIGNMENT(.noinit*))
                0x20001b94                . = ALIGN (0x4)
                0x20001b94                _end_noinit = .
                0x00000400                _HeapSize = 0x400

.heap           0x20001b94      0x400 load address 0x00006fbc
                0x20001b94                _pvHeapStart = .
                0x20001f94                . = (. + _HeapSize)
 *fill*         0x20001b94      0x400 
                0x20001f94                . = ALIGN (0x4)
                0x20001f94                _pvHeapLimit = .
                0x00000400                _StackSize = 0x400

.heap2stackfill
                0x20001f94      0x400 load address 0x00006fbc
                0x20002394                . = (. + _StackSize)
 *fill*         0x20001f94      0x400 

.stack          0x20002c00        0x0
                0x20002c00                _vStackBase = .
                0x20002c00                . = ALIGN (0x4)
                0x20003000                _vStackTop = (. + _StackSize)
                0x00000000                _image_start = LOADADDR (.text)
                0x00006fbc                _image_end = (LOADADDR (.data) + SIZEOF (.data))
                0x00006fbc                _image_size = (_image_end - _image_start)
OUTPUT(pes_project_6.axf elf32-littlearm)

.debug_info     0x00000000     0xc8a5
 .debug_info    0x00000000      0xa38 ./utilities/fsl_debug_console.o
 .debug_info    0x00000a38      0x4df ./startup/startup_mkl25z4.o
 .debug_info    0x00000f17      0x108 ./source/lookup_generator/lookup.o
 .debug_info    0x0000101f      0x4d8 ./source/logger/logger.o
 .debug_info    0x000014f7      0x1dd ./source/logger/timestamp.o
 .debug_info    0x000016d4      0x6fc ./source/led_control/led_control.o
 .debug_info    0x00001dd0      0x44d ./source/dac/dac.o
 .debug_info    0x0000221d      0x90b ./source/main.o
 .debug_info    0x00002b28       0x53 ./source/mtb.o
 .debug_info    0x00002b7b       0x3c ./source/semihost_hardfault.o
 .debug_info    0x00002bb7       0xec ./freertos/fsl_tickless_lptmr.o
 .debug_info    0x00002ca3      0x334 ./freertos/heap_4.o
 .debug_info    0x00002fd7      0x2eb ./freertos/list.o
 .debug_info    0x000032c2      0x27a ./freertos/port.o
 .debug_info    0x0000353c      0xefb ./freertos/queue.o
 .debug_info    0x00004437     0x18af ./freertos/tasks.o
 .debug_info    0x00005ce6      0xb92 ./freertos/timers.o
 .debug_info    0x00006878     0x1a97 ./drivers/fsl_clock.o
 .debug_info    0x0000830f     0x1469 ./drivers/fsl_lpsci.o
 .debug_info    0x00009778     0x140a ./drivers/fsl_uart.o
 .debug_info    0x0000ab82      0x80b ./board/board.o
 .debug_info    0x0000b38d      0xb00 ./board/clock_config.o
 .debug_info    0x0000be8d       0x3c ./board/peripherals.o
 .debug_info    0x0000bec9      0x5a3 ./board/pin_mux.o
 .debug_info    0x0000c46c      0x439 ./CMSIS/system_MKL25Z4.o

.debug_abbrev   0x00000000     0x29e1
 .debug_abbrev  0x00000000      0x22c ./utilities/fsl_debug_console.o
 .debug_abbrev  0x0000022c      0x18d ./startup/startup_mkl25z4.o
 .debug_abbrev  0x000003b9       0xc5 ./source/lookup_generator/lookup.o
 .debug_abbrev  0x0000047e      0x1fd ./source/logger/logger.o
 .debug_abbrev  0x0000067b      0x130 ./source/logger/timestamp.o
 .debug_abbrev  0x000007ab      0x1d3 ./source/led_control/led_control.o
 .debug_abbrev  0x0000097e      0x147 ./source/dac/dac.o
 .debug_abbrev  0x00000ac5      0x1eb ./source/main.o
 .debug_abbrev  0x00000cb0       0x46 ./source/mtb.o
 .debug_abbrev  0x00000cf6       0x31 ./source/semihost_hardfault.o
 .debug_abbrev  0x00000d27       0x9a ./freertos/fsl_tickless_lptmr.o
 .debug_abbrev  0x00000dc1      0x1a7 ./freertos/heap_4.o
 .debug_abbrev  0x00000f68      0x126 ./freertos/list.o
 .debug_abbrev  0x0000108e      0x1b3 ./freertos/port.o
 .debug_abbrev  0x00001241      0x214 ./freertos/queue.o
 .debug_abbrev  0x00001455      0x2c3 ./freertos/tasks.o
 .debug_abbrev  0x00001718      0x225 ./freertos/timers.o
 .debug_abbrev  0x0000193d      0x36f ./drivers/fsl_clock.o
 .debug_abbrev  0x00001cac      0x309 ./drivers/fsl_lpsci.o
 .debug_abbrev  0x00001fb5      0x323 ./drivers/fsl_uart.o
 .debug_abbrev  0x000022d8      0x1a7 ./board/board.o
 .debug_abbrev  0x0000247f      0x220 ./board/clock_config.o
 .debug_abbrev  0x0000269f       0x31 ./board/peripherals.o
 .debug_abbrev  0x000026d0      0x1bb ./board/pin_mux.o
 .debug_abbrev  0x0000288b      0x156 ./CMSIS/system_MKL25Z4.o

.debug_aranges  0x00000000      0xd18
 .debug_aranges
                0x00000000       0x58 ./utilities/fsl_debug_console.o
 .debug_aranges
                0x00000058      0x160 ./startup/startup_mkl25z4.o
 .debug_aranges
                0x000001b8       0x20 ./source/lookup_generator/lookup.o
 .debug_aranges
                0x000001d8       0x38 ./source/logger/logger.o
 .debug_aranges
                0x00000210       0x30 ./source/logger/timestamp.o
 .debug_aranges
                0x00000240       0x38 ./source/led_control/led_control.o
 .debug_aranges
                0x00000278       0x28 ./source/dac/dac.o
 .debug_aranges
                0x000002a0       0x28 ./source/main.o
 .debug_aranges
                0x000002c8       0x18 ./source/mtb.o
 .debug_aranges
                0x000002e0       0x20 ./source/semihost_hardfault.o
 .debug_aranges
                0x00000300       0x20 ./freertos/fsl_tickless_lptmr.o
 .debug_aranges
                0x00000320       0x50 ./freertos/heap_4.o
 .debug_aranges
                0x00000370       0x40 ./freertos/list.o
 .debug_aranges
                0x000003b0       0x80 ./freertos/port.o
 .debug_aranges
                0x00000430      0x118 ./freertos/queue.o
 .debug_aranges
                0x00000548      0x1e8 ./freertos/tasks.o
 .debug_aranges
                0x00000730       0xc8 ./freertos/timers.o
 .debug_aranges
                0x000007f8      0x1d8 ./drivers/fsl_clock.o
 .debug_aranges
                0x000009d0      0x118 ./drivers/fsl_lpsci.o
 .debug_aranges
                0x00000ae8      0x130 ./drivers/fsl_uart.o
 .debug_aranges
                0x00000c18       0x28 ./board/board.o
 .debug_aranges
                0x00000c40       0x58 ./board/clock_config.o
 .debug_aranges
                0x00000c98       0x20 ./board/peripherals.o
 .debug_aranges
                0x00000cb8       0x38 ./board/pin_mux.o
 .debug_aranges
                0x00000cf0       0x28 ./CMSIS/system_MKL25Z4.o

.debug_ranges   0x00000000      0xb80
 .debug_ranges  0x00000000       0x48 ./utilities/fsl_debug_console.o
 .debug_ranges  0x00000048      0x150 ./startup/startup_mkl25z4.o
 .debug_ranges  0x00000198       0x10 ./source/lookup_generator/lookup.o
 .debug_ranges  0x000001a8       0x28 ./source/logger/logger.o
 .debug_ranges  0x000001d0       0x20 ./source/logger/timestamp.o
 .debug_ranges  0x000001f0       0x28 ./source/led_control/led_control.o
 .debug_ranges  0x00000218       0x18 ./source/dac/dac.o
 .debug_ranges  0x00000230       0x18 ./source/main.o
 .debug_ranges  0x00000248       0x10 ./source/semihost_hardfault.o
 .debug_ranges  0x00000258       0x10 ./freertos/fsl_tickless_lptmr.o
 .debug_ranges  0x00000268       0x40 ./freertos/heap_4.o
 .debug_ranges  0x000002a8       0x30 ./freertos/list.o
 .debug_ranges  0x000002d8       0x70 ./freertos/port.o
 .debug_ranges  0x00000348      0x108 ./freertos/queue.o
 .debug_ranges  0x00000450      0x1d8 ./freertos/tasks.o
 .debug_ranges  0x00000628       0xb8 ./freertos/timers.o
 .debug_ranges  0x000006e0      0x1c8 ./drivers/fsl_clock.o
 .debug_ranges  0x000008a8      0x108 ./drivers/fsl_lpsci.o
 .debug_ranges  0x000009b0      0x120 ./drivers/fsl_uart.o
 .debug_ranges  0x00000ad0       0x18 ./board/board.o
 .debug_ranges  0x00000ae8       0x48 ./board/clock_config.o
 .debug_ranges  0x00000b30       0x10 ./board/peripherals.o
 .debug_ranges  0x00000b40       0x28 ./board/pin_mux.o
 .debug_ranges  0x00000b68       0x18 ./CMSIS/system_MKL25Z4.o

.debug_macro    0x00000000     0xa4c2
 .debug_macro   0x00000000      0x13a ./utilities/fsl_debug_console.o
 .debug_macro   0x0000013a      0xac6 ./utilities/fsl_debug_console.o
 .debug_macro   0x00000c00       0x10 ./utilities/fsl_debug_console.o
 .debug_macro   0x00000c10       0x16 ./utilities/fsl_debug_console.o
 .debug_macro   0x00000c26       0x10 ./utilities/fsl_debug_console.o
 .debug_macro   0x00000c36      0x12e ./utilities/fsl_debug_console.o
 .debug_macro   0x00000d64       0x28 ./utilities/fsl_debug_console.o
 .debug_macro   0x00000d8c       0xc4 ./utilities/fsl_debug_console.o
 .debug_macro   0x00000e50       0x16 ./utilities/fsl_debug_console.o
 .debug_macro   0x00000e66       0x22 ./utilities/fsl_debug_console.o
 .debug_macro   0x00000e88      0x5b3 ./utilities/fsl_debug_console.o
 .debug_macro   0x0000143b       0x10 ./utilities/fsl_debug_console.o
 .debug_macro   0x0000144b       0x3f ./utilities/fsl_debug_console.o
 .debug_macro   0x0000148a       0x3a ./utilities/fsl_debug_console.o
 .debug_macro   0x000014c4       0x26 ./utilities/fsl_debug_console.o
 .debug_macro   0x000014ea      0x329 ./utilities/fsl_debug_console.o
 .debug_macro   0x00001813       0x30 ./utilities/fsl_debug_console.o
 .debug_macro   0x00001843     0x51e2 ./utilities/fsl_debug_console.o
 .debug_macro   0x00006a25     0x1352 ./utilities/fsl_debug_console.o
 .debug_macro   0x00007d77       0x3a ./utilities/fsl_debug_console.o
 .debug_macro   0x00007db1       0xf4 ./utilities/fsl_debug_console.o
 .debug_macro   0x00007ea5       0x35 ./utilities/fsl_debug_console.o
 .debug_macro   0x00007eda       0xd2 ./utilities/fsl_debug_console.o
 .debug_macro   0x00007fac       0x2e ./utilities/fsl_debug_console.o
 .debug_macro   0x00007fda       0x10 ./utilities/fsl_debug_console.o
 .debug_macro   0x00007fea       0x10 ./utilities/fsl_debug_console.o
 .debug_macro   0x00007ffa       0x29 ./startup/startup_mkl25z4.o
 .debug_macro   0x00008023       0xa1 ./source/lookup_generator/lookup.o
 .debug_macro   0x000080c4       0x12 ./source/lookup_generator/lookup.o
 .debug_macro   0x000080d6       0x12 ./source/lookup_generator/lookup.o
 .debug_macro   0x000080e8       0xe4 ./source/lookup_generator/lookup.o
 .debug_macro   0x000081cc      0x150 ./source/logger/logger.o
 .debug_macro   0x0000831c       0xd8 ./source/logger/logger.o
 .debug_macro   0x000083f4       0x1c ./source/logger/logger.o
 .debug_macro   0x00008410       0x10 ./source/logger/logger.o
 .debug_macro   0x00008420      0x18b ./source/logger/logger.o
 .debug_macro   0x000085ab      0x168 ./source/logger/logger.o
 .debug_macro   0x00008713       0xb6 ./source/logger/logger.o
 .debug_macro   0x000087c9       0x10 ./source/logger/logger.o
 .debug_macro   0x000087d9       0x1f ./source/logger/logger.o
 .debug_macro   0x000087f8      0x361 ./source/logger/logger.o
 .debug_macro   0x00008b59       0xc0 ./source/logger/logger.o
 .debug_macro   0x00008c19       0x8c ./source/logger/logger.o
 .debug_macro   0x00008ca5       0x94 ./source/logger/logger.o
 .debug_macro   0x00008d39       0x91 ./source/logger/logger.o
 .debug_macro   0x00008dca      0x126 ./source/logger/timestamp.o
 .debug_macro   0x00008ef0       0x34 ./source/logger/timestamp.o
 .debug_macro   0x00008f24       0x16 ./source/logger/timestamp.o
 .debug_macro   0x00008f3a      0x15f ./source/led_control/led_control.o
 .debug_macro   0x00009099       0x16 ./source/led_control/led_control.o
 .debug_macro   0x000090af       0x8c ./source/dac/dac.o
 .debug_macro   0x0000913b      0x251 ./source/main.o
 .debug_macro   0x0000938c       0x16 ./source/main.o
 .debug_macro   0x000093a2       0x10 ./source/main.o
 .debug_macro   0x000093b2      0x112 ./source/main.o
 .debug_macro   0x000094c4       0x34 ./source/main.o
 .debug_macro   0x000094f8       0x2f ./source/mtb.o
 .debug_macro   0x00009527       0x82 ./source/mtb.o
 .debug_macro   0x000095a9       0x10 ./source/mtb.o
 .debug_macro   0x000095b9       0x11 ./source/semihost_hardfault.o
 .debug_macro   0x000095ca       0xbd ./freertos/fsl_tickless_lptmr.o
 .debug_macro   0x00009687       0x8e ./freertos/fsl_tickless_lptmr.o
 .debug_macro   0x00009715       0xe0 ./freertos/heap_4.o
 .debug_macro   0x000097f5       0xb9 ./freertos/list.o
 .debug_macro   0x000098ae       0xcf ./freertos/port.o
 .debug_macro   0x0000997d      0x122 ./freertos/queue.o
 .debug_macro   0x00009a9f      0x182 ./freertos/tasks.o
 .debug_macro   0x00009c21       0x11 ./freertos/tasks.o
 .debug_macro   0x00009c32       0xec ./freertos/timers.o
 .debug_macro   0x00009d1e      0x196 ./drivers/fsl_clock.o
 .debug_macro   0x00009eb4       0x1c ./drivers/fsl_clock.o
 .debug_macro   0x00009ed0       0xec ./drivers/fsl_lpsci.o
 .debug_macro   0x00009fbc       0xf2 ./drivers/fsl_uart.o
 .debug_macro   0x0000a0ae      0x12b ./board/board.o
 .debug_macro   0x0000a1d9      0x123 ./board/clock_config.o
 .debug_macro   0x0000a2fc       0x1b ./board/peripherals.o
 .debug_macro   0x0000a317      0x107 ./board/pin_mux.o
 .debug_macro   0x0000a41e       0x10 ./board/pin_mux.o
 .debug_macro   0x0000a42e       0x94 ./CMSIS/system_MKL25Z4.o

.debug_line     0x00000000     0x8bbf
 .debug_line    0x00000000      0x473 ./utilities/fsl_debug_console.o
 .debug_line    0x00000473      0x1e7 ./startup/startup_mkl25z4.o
 .debug_line    0x0000065a      0x25f ./source/lookup_generator/lookup.o
 .debug_line    0x000008b9      0x374 ./source/logger/logger.o
 .debug_line    0x00000c2d      0x312 ./source/logger/timestamp.o
 .debug_line    0x00000f3f      0x3bc ./source/led_control/led_control.o
 .debug_line    0x000012fb      0x226 ./source/dac/dac.o
 .debug_line    0x00001521      0x4da ./source/main.o
 .debug_line    0x000019fb       0xd1 ./source/mtb.o
 .debug_line    0x00001acc       0x5a ./source/semihost_hardfault.o
 .debug_line    0x00001b26      0x255 ./freertos/fsl_tickless_lptmr.o
 .debug_line    0x00001d7b      0x490 ./freertos/heap_4.o
 .debug_line    0x0000220b      0x319 ./freertos/list.o
 .debug_line    0x00002524      0x3c8 ./freertos/port.o
 .debug_line    0x000028ec      0xc90 ./freertos/queue.o
 .debug_line    0x0000357c     0x1527 ./freertos/tasks.o
 .debug_line    0x00004aa3      0x722 ./freertos/timers.o
 .debug_line    0x000051c5     0x12b1 ./drivers/fsl_clock.o
 .debug_line    0x00006476      0xd32 ./drivers/fsl_lpsci.o
 .debug_line    0x000071a8      0xd21 ./drivers/fsl_uart.o
 .debug_line    0x00007ec9      0x2ee ./board/board.o
 .debug_line    0x000081b7      0x373 ./board/clock_config.o
 .debug_line    0x0000852a       0x5c ./board/peripherals.o
 .debug_line    0x00008586      0x2fa ./board/pin_mux.o
 .debug_line    0x00008880      0x33f ./CMSIS/system_MKL25Z4.o

.debug_str      0x00000000    0x3d192
 .debug_str     0x00000000    0x3160d ./utilities/fsl_debug_console.o
                              0x3187a (size before relaxing)
 .debug_str     0x0003160d      0x3b6 ./startup/startup_mkl25z4.o
                               0x320e (size before relaxing)
 .debug_str     0x000319c3      0x6cc ./source/lookup_generator/lookup.o
                               0x52ce (size before relaxing)
 .debug_str     0x0003208f     0x4492 ./source/logger/logger.o
                              0x2d614 (size before relaxing)
 .debug_str     0x00036521       0x6d ./source/logger/timestamp.o
                              0x2d159 (size before relaxing)
 .debug_str     0x0003658e      0x1e7 ./source/led_control/led_control.o
                              0x2d737 (size before relaxing)
 .debug_str     0x00036775       0x44 ./source/dac/dac.o
                              0x28eb5 (size before relaxing)
 .debug_str     0x000367b9      0xdec ./source/main.o
                              0x36c8c (size before relaxing)
 .debug_str     0x000375a5      0x532 ./source/mtb.o
                               0x331a (size before relaxing)
 .debug_str     0x00037ad7       0x1f ./source/semihost_hardfault.o
                               0x2e07 (size before relaxing)
 .debug_str     0x00037af6      0x43c ./freertos/fsl_tickless_lptmr.o
                               0x7c83 (size before relaxing)
 .debug_str     0x00037f32      0x27e ./freertos/heap_4.o
                               0x7b1e (size before relaxing)
 .debug_str     0x000381b0      0x12a ./freertos/list.o
                               0x743b (size before relaxing)
 .debug_str     0x000382da      0x188 ./freertos/port.o
                               0x7e2a (size before relaxing)
 .debug_str     0x00038462      0x75b ./freertos/queue.o
                               0x8997 (size before relaxing)
 .debug_str     0x00038bbd     0x130a ./freertos/tasks.o
                               0x9608 (size before relaxing)
 .debug_str     0x00039ec7      0x4c6 ./freertos/timers.o
                               0x8ee2 (size before relaxing)
 .debug_str     0x0003a38d     0x14d7 ./drivers/fsl_clock.o
                              0x32315 (size before relaxing)
 .debug_str     0x0003b864      0xb4f ./drivers/fsl_lpsci.o
                              0x3191d (size before relaxing)
 .debug_str     0x0003c3b3      0x832 ./drivers/fsl_uart.o
                              0x31940 (size before relaxing)
 .debug_str     0x0003cbe5       0x4c ./board/board.o
                              0x3178d (size before relaxing)
 .debug_str     0x0003cc31      0x300 ./board/clock_config.o
                              0x31243 (size before relaxing)
 .debug_str     0x0003cf31       0x31 ./board/peripherals.o
                               0x2e18 (size before relaxing)
 .debug_str     0x0003cf62      0x1e1 ./board/pin_mux.o
                              0x309a6 (size before relaxing)
 .debug_str     0x0003d143       0x4f ./CMSIS/system_MKL25Z4.o
                              0x2fc7f (size before relaxing)

.comment        0x00000000       0x75
 .comment       0x00000000       0x75 ./utilities/fsl_debug_console.o
                                 0x76 (size before relaxing)
 .comment       0x00000075       0x76 ./startup/startup_mkl25z4.o
 .comment       0x00000075       0x76 ./source/lookup_generator/lookup.o
 .comment       0x00000075       0x76 ./source/logger/logger.o
 .comment       0x00000075       0x76 ./source/logger/timestamp.o
 .comment       0x00000075       0x76 ./source/led_control/led_control.o
 .comment       0x00000075       0x76 ./source/dac/dac.o
 .comment       0x00000075       0x76 ./source/main.o
 .comment       0x00000075       0x76 ./source/mtb.o
 .comment       0x00000075       0x76 ./source/semihost_hardfault.o
 .comment       0x00000075       0x76 ./freertos/fsl_tickless_lptmr.o
 .comment       0x00000075       0x76 ./freertos/heap_4.o
 .comment       0x00000075       0x76 ./freertos/list.o
 .comment       0x00000075       0x76 ./freertos/port.o
 .comment       0x00000075       0x76 ./freertos/queue.o
 .comment       0x00000075       0x76 ./freertos/tasks.o
 .comment       0x00000075       0x76 ./freertos/timers.o
 .comment       0x00000075       0x76 ./drivers/fsl_clock.o
 .comment       0x00000075       0x76 ./drivers/fsl_lpsci.o
 .comment       0x00000075       0x76 ./drivers/fsl_uart.o
 .comment       0x00000075       0x76 ./board/board.o
 .comment       0x00000075       0x76 ./board/clock_config.o
 .comment       0x00000075       0x76 ./board/peripherals.o
 .comment       0x00000075       0x76 ./board/pin_mux.o
 .comment       0x00000075       0x76 ./CMSIS/system_MKL25Z4.o
 .comment       0x00000075       0x76 c:/nxp/mcuxpressoide_11.0.1_2563/ide/plugins/com.nxp.mcuxpresso.tools.win32_11.0.1.201907311258/tools/bin/../lib/gcc/arm-none-eabi/8.2.1/../../../../arm-none-eabi/lib/thumb/v6-m/nofp\libcr_nohost_nf.a(_cr__main.o)
 .comment       0x00000075       0x76 c:/nxp/mcuxpressoide_11.0.1_2563/ide/plugins/com.nxp.mcuxpresso.tools.win32_11.0.1.201907311258/tools/bin/../lib/gcc/arm-none-eabi/8.2.1/../../../../arm-none-eabi/lib/thumb/v6-m/nofp\libcr_nohost_nf.a(_cr_assert.o)
 .comment       0x00000075       0x76 c:/nxp/mcuxpressoide_11.0.1_2563/ide/plugins/com.nxp.mcuxpresso.tools.win32_11.0.1.201907311258/tools/bin/../lib/gcc/arm-none-eabi/8.2.1/../../../../arm-none-eabi/lib/thumb/v6-m/nofp\libcr_nohost_nf.a(__ciob.o)
 .comment       0x00000075       0x76 c:/nxp/mcuxpressoide_11.0.1_2563/ide/plugins/com.nxp.mcuxpresso.tools.win32_11.0.1.201907311258/tools/bin/../lib/gcc/arm-none-eabi/8.2.1/../../../../arm-none-eabi/lib/thumb/v6-m/nofp\libcr_nohost_nf.a(__sys_appexit.o)
 .comment       0x00000075       0x76 c:/nxp/mcuxpressoide_11.0.1_2563/ide/plugins/com.nxp.mcuxpresso.tools.win32_11.0.1.201907311258/tools/bin/../lib/gcc/arm-none-eabi/8.2.1/../../../../arm-none-eabi/lib/thumb/v6-m/nofp\libcr_c.a(memcpy.o)
 .comment       0x00000075       0x76 c:/nxp/mcuxpressoide_11.0.1_2563/ide/plugins/com.nxp.mcuxpresso.tools.win32_11.0.1.201907311258/tools/bin/../lib/gcc/arm-none-eabi/8.2.1/../../../../arm-none-eabi/lib/thumb/v6-m/nofp\libcr_c.a(memset.o)
 .comment       0x00000075       0x76 c:/nxp/mcuxpressoide_11.0.1_2563/ide/plugins/com.nxp.mcuxpresso.tools.win32_11.0.1.201907311258/tools/bin/../lib/gcc/arm-none-eabi/8.2.1/../../../../arm-none-eabi/lib/thumb/v6-m/nofp\libcr_c.a(_deferredlazyseek.o)
 .comment       0x00000075       0x76 c:/nxp/mcuxpressoide_11.0.1_2563/ide/plugins/com.nxp.mcuxpresso.tools.win32_11.0.1.201907311258/tools/bin/../lib/gcc/arm-none-eabi/8.2.1/../../../../arm-none-eabi/lib/thumb/v6-m/nofp\libcr_c.a(_fflush.o)
 .comment       0x00000075       0x76 c:/nxp/mcuxpressoide_11.0.1_2563/ide/plugins/com.nxp.mcuxpresso.tools.win32_11.0.1.201907311258/tools/bin/../lib/gcc/arm-none-eabi/8.2.1/../../../../arm-none-eabi/lib/thumb/v6-m/nofp\libcr_c.a(_writebuf.o)
 .comment       0x00000075       0x76 c:/nxp/mcuxpressoide_11.0.1_2563/ide/plugins/com.nxp.mcuxpresso.tools.win32_11.0.1.201907311258/tools/bin/../lib/gcc/arm-none-eabi/8.2.1/../../../../arm-none-eabi/lib/thumb/v6-m/nofp\libcr_c.a(alloc.o)
 .comment       0x00000075       0x76 c:/nxp/mcuxpressoide_11.0.1_2563/ide/plugins/com.nxp.mcuxpresso.tools.win32_11.0.1.201907311258/tools/bin/../lib/gcc/arm-none-eabi/8.2.1/../../../../arm-none-eabi/lib/thumb/v6-m/nofp\libcr_c.a(fputs.o)
 .comment       0x00000075       0x76 c:/nxp/mcuxpressoide_11.0.1_2563/ide/plugins/com.nxp.mcuxpresso.tools.win32_11.0.1.201907311258/tools/bin/../lib/gcc/arm-none-eabi/8.2.1/../../../../arm-none-eabi/lib/thumb/v6-m/nofp\libcr_c.a(fseek.o)
 .comment       0x00000075       0x76 c:/nxp/mcuxpressoide_11.0.1_2563/ide/plugins/com.nxp.mcuxpresso.tools.win32_11.0.1.201907311258/tools/bin/../lib/gcc/arm-none-eabi/8.2.1/../../../../arm-none-eabi/lib/thumb/v6-m/nofp\libcr_c.a(ftell.o)
 .comment       0x00000075       0x76 c:/nxp/mcuxpressoide_11.0.1_2563/ide/plugins/com.nxp.mcuxpresso.tools.win32_11.0.1.201907311258/tools/bin/../lib/gcc/arm-none-eabi/8.2.1/../../../../arm-none-eabi/lib/thumb/v6-m/nofp\libcr_c.a(initio.o)
 .comment       0x00000075       0x76 c:/nxp/mcuxpressoide_11.0.1_2563/ide/plugins/com.nxp.mcuxpresso.tools.win32_11.0.1.201907311258/tools/bin/../lib/gcc/arm-none-eabi/8.2.1/../../../../arm-none-eabi/lib/thumb/v6-m/nofp\libcr_c.a(printf.o)
 .comment       0x00000075       0x76 c:/nxp/mcuxpressoide_11.0.1_2563/ide/plugins/com.nxp.mcuxpresso.tools.win32_11.0.1.201907311258/tools/bin/../lib/gcc/arm-none-eabi/8.2.1/../../../../arm-none-eabi/lib/thumb/v6-m/nofp\libcr_c.a(setvbuf.o)
 .comment       0x00000075       0x76 c:/nxp/mcuxpressoide_11.0.1_2563/ide/plugins/com.nxp.mcuxpresso.tools.win32_11.0.1.201907311258/tools/bin/../lib/gcc/arm-none-eabi/8.2.1/../../../../arm-none-eabi/lib/thumb/v6-m/nofp\libcr_c.a(sin.o)
 .comment       0x00000075       0x76 c:/nxp/mcuxpressoide_11.0.1_2563/ide/plugins/com.nxp.mcuxpresso.tools.win32_11.0.1.201907311258/tools/bin/../lib/gcc/arm-none-eabi/8.2.1/../../../../arm-none-eabi/lib/thumb/v6-m/nofp\libcr_c.a(strlen.o)
 .comment       0x00000075       0x76 c:/nxp/mcuxpressoide_11.0.1_2563/ide/plugins/com.nxp.mcuxpresso.tools.win32_11.0.1.201907311258/tools/bin/../lib/gcc/arm-none-eabi/8.2.1/../../../../arm-none-eabi/lib/thumb/v6-m/nofp\libcr_c.a(__init_alloc.o)
 .comment       0x00000075       0x76 c:/nxp/mcuxpressoide_11.0.1_2563/ide/plugins/com.nxp.mcuxpresso.tools.win32_11.0.1.201907311258/tools/bin/../lib/gcc/arm-none-eabi/8.2.1/../../../../arm-none-eabi/lib/thumb/v6-m/nofp\libcr_c.a(_cr_sbrk.o)
 .comment       0x00000075       0x76 c:/nxp/mcuxpressoide_11.0.1_2563/ide/plugins/com.nxp.mcuxpresso.tools.win32_11.0.1.201907311258/tools/bin/../lib/gcc/arm-none-eabi/8.2.1/../../../../arm-none-eabi/lib/thumb/v6-m/nofp\libcr_c.a(_fdopen.o)
 .comment       0x00000075       0x76 c:/nxp/mcuxpressoide_11.0.1_2563/ide/plugins/com.nxp.mcuxpresso.tools.win32_11.0.1.201907311258/tools/bin/../lib/gcc/arm-none-eabi/8.2.1/../../../../arm-none-eabi/lib/thumb/v6-m/nofp\libcr_c.a(_sincos.o)
 .comment       0x00000075       0x76 c:/nxp/mcuxpressoide_11.0.1_2563/ide/plugins/com.nxp.mcuxpresso.tools.win32_11.0.1.201907311258/tools/bin/../lib/gcc/arm-none-eabi/8.2.1/../../../../arm-none-eabi/lib/thumb/v6-m/nofp\libcr_c.a(errno.o)
 .comment       0x00000075       0x76 c:/nxp/mcuxpressoide_11.0.1_2563/ide/plugins/com.nxp.mcuxpresso.tools.win32_11.0.1.201907311258/tools/bin/../lib/gcc/arm-none-eabi/8.2.1/../../../../arm-none-eabi/lib/thumb/v6-m/nofp\libcr_c.a(fabs.o)
 .comment       0x00000075       0x76 c:/nxp/mcuxpressoide_11.0.1_2563/ide/plugins/com.nxp.mcuxpresso.tools.win32_11.0.1.201907311258/tools/bin/../lib/gcc/arm-none-eabi/8.2.1/../../../../arm-none-eabi/lib/thumb/v6-m/nofp\libcr_c.a(fclose.o)
 .comment       0x00000075       0x76 c:/nxp/mcuxpressoide_11.0.1_2563/ide/plugins/com.nxp.mcuxpresso.tools.win32_11.0.1.201907311258/tools/bin/../lib/gcc/arm-none-eabi/8.2.1/../../../../arm-none-eabi/lib/thumb/v6-m/nofp\libcr_c.a(fflush.o)
 .comment       0x00000075       0x76 c:/nxp/mcuxpressoide_11.0.1_2563/ide/plugins/com.nxp.mcuxpresso.tools.win32_11.0.1.201907311258/tools/bin/../lib/gcc/arm-none-eabi/8.2.1/../../../../arm-none-eabi/lib/thumb/v6-m/nofp\libcr_c.a(remove.o)
 .comment       0x00000075       0x76 c:/nxp/mcuxpressoide_11.0.1_2563/ide/plugins/com.nxp.mcuxpresso.tools.win32_11.0.1.201907311258/tools/bin/../lib/gcc/arm-none-eabi/8.2.1/../../../../arm-none-eabi/lib/thumb/v6-m/nofp\libcr_c.a(_cr_check_heap.o)
 .comment       0x00000075       0x76 c:/nxp/mcuxpressoide_11.0.1_2563/ide/plugins/com.nxp.mcuxpresso.tools.win32_11.0.1.201907311258/tools/bin/../lib/gcc/arm-none-eabi/8.2.1/../../../../arm-none-eabi/lib/thumb/v6-m/nofp\libcr_c.a(_do_fflush.o)
 .comment       0x00000075       0x76 c:/nxp/mcuxpressoide_11.0.1_2563/ide/plugins/com.nxp.mcuxpresso.tools.win32_11.0.1.201907311258/tools/bin/../lib/gcc/arm-none-eabi/8.2.1/thumb/v6-m/nofp\libcr_eabihelpers.a(double.o)
 .comment       0x00000075       0x76 c:/nxp/mcuxpressoide_11.0.1_2563/ide/plugins/com.nxp.mcuxpresso.tools.win32_11.0.1.201907311258/tools/bin/../lib/gcc/arm-none-eabi/8.2.1/thumb/v6-m/nofp\libcr_eabihelpers.a(float.o)
 .comment       0x00000075       0x76 c:/nxp/mcuxpressoide_11.0.1_2563/ide/plugins/com.nxp.mcuxpresso.tools.win32_11.0.1.201907311258/tools/bin/../lib/gcc/arm-none-eabi/8.2.1/../../../../arm-none-eabi/lib/thumb/v6-m/nofp\libcr_nohost_nf.a(__sys_close.o)
 .comment       0x00000075       0x76 c:/nxp/mcuxpressoide_11.0.1_2563/ide/plugins/com.nxp.mcuxpresso.tools.win32_11.0.1.201907311258/tools/bin/../lib/gcc/arm-none-eabi/8.2.1/../../../../arm-none-eabi/lib/thumb/v6-m/nofp\libcr_nohost_nf.a(__sys_flen.o)
 .comment       0x00000075       0x76 c:/nxp/mcuxpressoide_11.0.1_2563/ide/plugins/com.nxp.mcuxpresso.tools.win32_11.0.1.201907311258/tools/bin/../lib/gcc/arm-none-eabi/8.2.1/../../../../arm-none-eabi/lib/thumb/v6-m/nofp\libcr_nohost_nf.a(__sys_istty.o)
 .comment       0x00000075       0x76 c:/nxp/mcuxpressoide_11.0.1_2563/ide/plugins/com.nxp.mcuxpresso.tools.win32_11.0.1.201907311258/tools/bin/../lib/gcc/arm-none-eabi/8.2.1/../../../../arm-none-eabi/lib/thumb/v6-m/nofp\libcr_nohost_nf.a(__sys_remove.o)
 .comment       0x00000075       0x76 c:/nxp/mcuxpressoide_11.0.1_2563/ide/plugins/com.nxp.mcuxpresso.tools.win32_11.0.1.201907311258/tools/bin/../lib/gcc/arm-none-eabi/8.2.1/../../../../arm-none-eabi/lib/thumb/v6-m/nofp\libcr_nohost_nf.a(__sys_seek.o)
 .comment       0x00000075       0x76 c:/nxp/mcuxpressoide_11.0.1_2563/ide/plugins/com.nxp.mcuxpresso.tools.win32_11.0.1.201907311258/tools/bin/../lib/gcc/arm-none-eabi/8.2.1/../../../../arm-none-eabi/lib/thumb/v6-m/nofp\libcr_nohost_nf.a(__sys_tmpnam.o)

.ARM.attributes
                0x00000000       0x2a
 .ARM.attributes
                0x00000000       0x2c ./utilities/fsl_debug_console.o
 .ARM.attributes
                0x0000002c       0x2c ./startup/startup_mkl25z4.o
 .ARM.attributes
                0x00000058       0x2c ./source/lookup_generator/lookup.o
 .ARM.attributes
                0x00000084       0x2c ./source/logger/logger.o
 .ARM.attributes
                0x000000b0       0x2c ./source/logger/timestamp.o
 .ARM.attributes
                0x000000dc       0x2c ./source/led_control/led_control.o
 .ARM.attributes
                0x00000108       0x2c ./source/dac/dac.o
 .ARM.attributes
                0x00000134       0x2c ./source/main.o
 .ARM.attributes
                0x00000160       0x32 ./source/mtb.o
 .ARM.attributes
                0x00000192       0x2c ./source/semihost_hardfault.o
 .ARM.attributes
                0x000001be       0x2c ./freertos/fsl_tickless_lptmr.o
 .ARM.attributes
                0x000001ea       0x2c ./freertos/heap_4.o
 .ARM.attributes
                0x00000216       0x2c ./freertos/list.o
 .ARM.attributes
                0x00000242       0x2c ./freertos/port.o
 .ARM.attributes
                0x0000026e       0x2c ./freertos/queue.o
 .ARM.attributes
                0x0000029a       0x2c ./freertos/tasks.o
 .ARM.attributes
                0x000002c6       0x2c ./freertos/timers.o
 .ARM.attributes
                0x000002f2       0x2c ./drivers/fsl_clock.o
 .ARM.attributes
                0x0000031e       0x2c ./drivers/fsl_lpsci.o
 .ARM.attributes
                0x0000034a       0x2c ./drivers/fsl_uart.o
 .ARM.attributes
                0x00000376       0x2c ./board/board.o
 .ARM.attributes
                0x000003a2       0x2c ./board/clock_config.o
 .ARM.attributes
                0x000003ce       0x2c ./board/peripherals.o
 .ARM.attributes
                0x000003fa       0x2c ./board/pin_mux.o
 .ARM.attributes
                0x00000426       0x2c ./CMSIS/system_MKL25Z4.o
 .ARM.attributes
                0x00000452       0x2c c:/nxp/mcuxpressoide_11.0.1_2563/ide/plugins/com.nxp.mcuxpresso.tools.win32_11.0.1.201907311258/tools/bin/../lib/gcc/arm-none-eabi/8.2.1/../../../../arm-none-eabi/lib/thumb/v6-m/nofp\libcr_nohost_nf.a(_cr__main.o)
 .ARM.attributes
                0x0000047e       0x2c c:/nxp/mcuxpressoide_11.0.1_2563/ide/plugins/com.nxp.mcuxpresso.tools.win32_11.0.1.201907311258/tools/bin/../lib/gcc/arm-none-eabi/8.2.1/../../../../arm-none-eabi/lib/thumb/v6-m/nofp\libcr_nohost_nf.a(_cr_assert.o)
 .ARM.attributes
                0x000004aa       0x31 c:/nxp/mcuxpressoide_11.0.1_2563/ide/plugins/com.nxp.mcuxpresso.tools.win32_11.0.1.201907311258/tools/bin/../lib/gcc/arm-none-eabi/8.2.1/../../../../arm-none-eabi/lib/thumb/v6-m/nofp\libcr_nohost_nf.a(__ciob.o)
 .ARM.attributes
                0x000004db       0x2c c:/nxp/mcuxpressoide_11.0.1_2563/ide/plugins/com.nxp.mcuxpresso.tools.win32_11.0.1.201907311258/tools/bin/../lib/gcc/arm-none-eabi/8.2.1/../../../../arm-none-eabi/lib/thumb/v6-m/nofp\libcr_nohost_nf.a(__sys_appexit.o)
 .ARM.attributes
                0x00000507       0x2c c:/nxp/mcuxpressoide_11.0.1_2563/ide/plugins/com.nxp.mcuxpresso.tools.win32_11.0.1.201907311258/tools/bin/../lib/gcc/arm-none-eabi/8.2.1/../../../../arm-none-eabi/lib/thumb/v6-m/nofp\libcr_c.a(memcpy.o)
 .ARM.attributes
                0x00000533       0x2c c:/nxp/mcuxpressoide_11.0.1_2563/ide/plugins/com.nxp.mcuxpresso.tools.win32_11.0.1.201907311258/tools/bin/../lib/gcc/arm-none-eabi/8.2.1/../../../../arm-none-eabi/lib/thumb/v6-m/nofp\libcr_c.a(memset.o)
 .ARM.attributes
                0x0000055f       0x2c c:/nxp/mcuxpressoide_11.0.1_2563/ide/plugins/com.nxp.mcuxpresso.tools.win32_11.0.1.201907311258/tools/bin/../lib/gcc/arm-none-eabi/8.2.1/../../../../arm-none-eabi/lib/thumb/v6-m/nofp\libcr_c.a(_deferredlazyseek.o)
 .ARM.attributes
                0x0000058b       0x2c c:/nxp/mcuxpressoide_11.0.1_2563/ide/plugins/com.nxp.mcuxpresso.tools.win32_11.0.1.201907311258/tools/bin/../lib/gcc/arm-none-eabi/8.2.1/../../../../arm-none-eabi/lib/thumb/v6-m/nofp\libcr_c.a(_fflush.o)
 .ARM.attributes
                0x000005b7       0x2c c:/nxp/mcuxpressoide_11.0.1_2563/ide/plugins/com.nxp.mcuxpresso.tools.win32_11.0.1.201907311258/tools/bin/../lib/gcc/arm-none-eabi/8.2.1/../../../../arm-none-eabi/lib/thumb/v6-m/nofp\libcr_c.a(_writebuf.o)
 .ARM.attributes
                0x000005e3       0x2c c:/nxp/mcuxpressoide_11.0.1_2563/ide/plugins/com.nxp.mcuxpresso.tools.win32_11.0.1.201907311258/tools/bin/../lib/gcc/arm-none-eabi/8.2.1/../../../../arm-none-eabi/lib/thumb/v6-m/nofp\libcr_c.a(alloc.o)
 .ARM.attributes
                0x0000060f       0x2c c:/nxp/mcuxpressoide_11.0.1_2563/ide/plugins/com.nxp.mcuxpresso.tools.win32_11.0.1.201907311258/tools/bin/../lib/gcc/arm-none-eabi/8.2.1/../../../../arm-none-eabi/lib/thumb/v6-m/nofp\libcr_c.a(fputs.o)
 .ARM.attributes
                0x0000063b       0x2c c:/nxp/mcuxpressoide_11.0.1_2563/ide/plugins/com.nxp.mcuxpresso.tools.win32_11.0.1.201907311258/tools/bin/../lib/gcc/arm-none-eabi/8.2.1/../../../../arm-none-eabi/lib/thumb/v6-m/nofp\libcr_c.a(fseek.o)
 .ARM.attributes
                0x00000667       0x2c c:/nxp/mcuxpressoide_11.0.1_2563/ide/plugins/com.nxp.mcuxpresso.tools.win32_11.0.1.201907311258/tools/bin/../lib/gcc/arm-none-eabi/8.2.1/../../../../arm-none-eabi/lib/thumb/v6-m/nofp\libcr_c.a(ftell.o)
 .ARM.attributes
                0x00000693       0x2c c:/nxp/mcuxpressoide_11.0.1_2563/ide/plugins/com.nxp.mcuxpresso.tools.win32_11.0.1.201907311258/tools/bin/../lib/gcc/arm-none-eabi/8.2.1/../../../../arm-none-eabi/lib/thumb/v6-m/nofp\libcr_c.a(initio.o)
 .ARM.attributes
                0x000006bf       0x2c c:/nxp/mcuxpressoide_11.0.1_2563/ide/plugins/com.nxp.mcuxpresso.tools.win32_11.0.1.201907311258/tools/bin/../lib/gcc/arm-none-eabi/8.2.1/../../../../arm-none-eabi/lib/thumb/v6-m/nofp\libcr_c.a(printf.o)
 .ARM.attributes
                0x000006eb       0x2c c:/nxp/mcuxpressoide_11.0.1_2563/ide/plugins/com.nxp.mcuxpresso.tools.win32_11.0.1.201907311258/tools/bin/../lib/gcc/arm-none-eabi/8.2.1/../../../../arm-none-eabi/lib/thumb/v6-m/nofp\libcr_c.a(setvbuf.o)
 .ARM.attributes
                0x00000717       0x2c c:/nxp/mcuxpressoide_11.0.1_2563/ide/plugins/com.nxp.mcuxpresso.tools.win32_11.0.1.201907311258/tools/bin/../lib/gcc/arm-none-eabi/8.2.1/../../../../arm-none-eabi/lib/thumb/v6-m/nofp\libcr_c.a(sin.o)
 .ARM.attributes
                0x00000743       0x2c c:/nxp/mcuxpressoide_11.0.1_2563/ide/plugins/com.nxp.mcuxpresso.tools.win32_11.0.1.201907311258/tools/bin/../lib/gcc/arm-none-eabi/8.2.1/../../../../arm-none-eabi/lib/thumb/v6-m/nofp\libcr_c.a(strlen.o)
 .ARM.attributes
                0x0000076f       0x2c c:/nxp/mcuxpressoide_11.0.1_2563/ide/plugins/com.nxp.mcuxpresso.tools.win32_11.0.1.201907311258/tools/bin/../lib/gcc/arm-none-eabi/8.2.1/../../../../arm-none-eabi/lib/thumb/v6-m/nofp\libcr_c.a(__init_alloc.o)
 .ARM.attributes
                0x0000079b       0x2c c:/nxp/mcuxpressoide_11.0.1_2563/ide/plugins/com.nxp.mcuxpresso.tools.win32_11.0.1.201907311258/tools/bin/../lib/gcc/arm-none-eabi/8.2.1/../../../../arm-none-eabi/lib/thumb/v6-m/nofp\libcr_c.a(_cr_sbrk.o)
 .ARM.attributes
                0x000007c7       0x2c c:/nxp/mcuxpressoide_11.0.1_2563/ide/plugins/com.nxp.mcuxpresso.tools.win32_11.0.1.201907311258/tools/bin/../lib/gcc/arm-none-eabi/8.2.1/../../../../arm-none-eabi/lib/thumb/v6-m/nofp\libcr_c.a(_fdopen.o)
 .ARM.attributes
                0x000007f3       0x2c c:/nxp/mcuxpressoide_11.0.1_2563/ide/plugins/com.nxp.mcuxpresso.tools.win32_11.0.1.201907311258/tools/bin/../lib/gcc/arm-none-eabi/8.2.1/../../../../arm-none-eabi/lib/thumb/v6-m/nofp\libcr_c.a(_sincos.o)
 .ARM.attributes
                0x0000081f       0x31 c:/nxp/mcuxpressoide_11.0.1_2563/ide/plugins/com.nxp.mcuxpresso.tools.win32_11.0.1.201907311258/tools/bin/../lib/gcc/arm-none-eabi/8.2.1/../../../../arm-none-eabi/lib/thumb/v6-m/nofp\libcr_c.a(errno.o)
 .ARM.attributes
                0x00000850       0x2c c:/nxp/mcuxpressoide_11.0.1_2563/ide/plugins/com.nxp.mcuxpresso.tools.win32_11.0.1.201907311258/tools/bin/../lib/gcc/arm-none-eabi/8.2.1/../../../../arm-none-eabi/lib/thumb/v6-m/nofp\libcr_c.a(fabs.o)
 .ARM.attributes
                0x0000087c       0x2c c:/nxp/mcuxpressoide_11.0.1_2563/ide/plugins/com.nxp.mcuxpresso.tools.win32_11.0.1.201907311258/tools/bin/../lib/gcc/arm-none-eabi/8.2.1/../../../../arm-none-eabi/lib/thumb/v6-m/nofp\libcr_c.a(fclose.o)
 .ARM.attributes