Archive member included to satisfy reference by file (symbol)

c:/nxp/mcuxpressoide_11.0.1_2563/ide/plugins/com.nxp.mcuxpresso.tools.win32_11.0.1.201907311258/tools/bin/../lib/gcc/arm-none-eabi/8.2.1/../../../../arm-none-eabi/lib/thumb/v6-m/nofp\libcr_nohost_nf.a(_cr__main.o)
                              ./startup/startup_mkl25z4.o (__main)
c:/nxp/mcuxpressoide_11.0.1_2563/ide/plugins/com.nxp.mcuxpresso.tools.win32_11.0.1.201907311258/tools/bin/../lib/gcc/arm-none-eabi/8.2.1/../../../../arm-none-eabi/lib/thumb/v6-m/nofp\libcr_nohost_nf.a(_cr_assert.o)
                              ./source/dma/dma.o (__assertion_failed)
c:/nxp/mcuxpressoide_11.0.1_2563/ide/plugins/com.nxp.mcuxpresso.tools.win32_11.0.1.201907311258/tools/bin/../lib/gcc/arm-none-eabi/8.2.1/../../../../arm-none-eabi/lib/thumb/v6-m/nofp\libcr_nohost_nf.a(__ciob.o)
                              c:/nxp/mcuxpressoide_11.0.1_2563/ide/plugins/com.nxp.mcuxpresso.tools.win32_11.0.1.201907311258/tools/bin/../lib/gcc/arm-none-eabi/8.2.1/../../../../arm-none-eabi/lib/thumb/v6-m/nofp\libcr_nohost_nf.a(_cr_assert.o) (__Ciob)
c:/nxp/mcuxpressoide_11.0.1_2563/ide/plugins/com.nxp.mcuxpresso.tools.win32_11.0.1.201907311258/tools/bin/../lib/gcc/arm-none-eabi/8.2.1/../../../../arm-none-eabi/lib/thumb/v6-m/nofp\libcr_nohost_nf.a(__sys_appexit.o)
                              c:/nxp/mcuxpressoide_11.0.1_2563/ide/plugins/com.nxp.mcuxpresso.tools.win32_11.0.1.201907311258/tools/bin/../lib/gcc/arm-none-eabi/8.2.1/../../../../arm-none-eabi/lib/thumb/v6-m/nofp\libcr_nohost_nf.a(_cr_assert.o) (__sys_appexit)
c:/nxp/mcuxpressoide_11.0.1_2563/ide/plugins/com.nxp.mcuxpresso.tools.win32_11.0.1.201907311258/tools/bin/../lib/gcc/arm-none-eabi/8.2.1/../../../../arm-none-eabi/lib/thumb/v6-m/nofp\libcr_c.a(memcpy.o)
                              ./freertos/queue.o (memcpy)
c:/nxp/mcuxpressoide_11.0.1_2563/ide/plugins/com.nxp.mcuxpresso.tools.win32_11.0.1.201907311258/tools/bin/../lib/gcc/arm-none-eabi/8.2.1/../../../../arm-none-eabi/lib/thumb/v6-m/nofp\libcr_c.a(memset.o)
                              ./freertos/tasks.o (memset)
c:/nxp/mcuxpressoide_11.0.1_2563/ide/plugins/com.nxp.mcuxpresso.tools.win32_11.0.1.201907311258/tools/bin/../lib/gcc/arm-none-eabi/8.2.1/../../../../arm-none-eabi/lib/thumb/v6-m/nofp\libcr_c.a(_deferredlazyseek.o)
                              c:/nxp/mcuxpressoide_11.0.1_2563/ide/plugins/com.nxp.mcuxpresso.tools.win32_11.0.1.201907311258/tools/bin/../lib/gcc/arm-none-eabi/8.2.1/../../../../arm-none-eabi/lib/thumb/v6-m/nofp\libcr_nohost_nf.a(_cr_assert.o) (__flsbuf)
c:/nxp/mcuxpressoide_11.0.1_2563/ide/plugins/com.nxp.mcuxpresso.tools.win32_11.0.1.201907311258/tools/bin/../lib/gcc/arm-none-eabi/8.2.1/../../../../arm-none-eabi/lib/thumb/v6-m/nofp\libcr_c.a(_fflush.o)
                              c:/nxp/mcuxpressoide_11.0.1_2563/ide/plugins/com.nxp.mcuxpresso.tools.win32_11.0.1.201907311258/tools/bin/../lib/gcc/arm-none-eabi/8.2.1/../../../../arm-none-eabi/lib/thumb/v6-m/nofp\libcr_c.a(_deferredlazyseek.o) (_fflush)
c:/nxp/mcuxpressoide_11.0.1_2563/ide/plugins/com.nxp.mcuxpresso.tools.win32_11.0.1.201907311258/tools/bin/../lib/gcc/arm-none-eabi/8.2.1/../../../../arm-none-eabi/lib/thumb/v6-m/nofp\libcr_c.a(_writebuf.o)
                              c:/nxp/mcuxpressoide_11.0.1_2563/ide/plugins/com.nxp.mcuxpresso.tools.win32_11.0.1.201907311258/tools/bin/../lib/gcc/arm-none-eabi/8.2.1/../../../../arm-none-eabi/lib/thumb/v6-m/nofp\libcr_c.a(_deferredlazyseek.o) (_Cwritebuf)
c:/nxp/mcuxpressoide_11.0.1_2563/ide/plugins/com.nxp.mcuxpresso.tools.win32_11.0.1.201907311258/tools/bin/../lib/gcc/arm-none-eabi/8.2.1/../../../../arm-none-eabi/lib/thumb/v6-m/nofp\libcr_c.a(alloc.o)
                              ./source/circular_buffer/circular_buffer.o (malloc)
c:/nxp/mcuxpressoide_11.0.1_2563/ide/plugins/com.nxp.mcuxpresso.tools.win32_11.0.1.201907311258/tools/bin/../lib/gcc/arm-none-eabi/8.2.1/../../../../arm-none-eabi/lib/thumb/v6-m/nofp\libcr_c.a(fputs.o)
                              c:/nxp/mcuxpressoide_11.0.1_2563/ide/plugins/com.nxp.mcuxpresso.tools.win32_11.0.1.201907311258/tools/bin/../lib/gcc/arm-none-eabi/8.2.1/../../../../arm-none-eabi/lib/thumb/v6-m/nofp\libcr_nohost_nf.a(_cr_assert.o) (fputs)
c:/nxp/mcuxpressoide_11.0.1_2563/ide/plugins/com.nxp.mcuxpresso.tools.win32_11.0.1.201907311258/tools/bin/../lib/gcc/arm-none-eabi/8.2.1/../../../../arm-none-eabi/lib/thumb/v6-m/nofp\libcr_c.a(fseek.o)
                              c:/nxp/mcuxpressoide_11.0.1_2563/ide/plugins/com.nxp.mcuxpresso.tools.win32_11.0.1.201907311258/tools/bin/../lib/gcc/arm-none-eabi/8.2.1/../../../../arm-none-eabi/lib/thumb/v6-m/nofp\libcr_c.a(_deferredlazyseek.o) (fseek)
c:/nxp/mcuxpressoide_11.0.1_2563/ide/plugins/com.nxp.mcuxpresso.tools.win32_11.0.1.201907311258/tools/bin/../lib/gcc/arm-none-eabi/8.2.1/../../../../arm-none-eabi/lib/thumb/v6-m/nofp\libcr_c.a(ftell.o)
[...]
Memory Configuration

Name             Origin             Length             Attributes
PROGRAM_FLASH    0x00000000         0x00020000         xr
SRAM             0x1ffff000         0x00004000         xrw
*default*        0x00000000         0xffffffff

Linker script and memory map

LOAD ./utilities/fsl_debug_console.o
LOAD ./startup/startup_mkl25z4.o
LOAD ./source/lookup_generator/lookup.o
LOAD ./source/logger/errno.o
LOAD ./source/logger/logger.o
LOAD ./source/logger/timestamp.o
LOAD ./source/led_control/led_control.o
LOAD ./source/dma/dma.o
LOAD ./source/dac/dac.o
LOAD ./source/circular_buffer/circular_buffer.o
LOAD ./source/adc/adc.o
LOAD ./source/main.o
LOAD ./source/mtb.o
LOAD ./source/semihost_hardfault.o
LOAD ./freertos/croutine.o
LOAD ./freertos/event_groups.o
LOAD ./freertos/fsl_tickless_lptmr.o
LOAD ./freertos/fsl_tickless_systick.o
LOAD ./freertos/heap_4.o
LOAD ./freertos/list.o
LOAD ./freertos/port.o
LOAD ./freertos/queue.o
LOAD ./freertos/tasks.o
LOAD ./freertos/timers.o
LOAD ./drivers/fsl_clock.o
LOAD ./drivers/fsl_common.o
LOAD ./drivers/fsl_dma.o
LOAD ./drivers/fsl_dmamux.o
LOAD ./drivers/fsl_flash.o
LOAD ./drivers/fsl_gpio.o
LOAD ./drivers/fsl_lpsci.o
LOAD ./drivers/fsl_lpsci_freertos.o
LOAD ./drivers/fsl_smc.o
LOAD ./drivers/fsl_uart.o
LOAD ./drivers/fsl_uart_freertos.o
LOAD ./board/board.o
LOAD ./board/clock_config.o
LOAD ./board/peripherals.o
LOAD ./board/pin_mux.o
LOAD ./CMSIS/system_MKL25Z4.o
START GROUP
LOAD c:/nxp/mcuxpressoide_11.0.1_2563/ide/plugins/com.nxp.mcuxpresso.tools.win32_11.0.1.201907311258/tools/bin/../lib/gcc/arm-none-eabi/8.2.1/../../../../arm-none-eabi/lib/thumb/v6-m/nofp\libcr_nohost_nf.a
LOAD c:/nxp/mcuxpressoide_11.0.1_2563/ide/plugins/com.nxp.mcuxpresso.tools.win32_11.0.1.201907311258/tools/bin/../lib/gcc/arm-none-eabi/8.2.1/../../../../arm-none-eabi/lib/thumb/v6-m/nofp\libcr_c.a
LOAD c:/nxp/mcuxpressoide_11.0.1_2563/ide/plugins/com.nxp.mcuxpresso.tools.win32_11.0.1.201907311258/tools/bin/../lib/gcc/arm-none-eabi/8.2.1/thumb/v6-m/nofp\libcr_eabihelpers.a
LOAD c:/nxp/mcuxpressoide_11.0.1_2563/ide/plugins/com.nxp.mcuxpresso.tools.win32_11.0.1.201907311258/tools/bin/../lib/gcc/arm-none-eabi/8.2.1/thumb/v6-m/nofp\libgcc.a
END GROUP
                0x00000000                __base_PROGRAM_FLASH = 0x0
                0x00000000                __base_Flash = 0x0
                0x00020000                __top_PROGRAM_FLASH = 0x20000
                0x00020000                __top_Flash = 0x20000
                0x1ffff000                __base_SRAM = 0x1ffff000
                0x1ffff000                __base_RAM = 0x1ffff000
                0x20003000                __top_SRAM = 0x20003000
                0x20003000                __top_RAM = 0x20003000

.text           0x00000000     0x97d8
 FILL mask 0xff
                0x00000000                __vectors_start__ = ABSOLUTE (.)
 *(SORT_BY_ALIGNMENT(.isr_vector))
 .isr_vector    0x00000000       0xc0 ./startup/startup_mkl25z4.o
                0x00000000                g_pfnVectors
                0x00000000                __Vectors
                0x000000c0                . = ALIGN (0x4)
                0x000000c0                __section_table_start = .
                0x000000c0                __data_section_table = .
                0x000000c0        0x4 LONG 0x97d8 LOADADDR (.data)
                0x000000c4        0x4 LONG 0x1ffff080 ADDR (.data)
                0x000000c8        0x4 LONG 0x1c SIZEOF (.data)
                0x000000cc                __data_section_table_end = .
                0x000000cc                __bss_section_table = .
                0x000000cc        0x4 LONG 0x1ffff09c ADDR (.bss)
                0x000000d0        0x4 LONG 0x2bb8 SIZEOF (.bss)
                0x000000d4                __bss_section_table_end = .
                0x000000d4                __section_table_end = .
 *(SORT_BY_ALIGNMENT(.after_vectors*))
 .after_vectors.reset
                0x000000d4       0x4c ./startup/startup_mkl25z4.o
                0x000000d4                ResetISR
 .after_vectors.init_data
                0x00000120       0x12 ./startup/startup_mkl25z4.o
                0x00000120                data_init
 .after_vectors.init_bss
                0x00000132       0x10 ./startup/startup_mkl25z4.o
                0x00000132                bss_init
 .after_vectors
                0x00000142      0x10c ./startup/startup_mkl25z4.o
                0x00000142                NMI_Handler
                0x0000014c                I2C0_DriverIRQHandler
                0x0000014c                SPI1_DriverIRQHandler
                0x0000014c                LPTMR0_DriverIRQHandler
                0x0000014c                Reserved39_DriverIRQHandler
                0x0000014c                PIT_DriverIRQHandler
                0x0000014c                PORTD_DriverIRQHandler
                0x0000014c                CMP0_DriverIRQHandler
                0x0000014c                ADC0_DriverIRQHandler
                0x0000014c                TPM2_DriverIRQHandler
                0x0000014c                SPI0_DriverIRQHandler
                0x0000014c                I2C1_DriverIRQHandler
                0x0000014c                TSI0_DriverIRQHandler
                0x0000014c                RTC_Seconds_DriverIRQHandler
                0x0000014c                TPM0_DriverIRQHandler
                0x0000014c                RTC_DriverIRQHandler
                0x0000014c                LLWU_DriverIRQHandler
                0x0000014c                MCG_DriverIRQHandler
                0x0000014c                TPM1_DriverIRQHandler
                0x0000014c                PORTA_DriverIRQHandler
                0x0000014c                Reserved45_DriverIRQHandler
                0x0000014c                FTFA_DriverIRQHandler
                0x0000014c                IntDefaultHandler
                0x0000014c                USB0_DriverIRQHandler
                0x0000014c                DAC0_DriverIRQHandler
                0x0000014c                Reserved20_DriverIRQHandler
                0x0000014c                LVD_LVW_DriverIRQHandler
                0x0000014e                DMA0_IRQHandler
                0x00000156                DMA1_IRQHandler
                0x0000015e                DMA2_IRQHandler
                0x00000166                DMA3_IRQHandler
                0x0000016e                Reserved20_IRQHandler
                0x00000176                FTFA_IRQHandler
                0x0000017e                LVD_LVW_IRQHandler
                0x00000186                LLWU_IRQHandler
                0x0000018e                I2C0_IRQHandler
                0x00000196                I2C1_IRQHandler
                0x0000019e                SPI0_IRQHandler
                0x000001a6                SPI1_IRQHandler
                0x000001ae                UART0_IRQHandler
                0x000001b6                UART1_IRQHandler
                0x000001be                UART2_IRQHandler
                0x000001c6                ADC0_IRQHandler
                0x000001ce                CMP0_IRQHandler
                0x000001d6                TPM0_IRQHandler
                0x000001de                TPM1_IRQHandler
                0x000001e6                TPM2_IRQHandler
                0x000001ee                RTC_IRQHandler
                0x000001f6                RTC_Seconds_IRQHandler
                0x000001fe                PIT_IRQHandler
                0x00000206                Reserved39_IRQHandler
                0x0000020e                USB0_IRQHandler
                0x00000216                DAC0_IRQHandler
                0x0000021e                TSI0_IRQHandler
                0x00000226                MCG_IRQHandler
                0x0000022e                LPTMR0_IRQHandler
                0x00000236                Reserved45_IRQHandler
                0x0000023e                PORTA_IRQHandler
                0x00000246                PORTD_IRQHandler
                0x00000400                . = 0x400
 *fill*         0x0000024e      0x1b2 ff
                0x00000400                PROVIDE (__FLASH_CONFIG_START__ = .)
 *(SORT_BY_ALIGNMENT(.FlashConfig))
 .FlashConfig   0x00000400       0x10 ./startup/startup_mkl25z4.o
                0x00000400                Flash_Config
                0x00000410                PROVIDE (__FLASH_CONFIG_END__ = .)
                0x00000001                ASSERT (! ((__FLASH_CONFIG_START__ == __FLASH_CONFIG_END__)), Linker Flash Config Support Enabled, but no .FlashConfig section provided within application)
 *(SORT_BY_ALIGNMENT(.text*))
 .text.vPortStartFirstTask
                0x00000410       0x38 ./freertos/port.o
 *fill*         0x00000448        0x8 ff
 .text.PendSV_Handler
                0x00000450       0x48 ./freertos/port.o
                0x00000450                PendSV_Handler
 .text.DbgConsole_Init
                0x00000498       0xf0 ./utilities/fsl_debug_console.o
                0x00000498                DbgConsole_Init
 .text.__sys_write
                0x00000588       0x58 ./utilities/fsl_debug_console.o
                0x00000588                __sys_write
 .text.dac_lookup_init
                0x000005e0       0xf0 ./source/lookup_generator/lookup.o
                0x000005e0                dac_lookup_init
 .text.Log_Write
                0x000006d0      0x108 ./source/logger/logger.o
                0x000006d0                Log_Write
 .text.Get_Log_Level
                0x000007d8       0x14 ./source/logger/logger.o
                0x000007d8                Get_Log_Level
 .text.Set_Log_Level
                0x000007ec       0x20 ./source/logger/logger.o
                0x000007ec                Set_Log_Level
 .text.vTimestamp_Init
                0x0000080c       0x40 ./source/logger/timestamp.o
                0x0000080c                vTimestamp_Init
 .text.tTimestamp_Get_Timestamp
                0x0000084c       0xcc ./source/logger/timestamp.o
                0x0000084c                tTimestamp_Get_Timestamp
 .text.vLoggerTimerCallback
                0x00000918       0x20 ./source/logger/timestamp.o
                0x00000918                vLoggerTimerCallback
 .text.LED_Init
                0x00000938       0x9c ./source/led_control/led_control.o
                0x00000938                LED_Init
 .text.Turn_On_LED
                0x000009d4       0x5c ./source/led_control/led_control.o
                0x000009d4                Turn_On_LED
 .text.Turn_Off_LED
                0x00000a30       0x5c ./source/led_control/led_control.o
                0x00000a30                Turn_Off_LED
 .text.Toggle_LED
                0x00000a8c       0x5c ./source/led_control/led_control.o
                0x00000a8c                Toggle_LED
 .text.DMA_StartTransfer
                0x00000ae8       0x54 ./source/dma/dma.o
 .text.DMAMUX_EnableChannel
                0x00000b3c       0x40 ./source/dma/dma.o
 .text.DMAMUX_SetSource
                0x00000b7c       0x50 ./source/dma/dma.o
 .text.dma_init
                0x00000bcc       0x7c ./source/dma/dma.o
                0x00000bcc                dma_init
 .text.dma_transfer
                0x00000c48       0x58 ./source/dma/dma.o
                0x00000c48                dma_transfer
 .text.dac_init
                0x00000ca0       0xb0 ./source/dac/dac.o
                0x00000ca0                dac_init
 .text.dac_out  0x00000d50       0x34 ./source/dac/dac.o
                0x00000d50                dac_out
 .text.cb_init_buffer
                0x00000d84       0x78 ./source/circular_buffer/circular_buffer.o
                0x00000d84                cb_init_buffer
 .text.adc_init
                0x00000dfc       0x8c ./source/adc/adc.o
                0x00000dfc                adc_init
 .text.adc_value
                0x00000e88       0x28 ./source/adc/adc.o
                0x00000e88                adc_value
 .text.main     0x00000eb0      0x15c ./source/main.o
                0x00000eb0                main
 .text.DAC_Task
                0x0000100c       0xa4 ./source/main.o
                0x0000100c                DAC_Task
 .text.ADC_Task
                0x000010b0       0xf4 ./source/main.o
                0x000010b0                ADC_Task
 .text.DSP_Task
                0x000011a4      0x288 ./source/main.o
                0x000011a4                DSP_Task
 .text.DMA_Callback
                0x0000142c       0x54 ./source/main.o
                0x0000142c                DMA_Callback
 .text.float_string
                0x00001480      0x138 ./source/main.o
                0x00001480                float_string
 .text.HardFault_Handler
                0x000015b8       0x30 ./source/semihost_hardfault.o
                0x000015b8                HardFault_Handler
 .text.prvSetupTimerInterrupt
                0x000015e8       0x40 ./freertos/fsl_tickless_lptmr.o
                0x000015e8                prvSetupTimerInterrupt
 .text.pvPortMalloc
                0x00001628      0x14c ./freertos/heap_4.o
                0x00001628                pvPortMalloc
 .text.vPortFree
                0x00001774       0x90 ./freertos/heap_4.o
                0x00001774                vPortFree
 .text.prvHeapInit
                0x00001804       0xc0 ./freertos/heap_4.o
 .text.prvInsertBlockIntoFreeList
                0x000018c4       0xb0 ./freertos/heap_4.o
 .text.pxPortInitialiseStack
                0x00001974       0x54 ./freertos/port.o
                0x00001974                pxPortInitialiseStack
 .text.prvTaskExitError
                0x000019c8       0x18 ./freertos/port.o
 .text.xPortStartScheduler
                0x000019e0       0x44 ./freertos/port.o
                0x000019e0                xPortStartScheduler
 .text.vPortYield
                0x00001a24       0x20 ./freertos/port.o
                0x00001a24                vPortYield
 .text.vPortEnterCritical
                0x00001a44       0x24 ./freertos/port.o
                0x00001a44                vPortEnterCritical
 .text.vPortExitCritical
                0x00001a68       0x30 ./freertos/port.o
                0x00001a68                vPortExitCritical
 .text.SysTick_Handler
                0x00001a98       0x34 ./freertos/port.o
                0x00001a98                SysTick_Handler
 .text.vQueueAddToRegistry
                0x00001acc       0x50 ./freertos/queue.o
                0x00001acc                vQueueAddToRegistry
 .text.prvInitialiseNewTask
                0x00001b1c      0x120 ./freertos/tasks.o
 .text.prvAddNewTaskToReadyList
                0x00001c3c       0xd0 ./freertos/tasks.o
 .text.vTaskDelete
                0x00001d0c       0xc8 ./freertos/tasks.o
                0x00001d0c                vTaskDelete
 .text.vTaskDelayUntil
                0x00001dd4       0xb8 ./freertos/tasks.o
                0x00001dd4                vTaskDelayUntil
 .text.vTaskSuspend
                0x00001e8c       0xb8 ./freertos/tasks.o
                0x00001e8c                vTaskSuspend
 .text.prvTaskIsTaskSuspended
                0x00001f44       0x60 ./freertos/tasks.o
 .text.xTaskResumeFromISR
                0x00001fa4       0xbc ./freertos/tasks.o
                0x00001fa4                xTaskResumeFromISR
 .text.vTaskStartScheduler
                0x00002060       0x78 ./freertos/tasks.o
                0x00002060                vTaskStartScheduler
 .text.vTaskSuspendAll
                0x000020d8       0x18 ./freertos/tasks.o
                0x000020d8                vTaskSuspendAll
 .text.xTaskResumeAll
                0x000020f0      0x118 ./freertos/tasks.o
                0x000020f0                xTaskResumeAll
 .text.xTaskGetTickCount
                0x00002208       0x1c ./freertos/tasks.o
                0x00002208                xTaskGetTickCount
 .text.xTaskIncrementTick
                0x00002224      0x14c ./freertos/tasks.o
                0x00002224                xTaskIncrementTick
 .text.vTaskSwitchContext
                0x00002370       0xa4 ./freertos/tasks.o
                0x00002370                vTaskSwitchContext
 .text.vTaskPlaceOnEventList
                0x00002414       0x3c ./freertos/tasks.o
                0x00002414                vTaskPlaceOnEventList
 .text.vTaskPlaceOnEventListRestricted
                0x00002450       0x4c ./freertos/tasks.o
                0x00002450                vTaskPlaceOnEventListRestricted
 .text.xTaskRemoveFromEventList
                0x0000249c       0xb8 ./freertos/tasks.o
                0x0000249c                xTaskRemoveFromEventList
 .text.vTaskSetTimeOutState
                0x00002554       0x34 ./freertos/tasks.o
                0x00002554                vTaskSetTimeOutState
 .text.xTaskCheckForTimeOut
                0x00002588       0x9c ./freertos/tasks.o
                0x00002588                xTaskCheckForTimeOut
 .text.vTaskMissedYield
                0x00002624       0x14 ./freertos/tasks.o
                0x00002624                vTaskMissedYield
 .text.prvIdleTask
                0x00002638       0x20 ./freertos/tasks.o
 .text.prvInitialiseTaskLists
                0x00002658       0x88 ./freertos/tasks.o
 .text.prvCheckTasksWaitingTermination
                0x000026e0       0x74 ./freertos/tasks.o
 .text.prvResetNextTaskUnblockTime
                0x00002754       0x48 ./freertos/tasks.o
 .text.xTaskGetSchedulerState
                0x0000279c       0x38 ./freertos/tasks.o
                0x0000279c                xTaskGetSchedulerState
 .text.vTaskPriorityInherit
                0x000027d4       0xbc ./freertos/tasks.o
                0x000027d4                vTaskPriorityInherit
 .text.xTaskPriorityDisinherit
                0x00002890       0xb8 ./freertos/tasks.o
                0x00002890                xTaskPriorityDisinherit
 .text.pvTaskIncrementMutexHeldCount
                0x00002948       0x24 ./freertos/tasks.o
                0x00002948                pvTaskIncrementMutexHeldCount
 .text.prvAddCurrentTaskToDelayedList
                0x0000296c       0xa8 ./freertos/tasks.o
 .text.xTimerCreateTimerTask
                0x00002a14       0x54 ./freertos/timers.o
                0x00002a14                xTimerCreateTimerTask
 .text.xTimerGenericCommand
                0x00002a68       0x94 ./freertos/timers.o
                0x00002a68                xTimerGenericCommand
 .text.prvProcessExpiredTimer
                0x00002afc       0x70 ./freertos/timers.o
 .text.prvProcessTimerOrBlockTask
                0x00002b6c       0x8c ./freertos/timers.o
 .text.prvGetNextExpireTime
                0x00002bf8       0x40 ./freertos/timers.o
 .text.prvSampleTimeNow
                0x00002c38       0x40 ./freertos/timers.o
 .text.prvInsertTimerInActiveList
                0x00002c78       0x84 ./freertos/timers.o
 .text.prvProcessReceivedCommands
                0x00002cfc      0x124 ./freertos/timers.o
 .text.prvSwitchTimerLists
                0x00002e20       0xb4 ./freertos/timers.o
 .text.prvCheckForValidListAndQueue
                0x00002ed4       0x74 ./freertos/timers.o
 .text.CLOCK_SetEr32kClock
                0x00002f48       0x34 ./drivers/fsl_clock.o
 .text.CLOCK_SetPllFllSelClock
                0x00002f7c       0x38 ./drivers/fsl_clock.o
 .text.CLOCK_GetMcgExtClkFreq
                0x00002fb4       0x28 ./drivers/fsl_clock.o
 .text.CLOCK_GetFllExtRefClkFreq
                0x00002fdc       0xa4 ./drivers/fsl_clock.o
 .text.CLOCK_GetFllRefClkFreq
                0x00003080       0x2c ./drivers/fsl_clock.o
 .text.CLOCK_GetOscRangeFromFreq
                0x000030ac       0x4c ./drivers/fsl_clock.o
 .text.CLOCK_GetPllFllSelClkFreq
                0x000030f8       0x4c ./drivers/fsl_clock.o
                0x000030f8                CLOCK_GetPllFllSelClkFreq
 .text.CLOCK_SetSimConfig
                0x00003144       0x38 ./drivers/fsl_clock.o
                0x00003144                CLOCK_SetSimConfig
 .text.CLOCK_GetFllFreq
                0x0000317c       0x84 ./drivers/fsl_clock.o
                0x0000317c                CLOCK_GetFllFreq
 .text.CLOCK_GetPll0Freq
                0x00003200       0x70 ./drivers/fsl_clock.o
                0x00003200                CLOCK_GetPll0Freq
 .text.CLOCK_SetInternalRefClkConfig
                0x00003270      0x124 ./drivers/fsl_clock.o
                0x00003270                CLOCK_SetInternalRefClkConfig
 .text.CLOCK_EnablePll0
                0x00003394       0x90 ./drivers/fsl_clock.o
                0x00003394                CLOCK_EnablePll0
 .text.CLOCK_InitOsc0
                0x00003424       0x94 ./drivers/fsl_clock.o
                0x00003424                CLOCK_InitOsc0
 .text.CLOCK_SetPbeMode
                0x000034b8       0xb0 ./drivers/fsl_clock.o
                0x000034b8                CLOCK_SetPbeMode
 .text.CLOCK_BootToPeeMode
                0x00003568       0x70 ./drivers/fsl_clock.o
                0x00003568                CLOCK_BootToPeeMode
 .text.NVIC_EnableIRQ
                0x000035d8       0x2c ./drivers/fsl_dma.o
 .text.CLOCK_EnableClock
                0x00003604       0x34 ./drivers/fsl_dma.o
 .text.DMA_EnableInterrupts
                0x00003638       0x4c ./drivers/fsl_dma.o
 .text.DMA_ClearChannelStatusFlags
                0x00003684       0x54 ./drivers/fsl_dma.o
 .text.DMA_GetInstance
                0x000036d8       0x48 ./drivers/fsl_dma.o
 .text.DMA_Init
                0x00003720       0x24 ./drivers/fsl_dma.o
                0x00003720                DMA_Init
 .text.DMA_ResetChannel
                0x00003744       0x90 ./drivers/fsl_dma.o
                0x00003744                DMA_ResetChannel
 .text.DMA_SetTransferConfig
                0x000037d4       0xdc ./drivers/fsl_dma.o
                0x000037d4                DMA_SetTransferConfig
 .text.DMA_CreateHandle
                0x000038b0       0x90 ./drivers/fsl_dma.o
                0x000038b0                DMA_CreateHandle
 .text.DMA_PrepareTransfer
                0x00003940      0x130 ./drivers/fsl_dma.o
                0x00003940                DMA_PrepareTransfer
 .text.DMA_SetCallback
                0x00003a70       0x34 ./drivers/fsl_dma.o
                0x00003a70                DMA_SetCallback
 .text.DMA_SubmitTransfer
                0x00003aa4       0x9c ./drivers/fsl_dma.o
                0x00003aa4                DMA_SubmitTransfer
 .text.DMA_HandleIRQ
                0x00003b40       0x4c ./drivers/fsl_dma.o
                0x00003b40                DMA_HandleIRQ
 .text.DMA0_DriverIRQHandler
                0x00003b8c       0x18 ./drivers/fsl_dma.o
                0x00003b8c                DMA0_DriverIRQHandler
 .text.DMA1_DriverIRQHandler
                0x00003ba4       0x18 ./drivers/fsl_dma.o
                0x00003ba4                DMA1_DriverIRQHandler
 .text.DMA2_DriverIRQHandler
                0x00003bbc       0x18 ./drivers/fsl_dma.o
                0x00003bbc                DMA2_DriverIRQHandler
 .text.DMA3_DriverIRQHandler
                0x00003bd4       0x18 ./drivers/fsl_dma.o
                0x00003bd4                DMA3_DriverIRQHandler
 .text.CLOCK_EnableClock
                0x00003bec       0x34 ./drivers/fsl_dmamux.o
 .text.DMAMUX_GetInstance
                0x00003c20       0x48 ./drivers/fsl_dmamux.o
 .text.DMAMUX_Init
                0x00003c68       0x24 ./drivers/fsl_dmamux.o
                0x00003c68                DMAMUX_Init
 .text.CLOCK_EnableClock
                0x00003c8c       0x34 ./drivers/fsl_lpsci.o
 .text.LPSCI_GetInstance
                0x00003cc0       0x48 ./drivers/fsl_lpsci.o
                0x00003cc0                LPSCI_GetInstance
 .text.LPSCI_Init
                0x00003d08      0x258 ./drivers/fsl_lpsci.o
                0x00003d08                LPSCI_Init
 .text.LPSCI_GetDefaultConfig
                0x00003f60       0x44 ./drivers/fsl_lpsci.o
                0x00003f60                LPSCI_GetDefaultConfig
 .text.LPSCI_ClearStatusFlags
                0x00003fa4       0x94 ./drivers/fsl_lpsci.o
                0x00003fa4                LPSCI_ClearStatusFlags
 .text.LPSCI_WriteBlocking
                0x00004038       0x4c ./drivers/fsl_lpsci.o
                0x00004038                LPSCI_WriteBlocking
 .text.LPSCI_ReadBlocking
                0x00004084       0xc0 ./drivers/fsl_lpsci.o
                0x00004084                LPSCI_ReadBlocking
 .text.UART0_DriverIRQHandler
                0x00004144       0x24 ./drivers/fsl_lpsci.o
                0x00004144                UART0_DriverIRQHandler
 .text.CLOCK_EnableClock
                0x00004168       0x34 ./drivers/fsl_uart.o
 .text.UART_GetInstance
                0x0000419c       0x54 ./drivers/fsl_uart.o
                0x0000419c                UART_GetInstance
 .text.UART_Init
                0x000041f0      0x1e0 ./drivers/fsl_uart.o
                0x000041f0                UART_Init
 .text.UART_GetDefaultConfig
                0x000043d0       0x44 ./drivers/fsl_uart.o
                0x000043d0                UART_GetDefaultConfig
 .text.UART_ReadBlocking
                0x00004414       0x98 ./drivers/fsl_uart.o
                0x00004414                UART_ReadBlocking
 .text.UART1_DriverIRQHandler
                0x000044ac       0x24 ./drivers/fsl_uart.o
                0x000044ac                UART1_DriverIRQHandler
 .text.UART2_DriverIRQHandler
                0x000044d0       0x24 ./drivers/fsl_uart.o
                0x000044d0                UART2_DriverIRQHandler
 .text.CLOCK_SetLpsci0Clock
                0x000044f4       0x38 ./board/board.o
 .text.BOARD_InitDebugConsole
                0x0000452c       0x30 ./board/board.o
                0x0000452c                BOARD_InitDebugConsole
 .text.CLOCK_SetSimSafeDivs
                0x0000455c       0x20 ./board/clock_config.o
 .text.CLOCK_SetXtal0Freq
                0x0000457c       0x1c ./board/clock_config.o
 .text.CLOCK_CONFIG_SetFllExtRefDiv
                0x00004598       0x3c ./board/clock_config.o
 .text.BOARD_BootClockRUN
                0x000045d4       0x64 ./board/clock_config.o
                0x000045d4                BOARD_BootClockRUN
 .text.CLOCK_EnableClock
                0x00004638       0x34 ./board/pin_mux.o
 .text.PORT_SetPinMux
                0x0000466c       0x40 ./board/pin_mux.o
 .text.BOARD_InitPins
                0x000046ac       0x4c ./board/pin_mux.o
                0x000046ac                BOARD_InitPins
 .text.SystemInit
                0x000046f8       0x18 ./CMSIS/system_MKL25Z4.o
                0x000046f8                SystemInit
 .text.__assertion_failed
                0x00004710       0x4c c:/nxp/mcuxpressoide_11.0.1_2563/ide/plugins/com.nxp.mcuxpresso.tools.win32_11.0.1.201907311258/tools/bin/../lib/gcc/arm-none-eabi/8.2.1/../../../../arm-none-eabi/lib/thumb/v6-m/nofp\libcr_nohost_nf.a(_cr_assert.o)
                0x00004710                __assertion_failed
 .text._deferredlazyseek
                0x0000475c       0x40 c:/nxp/mcuxpressoide_11.0.1_2563/ide/plugins/com.nxp.mcuxpresso.tools.win32_11.0.1.201907311258/tools/bin/../lib/gcc/arm-none-eabi/8.2.1/../../../../arm-none-eabi/lib/thumb/v6-m/nofp\libcr_c.a(_deferredlazyseek.o)
                0x0000475c                _deferredlazyseek
 .text.__flsbuf
                0x0000479c      0x14c c:/nxp/mcuxpressoide_11.0.1_2563/ide/plugins/com.nxp.mcuxpresso.tools.win32_11.0.1.201907311258/tools/bin/../lib/gcc/arm-none-eabi/8.2.1/../../../../arm-none-eabi/lib/thumb/v6-m/nofp\libcr_c.a(_deferredlazyseek.o)
                0x0000479c                __flsbuf
 .text._fflush  0x000048e8       0x5c c:/nxp/mcuxpressoide_11.0.1_2563/ide/plugins/com.nxp.mcuxpresso.tools.win32_11.0.1.201907311258/tools/bin/../lib/gcc/arm-none-eabi/8.2.1/../../../../arm-none-eabi/lib/thumb/v6-m/nofp\libcr_c.a(_fflush.o)
                0x000048e8                _fflush
 .text._Cwritebuf
                0x00004944       0x68 c:/nxp/mcuxpressoide_11.0.1_2563/ide/plugins/com.nxp.mcuxpresso.tools.win32_11.0.1.201907311258/tools/bin/../lib/gcc/arm-none-eabi/8.2.1/../../../../arm-none-eabi/lib/thumb/v6-m/nofp\libcr_c.a(_writebuf.o)
                0x00004944                _Cwritebuf
 .text.malloc   0x000049ac       0xcc c:/nxp/mcuxpressoide_11.0.1_2563/ide/plugins/com.nxp.mcuxpresso.tools.win32_11.0.1.201907311258/tools/bin/../lib/gcc/arm-none-eabi/8.2.1/../../../../arm-none-eabi/lib/thumb/v6-m/nofp\libcr_c.a(alloc.o)
                0x000049ac                malloc
 .text._Csys_alloc
                0x00004a78       0x20 c:/nxp/mcuxpressoide_11.0.1_2563/ide/plugins/com.nxp.mcuxpresso.tools.win32_11.0.1.201907311258/tools/bin/../lib/gcc/arm-none-eabi/8.2.1/../../../../arm-none-eabi/lib/thumb/v6-m/nofp\libcr_c.a(alloc.o)
                0x00004a78                _Csys_alloc
 .text.fseek    0x00004a98       0xf0 c:/nxp/mcuxpressoide_11.0.1_2563/ide/plugins/com.nxp.mcuxpresso.tools.win32_11.0.1.201907311258/tools/bin/../lib/gcc/arm-none-eabi/8.2.1/../../../../arm-none-eabi/lib/thumb/v6-m/nofp\libcr_c.a(fseek.o)
                0x00004a98                fseek
 .text.ftell    0x00004b88       0x48 c:/nxp/mcuxpressoide_11.0.1_2563/ide/plugins/com.nxp.mcuxpresso.tools.win32_11.0.1.201907311258/tools/bin/../lib/gcc/arm-none-eabi/8.2.1/../../../../arm-none-eabi/lib/thumb/v6-m/nofp\libcr_c.a(ftell.o)
                0x00004b88                ftell
 .text._initio  0x00004bd0       0x7c c:/nxp/mcuxpressoide_11.0.1_2563/ide/plugins/com.nxp.mcuxpresso.tools.win32_11.0.1.201907311258/tools/bin/../lib/gcc/arm-none-eabi/8.2.1/../../../../arm-none-eabi/lib/thumb/v6-m/nofp\libcr_c.a(initio.o)
                0x00004bd0                _initio
 .text.pow      0x00004c4c      0x548 c:/nxp/mcuxpressoide_11.0.1_2563/ide/plugins/com.nxp.mcuxpresso.tools.win32_11.0.1.201907311258/tools/bin/../lib/gcc/arm-none-eabi/8.2.1/../../../../arm-none-eabi/lib/thumb/v6-m/nofp\libcr_c.a(pow.o)
                0x00004c4c                pow
 .text.__vfprintf
                0x00005194      0xcd8 c:/nxp/mcuxpressoide_11.0.1_2563/ide/plugins/com.nxp.mcuxpresso.tools.win32_11.0.1.201907311258/tools/bin/../lib/gcc/arm-none-eabi/8.2.1/../../../../arm-none-eabi/lib/thumb/v6-m/nofp\libcr_c.a(printf.o)
                0x00005194                __vfprintf
 .text._vprintf
                0x00005e6c       0x28 c:/nxp/mcuxpressoide_11.0.1_2563/ide/plugins/com.nxp.mcuxpresso.tools.win32_11.0.1.201907311258/tools/bin/../lib/gcc/arm-none-eabi/8.2.1/../../../../arm-none-eabi/lib/thumb/v6-m/nofp\libcr_c.a(printf.o)
                0x00005e6c                _vprintf
 .text._vsnprintf
                0x00005e94       0x70 c:/nxp/mcuxpressoide_11.0.1_2563/ide/plugins/com.nxp.mcuxpresso.tools.win32_11.0.1.201907311258/tools/bin/../lib/gcc/arm-none-eabi/8.2.1/../../../../arm-none-eabi/lib/thumb/v6-m/nofp\libcr_c.a(printf.o)
                0x00005e94                _vsnprintf
 .text._printf  0x00005f04       0x50 c:/nxp/mcuxpressoide_11.0.1_2563/ide/plugins/com.nxp.mcuxpresso.tools.win32_11.0.1.201907311258/tools/bin/../lib/gcc/arm-none-eabi/8.2.1/../../../../arm-none-eabi/lib/thumb/v6-m/nofp\libcr_c.a(printf.o)
                0x00005f04                _printf
 .text.setvbuf  0x00005f54       0x4c c:/nxp/mcuxpressoide_11.0.1_2563/ide/plugins/com.nxp.mcuxpresso.tools.win32_11.0.1.201907311258/tools/bin/../lib/gcc/arm-none-eabi/8.2.1/../../../../arm-none-eabi/lib/thumb/v6-m/nofp\libcr_c.a(setvbuf.o)
                0x00005f54                setvbuf
 .text.sqrt     0x00005fa0      0x13c c:/nxp/mcuxpressoide_11.0.1_2563/ide/plugins/com.nxp.mcuxpresso.tools.win32_11.0.1.201907311258/tools/bin/../lib/gcc/arm-none-eabi/8.2.1/../../../../arm-none-eabi/lib/thumb/v6-m/nofp\libcr_c.a(sqrt.o)
                0x00005fa0                sqrt
 .text.strlen   0x000060dc       0x58 c:/nxp/mcuxpressoide_11.0.1_2563/ide/plugins/com.nxp.mcuxpresso.tools.win32_11.0.1.201907311258/tools/bin/../lib/gcc/arm-none-eabi/8.2.1/../../../../arm-none-eabi/lib/thumb/v6-m/nofp\libcr_c.a(strlen.o)
                0x000060dc                strlen
 .text._sbrk    0x00006134       0x40 c:/nxp/mcuxpressoide_11.0.1_2563/ide/plugins/com.nxp.mcuxpresso.tools.win32_11.0.1.201907311258/tools/bin/../lib/gcc/arm-none-eabi/8.2.1/../../../../arm-none-eabi/lib/thumb/v6-m/nofp\libcr_c.a(_cr_sbrk.o)
                0x00006134                _sbrk
 .text._fdopen  0x00006174       0x74 c:/nxp/mcuxpressoide_11.0.1_2563/ide/plugins/com.nxp.mcuxpresso.tools.win32_11.0.1.201907311258/tools/bin/../lib/gcc/arm-none-eabi/8.2.1/../../../../arm-none-eabi/lib/thumb/v6-m/nofp\libcr_c.a(_fdopen.o)
                0x00006174                _fdopen
 .text._sincos  0x000061e8      0x1dc c:/nxp/mcuxpressoide_11.0.1_2563/ide/plugins/com.nxp.mcuxpresso.tools.win32_11.0.1.201907311258/tools/bin/../lib/gcc/arm-none-eabi/8.2.1/../../../../arm-none-eabi/lib/thumb/v6-m/nofp\libcr_c.a(_sincos.o)
                0x000061e8                _sincos
 .text.fclose   0x000063c4       0x5c c:/nxp/mcuxpressoide_11.0.1_2563/ide/plugins/com.nxp.mcuxpresso.tools.win32_11.0.1.201907311258/tools/bin/../lib/gcc/arm-none-eabi/8.2.1/../../../../arm-none-eabi/lib/thumb/v6-m/nofp\libcr_c.a(fclose.o)
                0x000063c4                fclose
 .text.fflush   0x00006420       0x44 c:/nxp/mcuxpressoide_11.0.1_2563/ide/plugins/com.nxp.mcuxpresso.tools.win32_11.0.1.201907311258/tools/bin/../lib/gcc/arm-none-eabi/8.2.1/../../../../arm-none-eabi/lib/thumb/v6-m/nofp\libcr_c.a(fflush.o)
                0x00006420                fflush
 .text.frexp    0x00006464       0x80 c:/nxp/mcuxpressoide_11.0.1_2563/ide/plugins/com.nxp.mcuxpresso.tools.win32_11.0.1.201907311258/tools/bin/../lib/gcc/arm-none-eabi/8.2.1/../../../../arm-none-eabi/lib/thumb/v6-m/nofp\libcr_c.a(frexp.o)
                0x00006464                frexp
 .text.ldexp    0x000064e4       0x58 c:/nxp/mcuxpressoide_11.0.1_2563/ide/plugins/com.nxp.mcuxpresso.tools.win32_11.0.1.201907311258/tools/bin/../lib/gcc/arm-none-eabi/8.2.1/../../../../arm-none-eabi/lib/thumb/v6-m/nofp\libcr_c.a(ldexp.o)
                0x000064e4                ldexp
 .text.__check_heap_overflow
                0x0000653c       0x14 c:/nxp/mcuxpressoide_11.0.1_2563/ide/plugins/com.nxp.mcuxpresso.tools.win32_11.0.1.201907311258/tools/bin/../lib/gcc/arm-none-eabi/8.2.1/../../../../arm-none-eabi/lib/thumb/v6-m/nofp\libcr_c.a(_cr_check_heap.o)
                0x0000653c                __check_heap_overflow
 .text._do_fflush
                0x00006550       0x44 c:/nxp/mcuxpressoide_11.0.1_2563/ide/plugins/com.nxp.mcuxpresso.tools.win32_11.0.1.201907311258/tools/bin/../lib/gcc/arm-none-eabi/8.2.1/../../../../arm-none-eabi/lib/thumb/v6-m/nofp\libcr_c.a(_do_fflush.o)
                0x00006550                _do_fflush
 .text.__aeabi_dmul
                0x00006594      0x188 c:/nxp/mcuxpressoide_11.0.1_2563/ide/plugins/com.nxp.mcuxpresso.tools.win32_11.0.1.201907311258/tools/bin/../lib/gcc/arm-none-eabi/8.2.1/thumb/v6-m/nofp\libcr_eabihelpers.a(double.o)
                0x00006594                __aeabi_dmul
 .text.__aeabi_ddiv
                0x0000671c      0x148 c:/nxp/mcuxpressoide_11.0.1_2563/ide/plugins/com.nxp.mcuxpresso.tools.win32_11.0.1.201907311258/tools/bin/../lib/gcc/arm-none-eabi/8.2.1/thumb/v6-m/nofp\libcr_eabihelpers.a(double.o)
                0x0000671c                __aeabi_ddiv
 .text.__aeabi_dsub
                0x00006864      0x1c4 c:/nxp/mcuxpressoide_11.0.1_2563/ide/plugins/com.nxp.mcuxpresso.tools.win32_11.0.1.201907311258/tools/bin/../lib/gcc/arm-none-eabi/8.2.1/thumb/v6-m/nofp\libcr_eabihelpers.a(double.o)
                0x00006864                __aeabi_dsub
 .text.__aeabi_dadd
                0x00006a28      0x12c c:/nxp/mcuxpressoide_11.0.1_2563/ide/plugins/com.nxp.mcuxpresso.tools.win32_11.0.1.201907311258/tools/bin/../lib/gcc/arm-none-eabi/8.2.1/thumb/v6-m/nofp\libcr_eabihelpers.a(double.o)
                0x00006a28                __aeabi_dadd
 .text.__aeabi_d2f
                0x00006b54       0x60 c:/nxp/mcuxpressoide_11.0.1_2563/ide/plugins/com.nxp.mcuxpresso.tools.win32_11.0.1.201907311258/tools/bin/../lib/gcc/arm-none-eabi/8.2.1/thumb/v6-m/nofp\libcr_eabihelpers.a(double.o)
                0x00006b54                __aeabi_d2f
 .text.__aeabi_d2iz
                0x00006bb4       0x4c c:/nxp/mcuxpressoide_11.0.1_2563/ide/plugins/com.nxp.mcuxpresso.tools.win32_11.0.1.201907311258/tools/bin/../lib/gcc/arm-none-eabi/8.2.1/thumb/v6-m/nofp\libcr_eabihelpers.a(double.o)
                0x00006bb4                __aeabi_d2iz
 .text.__aeabi_d2uiz
                0x00006c00       0x34 c:/nxp/mcuxpressoide_11.0.1_2563/ide/plugins/com.nxp.mcuxpresso.tools.win32_11.0.1.201907311258/tools/bin/../lib/gcc/arm-none-eabi/8.2.1/thumb/v6-m/nofp\libcr_eabihelpers.a(double.o)
                0x00006c00                __aeabi_d2uiz
 .text.__aeabi_dcmpeq
                0x00006c34       0x30 c:/nxp/mcuxpressoide_11.0.1_2563/ide/plugins/com.nxp.mcuxpresso.tools.win32_11.0.1.201907311258/tools/bin/../lib/gcc/arm-none-eabi/8.2.1/thumb/v6-m/nofp\libcr_eabihelpers.a(double.o)
                0x00006c34                __aeabi_dcmpeq
 .text.__aeabi_dcmplt
                0x00006c64       0x60 c:/nxp/mcuxpressoide_11.0.1_2563/ide/plugins/com.nxp.mcuxpresso.tools.win32_11.0.1.201907311258/tools/bin/../lib/gcc/arm-none-eabi/8.2.1/thumb/v6-m/nofp\libcr_eabihelpers.a(double.o)
                0x00006c64                __aeabi_dcmplt
 .text.__aeabi_dcmpgt
                0x00006cc4       0x58 c:/nxp/mcuxpressoide_11.0.1_2563/ide/plugins/com.nxp.mcuxpresso.tools.win32_11.0.1.201907311258/tools/bin/../lib/gcc/arm-none-eabi/8.2.1/thumb/v6-m/nofp\libcr_eabihelpers.a(double.o)
                0x00006cc4                __aeabi_dcmpgt
 .text.__aeabi_dcmple
                0x00006d1c       0x58 c:/nxp/mcuxpressoide_11.0.1_2563/ide/plugins/com.nxp.mcuxpresso.tools.win32_11.0.1.201907311258/tools/bin/../lib/gcc/arm-none-eabi/8.2.1/thumb/v6-m/nofp\libcr_eabihelpers.a(double.o)
                0x00006d1c                __aeabi_dcmple
 .text.__aeabi_dcmpge
                0x00006d74       0x60 c:/nxp/mcuxpressoide_11.0.1_2563/ide/plugins/com.nxp.mcuxpresso.tools.win32_11.0.1.201907311258/tools/bin/../lib/gcc/arm-none-eabi/8.2.1/thumb/v6-m/nofp\libcr_eabihelpers.a(double.o)
                0x00006d74                __aeabi_dcmpge
 .text.__aeabi_fmul
                0x00006dd4       0xc4 c:/nxp/mcuxpressoide_11.0.1_2563/ide/plugins/com.nxp.mcuxpresso.tools.win32_11.0.1.201907311258/tools/bin/../lib/gcc/arm-none-eabi/8.2.1/thumb/v6-m/nofp\libcr_eabihelpers.a(float.o)
                0x00006dd4                __aeabi_fmul
 .text.__aeabi_fdiv
                0x00006e98       0xdc c:/nxp/mcuxpressoide_11.0.1_2563/ide/plugins/com.nxp.mcuxpresso.tools.win32_11.0.1.201907311258/tools/bin/../lib/gcc/arm-none-eabi/8.2.1/thumb/v6-m/nofp\libcr_eabihelpers.a(float.o)
                0x00006e98                __aeabi_fdiv
 .text.__aeabi_fsub
                0x00006f74      0x128 c:/nxp/mcuxpressoide_11.0.1_2563/ide/plugins/com.nxp.mcuxpresso.tools.win32_11.0.1.201907311258/tools/bin/../lib/gcc/arm-none-eabi/8.2.1/thumb/v6-m/nofp\libcr_eabihelpers.a(float.o)
                0x00006f74                __aeabi_fsub
 .text.__aeabi_fadd
                0x0000709c       0xac c:/nxp/mcuxpressoide_11.0.1_2563/ide/plugins/com.nxp.mcuxpresso.tools.win32_11.0.1.201907311258/tools/bin/../lib/gcc/arm-none-eabi/8.2.1/thumb/v6-m/nofp\libcr_eabihelpers.a(float.o)
                0x0000709c                __aeabi_fadd
 .text.__aeabi_f2d
                0x00007148       0x3c c:/nxp/mcuxpressoide_11.0.1_2563/ide/plugins/com.nxp.mcuxpresso.tools.win32_11.0.1.201907311258/tools/bin/../lib/gcc/arm-none-eabi/8.2.1/thumb/v6-m/nofp\libcr_eabihelpers.a(float.o)
                0x00007148                __aeabi_f2d
 .text.UART_EnableTx
                0x00007184       0x40 ./utilities/fsl_debug_console.o
 .text.UART_EnableRx
                0x000071c4       0x40 ./utilities/fsl_debug_console.o
 .text.LPSCI_EnableTx
                0x00007204       0x40 ./utilities/fsl_debug_console.o
 .text.LPSCI_EnableRx
                0x00007244       0x40 ./utilities/fsl_debug_console.o
 .text.Init     0x00007284        0xe ./source/logger/logger.o
                0x00007284                Init
 .text.cb_check_full
                0x00007292       0x2c ./source/circular_buffer/circular_buffer.o
                0x00007292                cb_check_full
 .text.cb_add_item
                0x000072be       0x7a ./source/circular_buffer/circular_buffer.o
                0x000072be                cb_add_item
 .text.cb_empty_buffer
                0x00007338       0x16 ./source/circular_buffer/circular_buffer.o
                0x00007338                cb_empty_buffer
 .text.vListInitialise
                0x0000734e       0x3c ./freertos/list.o
                0x0000734e                vListInitialise
 .text.vListInitialiseItem
                0x0000738a       0x16 ./freertos/list.o
                0x0000738a                vListInitialiseItem
 .text.vListInsertEnd
                0x000073a0       0x44 ./freertos/list.o
                0x000073a0                vListInsertEnd
 .text.vListInsert
                0x000073e4       0x6c ./freertos/list.o
                0x000073e4                vListInsert
 .text.uxListRemove
                0x00007450       0x50 ./freertos/list.o
                0x00007450                uxListRemove
 .text.SVC_Handler
                0x000074a0        0xa ./freertos/port.o
                0x000074a0                SVC_Handler
 .text.ulSetInterruptMaskFromISR
                0x000074aa        0xc ./freertos/port.o
                0x000074aa                ulSetInterruptMaskFromISR
 .text.vClearInterruptMaskFromISR
                0x000074b6        0x8 ./freertos/port.o
                0x000074b6                vClearInterruptMaskFromISR
 .text.xQueueGenericReset
                0x000074be       0xa8 ./freertos/queue.o
                0x000074be                xQueueGenericReset
 .text.xQueueGenericCreate
                0x00007566       0x64 ./freertos/queue.o
                0x00007566                xQueueGenericCreate
 .text.prvInitialiseNewQueue
                0x000075ca       0x4e ./freertos/queue.o
 .text.xQueueCreateCountingSemaphore
                0x00007618       0x46 ./freertos/queue.o
                0x00007618                xQueueCreateCountingSemaphore
 .text.xQueueGenericSend
                0x0000765e      0x188 ./freertos/queue.o
                0x0000765e                xQueueGenericSend
 .text.xQueueGenericSendFromISR
                0x000077e6       0xe2 ./freertos/queue.o
                0x000077e6                xQueueGenericSendFromISR
 .text.xQueueGenericReceive
                0x000078c8      0x1c8 ./freertos/queue.o
                0x000078c8                xQueueGenericReceive
 .text.uxQueueMessagesWaiting
                0x00007a90       0x2a ./freertos/queue.o
                0x00007a90                uxQueueMessagesWaiting
 .text.prvCopyDataToQueue
                0x00007aba       0xd6 ./freertos/queue.o
 .text.prvCopyDataFromQueue
                0x00007b90       0x4c ./freertos/queue.o
 .text.prvUnlockQueue
                0x00007bdc       0xbc ./freertos/queue.o
 .text.prvIsQueueEmpty
                0x00007c98       0x2c ./freertos/queue.o
 .text.prvIsQueueFull
                0x00007cc4       0x30 ./freertos/queue.o
 .text.vQueueWaitForMessageRestricted
                0x00007cf4       0x66 ./freertos/queue.o
                0x00007cf4                vQueueWaitForMessageRestricted
 .text.xTaskCreate
                0x00007d5a       0x90 ./freertos/tasks.o
                0x00007d5a                xTaskCreate
 .text.prvDeleteTCB
                0x00007dea       0x22 ./freertos/tasks.o
 .text.xTimerCreate
                0x00007e0c       0x3e ./freertos/timers.o
                0x00007e0c                xTimerCreate
 .text.prvInitialiseNewTimer
                0x00007e4a       0x52 ./freertos/timers.o
 .text.prvTimerTask
                0x00007e9c       0x28 ./freertos/timers.o
 .text.OSC_SetExtRefClkConfig
                0x00007ec4       0x3e ./drivers/fsl_clock.o
 .text.OSC_SetCapLoad
                0x00007f02       0x42 ./drivers/fsl_clock.o
 .text.CLOCK_GetPll0RefFreq
                0x00007f44       0x10 ./drivers/fsl_clock.o
 .text.CLOCK_SetExternalRefClkConfig
                0x00007f54       0x16 ./drivers/fsl_clock.o
                0x00007f54                CLOCK_SetExternalRefClkConfig
 .text.EnableIRQ
                0x00007f6a       0x2c ./drivers/fsl_dma.o
 .text.LPSCI_GetStatusFlags
                0x00007f96       0x26 ./drivers/fsl_lpsci.o
                0x00007f96                LPSCI_GetStatusFlags
 .text.UART_GetStatusFlags
                0x00007fbc       0x26 ./drivers/fsl_uart.o
                0x00007fbc                UART_GetStatusFlags
 .text.UART_WriteBlocking
                0x00007fe2       0x3a ./drivers/fsl_uart.o
                0x00007fe2                UART_WriteBlocking
 .text.BOARD_InitBootClocks
                0x0000801c        0xe ./board/clock_config.o
                0x0000801c                BOARD_InitBootClocks
 .text.BOARD_InitBootPeripherals
                0x0000802a        0xa ./board/peripherals.o
                0x0000802a                BOARD_InitBootPeripherals
 .text.BOARD_InitBootPins
                0x00008034        0xe ./board/pin_mux.o
                0x00008034                BOARD_InitBootPins
 .text.__main   0x00008042        0xc c:/nxp/mcuxpressoide_11.0.1_2563/ide/plugins/com.nxp.mcuxpresso.tools.win32_11.0.1.201907311258/tools/bin/../lib/gcc/arm-none-eabi/8.2.1/../../../../arm-none-eabi/lib/thumb/v6-m/nofp\libcr_nohost_nf.a(_cr__main.o)
                0x00008042                __main
 .text.__sys_appexit
                0x0000804e        0x2 c:/nxp/mcuxpressoide_11.0.1_2563/ide/plugins/com.nxp.mcuxpresso.tools.win32_11.0.1.201907311258/tools/bin/../lib/gcc/arm-none-eabi/8.2.1/../../../../arm-none-eabi/lib/thumb/v6-m/nofp\libcr_nohost_nf.a(__sys_appexit.o)
                0x0000804e                __sys_appexit
                0x0000804e                __exit
 .text.memcpy   0x00008050        0x8 c:/nxp/mcuxpressoide_11.0.1_2563/ide/plugins/com.nxp.mcuxpresso.tools.win32_11.0.1.201907311258/tools/bin/../lib/gcc/arm-none-eabi/8.2.1/../../../../arm-none-eabi/lib/thumb/v6-m/nofp\libcr_c.a(memcpy.o)
                0x00008050                memcpy
 .text.memset   0x00008058        0x8 c:/nxp/mcuxpressoide_11.0.1_2563/ide/plugins/com.nxp.mcuxpresso.tools.win32_11.0.1.201907311258/tools/bin/../lib/gcc/arm-none-eabi/8.2.1/../../../../arm-none-eabi/lib/thumb/v6-m/nofp\libcr_c.a(memset.o)
                0x00008058                memset
 .text.free     0x00008060       0x2c c:/nxp/mcuxpressoide_11.0.1_2563/ide/plugins/com.nxp.mcuxpresso.tools.win32_11.0.1.201907311258/tools/bin/../lib/gcc/arm-none-eabi/8.2.1/../../../../arm-none-eabi/lib/thumb/v6-m/nofp\libcr_c.a(alloc.o)
                0x00008060                free
 .text.fputs    0x0000808c       0x2e c:/nxp/mcuxpressoide_11.0.1_2563/ide/plugins/com.nxp.mcuxpresso.tools.win32_11.0.1.201907311258/tools/bin/../lib/gcc/arm-none-eabi/8.2.1/../../../../arm-none-eabi/lib/thumb/v6-m/nofp\libcr_c.a(fputs.o)
                0x0000808c                fputs
 .text.no_fp_display
                0x000080ba        0x4 c:/nxp/mcuxpressoide_11.0.1_2563/ide/plugins/com.nxp.mcuxpresso.tools.win32_11.0.1.201907311258/tools/bin/../lib/gcc/arm-none-eabi/8.2.1/../../../../arm-none-eabi/lib/thumb/v6-m/nofp\libcr_c.a(printf.o)
 .text.sin      0x000080be       0x36 c:/nxp/mcuxpressoide_11.0.1_2563/ide/plugins/com.nxp.mcuxpresso.tools.win32_11.0.1.201907311258/tools/bin/../lib/gcc/arm-none-eabi/8.2.1/../../../../arm-none-eabi/lib/thumb/v6-m/nofp\libcr_c.a(sin.o)
                0x000080be                sin
 .text.fabs     0x000080f4       0x22 c:/nxp/mcuxpressoide_11.0.1_2563/ide/plugins/com.nxp.mcuxpresso.tools.win32_11.0.1.201907311258/tools/bin/../lib/gcc/arm-none-eabi/8.2.1/../../../../arm-none-eabi/lib/thumb/v6-m/nofp\libcr_c.a(fabs.o)
                0x000080f4                fabs
 .text.remove   0x00008116       0x12 c:/nxp/mcuxpressoide_11.0.1_2563/ide/plugins/com.nxp.mcuxpresso.tools.win32_11.0.1.201907311258/tools/bin/../lib/gcc/arm-none-eabi/8.2.1/../../../../arm-none-eabi/lib/thumb/v6-m/nofp\libcr_c.a(remove.o)
                0x00008116                remove
 .text.__aeabi_division_idivmod
                0x00008128       0x78 c:/nxp/mcuxpressoide_11.0.1_2563/ide/plugins/com.nxp.mcuxpresso.tools.win32_11.0.1.201907311258/tools/bin/../lib/gcc/arm-none-eabi/8.2.1/thumb/v6-m/nofp\libcr_eabihelpers.a(division_32.o)
                0x00008128                __aeabi_idivmod
                0x00008128                __aeabi_idiv
                0x0000812e                __aeabi_uidivmod
                0x0000812e                __aeabi_uidiv
 .text.__aeabi_division_idiv0
                0x000081a0        0x2 c:/nxp/mcuxpressoide_11.0.1_2563/ide/plugins/com.nxp.mcuxpresso.tools.win32_11.0.1.201907311258/tools/bin/../lib/gcc/arm-none-eabi/8.2.1/thumb/v6-m/nofp\libcr_eabihelpers.a(division_idiv0.o)
                0x000081a0                __aeabi_idiv0
 .text.__bhs_ui2d
                0x000081a2       0x5e c:/nxp/mcuxpressoide_11.0.1_2563/ide/plugins/com.nxp.mcuxpresso.tools.win32_11.0.1.201907311258/tools/bin/../lib/gcc/arm-none-eabi/8.2.1/thumb/v6-m/nofp\libcr_eabihelpers.a(double.o)
                0x000081a2                __bhs_ui2d
 .text.__aeabi_i2d
                0x00008200       0x18 c:/nxp/mcuxpressoide_11.0.1_2563/ide/plugins/com.nxp.mcuxpresso.tools.win32_11.0.1.201907311258/tools/bin/../lib/gcc/arm-none-eabi/8.2.1/thumb/v6-m/nofp\libcr_eabihelpers.a(double.o)
                0x00008200                __aeabi_i2d
 .text.__aeabi_f2uiz
                0x00008218       0x2a c:/nxp/mcuxpressoide_11.0.1_2563/ide/plugins/com.nxp.mcuxpresso.tools.win32_11.0.1.201907311258/tools/bin/../lib/gcc/arm-none-eabi/8.2.1/thumb/v6-m/nofp\libcr_eabihelpers.a(float.o)
                0x00008218                __aeabi_f2uiz
 .text.__bhs_ui2f
                0x00008242       0x62 c:/nxp/mcuxpressoide_11.0.1_2563/ide/plugins/com.nxp.mcuxpresso.tools.win32_11.0.1.201907311258/tools/bin/../lib/gcc/arm-none-eabi/8.2.1/thumb/v6-m/nofp\libcr_eabihelpers.a(float.o)
                0x00008242                __bhs_ui2f
 .text.__aeabi_i2f
                0x000082a4       0x18 c:/nxp/mcuxpressoide_11.0.1_2563/ide/plugins/com.nxp.mcuxpresso.tools.win32_11.0.1.201907311258/tools/bin/../lib/gcc/arm-none-eabi/8.2.1/thumb/v6-m/nofp\libcr_eabihelpers.a(float.o)
                0x000082a4                __aeabi_i2f
 .text.__aeabi_ui2f
                0x000082bc        0xc c:/nxp/mcuxpressoide_11.0.1_2563/ide/plugins/com.nxp.mcuxpresso.tools.win32_11.0.1.201907311258/tools/bin/../lib/gcc/arm-none-eabi/8.2.1/thumb/v6-m/nofp\libcr_eabihelpers.a(float.o)
                0x000082bc                __aeabi_ui2f
 .text.__aeabi_llong_lmul
                0x000082c8       0x2e c:/nxp/mcuxpressoide_11.0.1_2563/ide/plugins/com.nxp.mcuxpresso.tools.win32_11.0.1.201907311258/tools/bin/../lib/gcc/arm-none-eabi/8.2.1/thumb/v6-m/nofp\libcr_eabihelpers.a(llong.o)
                0x000082c8                __aeabi_lmul
 .text.__aeabi_memcpy
                0x000082f6       0x2c c:/nxp/mcuxpressoide_11.0.1_2563/ide/plugins/com.nxp.mcuxpresso.tools.win32_11.0.1.201907311258/tools/bin/../lib/gcc/arm-none-eabi/8.2.1/thumb/v6-m/nofp\libcr_eabihelpers.a(memcpy.o)
                0x000082f6                __aeabi_memcpy4
                0x000082f6                __aeabi_memcpy8
                0x000082f6                __aeabi_memcpy
 .text.__aeabi_memset_lowlevel
                0x00008322       0x2a c:/nxp/mcuxpressoide_11.0.1_2563/ide/plugins/com.nxp.mcuxpresso.tools.win32_11.0.1.201907311258/tools/bin/../lib/gcc/arm-none-eabi/8.2.1/thumb/v6-m/nofp\libcr_eabihelpers.a(memcpy.o)
                0x00008322                __aeabi_lowlevel_memset
 .text.__sys_close
                0x0000834c        0x6 c:/nxp/mcuxpressoide_11.0.1_2563/ide/plugins/com.nxp.mcuxpresso.tools.win32_11.0.1.201907311258/tools/bin/../lib/gcc/arm-none-eabi/8.2.1/../../../../arm-none-eabi/lib/thumb/v6-m/nofp\libcr_nohost_nf.a(__sys_close.o)
                0x0000834c                __sys_close
 .text.__sys_flen
                0x00008352        0x6 c:/nxp/mcuxpressoide_11.0.1_2563/ide/plugins/com.nxp.mcuxpresso.tools.win32_11.0.1.201907311258/tools/bin/../lib/gcc/arm-none-eabi/8.2.1/../../../../arm-none-eabi/lib/thumb/v6-m/nofp\libcr_nohost_nf.a(__sys_flen.o)
                0x00008352                __sys_flen
 .text.__sys_istty
                0x00008358        0x6 c:/nxp/mcuxpressoide_11.0.1_2563/ide/plugins/com.nxp.mcuxpresso.tools.win32_11.0.1.201907311258/tools/bin/../lib/gcc/arm-none-eabi/8.2.1/../../../../arm-none-eabi/lib/thumb/v6-m/nofp\libcr_nohost_nf.a(__sys_istty.o)
                0x00008358                __sys_istty
 .text.__sys_remove
                0x0000835e        0x6 c:/nxp/mcuxpressoide_11.0.1_2563/ide/plugins/com.nxp.mcuxpresso.tools.win32_11.0.1.201907311258/tools/bin/../lib/gcc/arm-none-eabi/8.2.1/../../../../arm-none-eabi/lib/thumb/v6-m/nofp\libcr_nohost_nf.a(__sys_remove.o)
                0x0000835e                __sys_remove
 .text.__sys_seek
                0x00008364        0x6 c:/nxp/mcuxpressoide_11.0.1_2563/ide/plugins/com.nxp.mcuxpresso.tools.win32_11.0.1.201907311258/tools/bin/../lib/gcc/arm-none-eabi/8.2.1/../../../../arm-none-eabi/lib/thumb/v6-m/nofp\libcr_nohost_nf.a(__sys_seek.o)
                0x00008364                __sys_seek
 .text.__sys_tmpnam
                0x0000836a        0x6 c:/nxp/mcuxpressoide_11.0.1_2563/ide/plugins/com.nxp.mcuxpresso.tools.win32_11.0.1.201907311258/tools/bin/../lib/gcc/arm-none-eabi/8.2.1/../../../../arm-none-eabi/lib/thumb/v6-m/nofp\libcr_nohost_nf.a(__sys_tmpnam.o)
                0x0000836a                __sys_tmpnam
 *(SORT_BY_ALIGNMENT(.rodata) SORT_BY_ALIGNMENT(.rodata.*) SORT_BY_ALIGNMENT(.constdata) SORT_BY_ALIGNMENT(.constdata.*))
 .rodata.a1.3979
                0x00008370       0x88 c:/nxp/mcuxpressoide_11.0.1_2563/ide/plugins/com.nxp.mcuxpresso.tools.win32_11.0.1.201907311258/tools/bin/../lib/gcc/arm-none-eabi/8.2.1/../../../../arm-none-eabi/lib/thumb/v6-m/nofp\libcr_c.a(pow.o)
 .rodata.a2.3980
                0x000083f8       0x40 c:/nxp/mcuxpressoide_11.0.1_2563/ide/plugins/com.nxp.mcuxpresso.tools.win32_11.0.1.201907311258/tools/bin/../lib/gcc/arm-none-eabi/8.2.1/../../../../arm-none-eabi/lib/thumb/v6-m/nofp\libcr_c.a(pow.o)
 .rodata        0x00008438       0x35 ./source/lookup_generator/lookup.o
 *fill*         0x0000846d        0x3 ff
 .rodata.__func__.7755
                0x00008470       0x10 ./source/lookup_generator/lookup.o
 .rodata        0x00008480       0x55 ./source/logger/logger.o
 *fill*         0x000084d5        0x3 ff
 .rodata.logger
                0x000084d8       0x10 ./source/logger/logger.o
                0x000084d8                logger
 .rodata        0x000084e8        0xd ./source/logger/timestamp.o
 *fill*         0x000084f5        0x3 ff
 .rodata        0x000084f8       0x1c ./source/led_control/led_control.o
 .rodata.__func__.5299
                0x00008514        0x9 ./source/led_control/led_control.o
 *fill*         0x0000851d        0x3 ff
 .rodata        0x00008520       0xf0 ./source/dma/dma.o
 .rodata.__func__.6019
                0x00008610        0x9 ./source/dma/dma.o
 *fill*         0x00008619        0x3 ff
 .rodata        0x0000861c       0x2c ./source/dac/dac.o
 .rodata.__func__.5290
                0x00008648        0x9 ./source/dac/dac.o
 *fill*         0x00008651        0x3 ff
 .rodata        0x00008654       0x1c ./source/circular_buffer/circular_buffer.o
 .rodata.__func__.5430
                0x00008670        0xf ./source/circular_buffer/circular_buffer.o
 *fill*         0x0000867f        0x1 ff
 .rodata        0x00008680       0x2c ./source/adc/adc.o
 .rodata.__func__.5290
                0x000086ac        0x9 ./source/adc/adc.o
 *fill*         0x000086b5        0x3 ff
 .rodata        0x000086b8       0xf1 ./source/main.o
 *fill*         0x000087a9        0x3 ff
 .rodata.__func__.8659
                0x000087ac        0x5 ./source/main.o
 *fill*         0x000087b1        0x3 ff
 .rodata.__func__.8669
                0x000087b4        0x9 ./source/main.o
 *fill*         0x000087bd        0x3 ff
 .rodata.__func__.8675
                0x000087c0        0x9 ./source/main.o
 *fill*         0x000087c9        0x3 ff
 .rodata.__func__.8680
                0x000087cc        0x9 ./source/main.o
 *fill*         0x000087d5        0x3 ff
 .rodata.__func__.8703
                0x000087d8        0xd ./source/main.o
 *fill*         0x000087e5        0x3 ff
 .rodata        0x000087e8        0x5 ./freertos/tasks.o
 *fill*         0x000087ed        0x3 ff
 .rodata        0x000087f0        0xd ./freertos/timers.o
 *fill*         0x000087fd        0x3 ff
 .rodata.prvProcessReceivedCommands
                0x00008800       0x28 ./freertos/timers.o
 .rodata        0x00008828      0x11d ./drivers/fsl_clock.o
 *fill*         0x00008945        0x3 ff
 .rodata.fllFactorTable.5230
                0x00008948       0x10 ./drivers/fsl_clock.o
 .rodata        0x00008958      0x4ae ./drivers/fsl_dma.o
 *fill*         0x00008e06        0x2 ff
 .rodata.s_dmaIRQNumber
                0x00008e08        0x4 ./drivers/fsl_dma.o
 .rodata        0x00008e0c       0x42 ./drivers/fsl_dmamux.o
 *fill*         0x00008e4e        0x2 ff
 .rodata        0x00008e50      0x48c ./drivers/fsl_lpsci.o
 .rodata.s_uartBases
                0x000092dc        0xc ./drivers/fsl_uart.o
 .rodata.s_uartClock
                0x000092e8        0xc ./drivers/fsl_uart.o
 .rodata        0x000092f4      0x45b ./drivers/fsl_uart.o
 *fill*         0x0000974f        0x1 ff
 .rodata.mcgConfig_BOARD_BootClockRUN
                0x00009750        0xa ./board/clock_config.o
                0x00009750                mcgConfig_BOARD_BootClockRUN
 *fill*         0x0000975a        0x2 ff
 .rodata.simConfig_BOARD_BootClockRUN
                0x0000975c        0x8 ./board/clock_config.o
                0x0000975c                simConfig_BOARD_BootClockRUN
 .rodata.oscConfig_BOARD_BootClockRUN
                0x00009764        0x8 ./board/clock_config.o
                0x00009764                oscConfig_BOARD_BootClockRUN
 .rodata.__num_Ciob_streams
                0x0000976c        0x4 c:/nxp/mcuxpressoide_11.0.1_2563/ide/plugins/com.nxp.mcuxpresso.tools.win32_11.0.1.201907311258/tools/bin/../lib/gcc/arm-none-eabi/8.2.1/../../../../arm-none-eabi/lib/thumb/v6-m/nofp\libcr_nohost_nf.a(__ciob.o)
                0x0000976c                __num_Ciob_streams
 .rodata.__assertion_failed.str1.1
                0x00009770       0x15 c:/nxp/mcuxpressoide_11.0.1_2563/ide/plugins/com.nxp.mcuxpresso.tools.win32_11.0.1.201907311258/tools/bin/../lib/gcc/arm-none-eabi/8.2.1/../../../../arm-none-eabi/lib/thumb/v6-m/nofp\libcr_nohost_nf.a(_cr_assert.o)
 .rodata._Csys_alloc.str1.1
                0x00009785       0x18 c:/nxp/mcuxpressoide_11.0.1_2563/ide/plugins/com.nxp.mcuxpresso.tools.win32_11.0.1.201907311258/tools/bin/../lib/gcc/arm-none-eabi/8.2.1/../../../../arm-none-eabi/lib/thumb/v6-m/nofp\libcr_c.a(alloc.o)
 .rodata._initio.str1.1
                0x0000979d        0x4 c:/nxp/mcuxpressoide_11.0.1_2563/ide/plugins/com.nxp.mcuxpresso.tools.win32_11.0.1.201907311258/tools/bin/../lib/gcc/arm-none-eabi/8.2.1/../../../../arm-none-eabi/lib/thumb/v6-m/nofp\libcr_c.a(initio.o)
 .rodata.__vfprintf.str1.1
                0x000097a1       0x35 c:/nxp/mcuxpressoide_11.0.1_2563/ide/plugins/com.nxp.mcuxpresso.tools.win32_11.0.1.201907311258/tools/bin/../lib/gcc/arm-none-eabi/8.2.1/../../../../arm-none-eabi/lib/thumb/v6-m/nofp\libcr_c.a(printf.o)
                                 0x38 (size before relaxing)
                0x000097d8                . = ALIGN (0x4)
 *fill*         0x000097d6        0x2 ff

.glue_7         0x000097d8        0x0
 .glue_7        0x000097d8        0x0 linker stubs

.glue_7t        0x000097d8        0x0
 .glue_7t       0x000097d8        0x0 linker stubs

.vfp11_veneer   0x000097d8        0x0
 .vfp11_veneer  0x000097d8        0x0 linker stubs

.v4_bx          0x000097d8        0x0
 .v4_bx         0x000097d8        0x0 linker stubs

.iplt           0x000097d8        0x0
 .iplt          0x000097d8        0x0 ./utilities/fsl_debug_console.o

.rel.dyn        0x000097d8        0x0
 .rel.iplt      0x000097d8        0x0 ./utilities/fsl_debug_console.o

.ARM.extab
 *(SORT_BY_ALIGNMENT(.ARM.extab*) SORT_BY_ALIGNMENT(.gnu.linkonce.armextab.*))
                0x000097d8                __exidx_start = .

.ARM.exidx
 *(SORT_BY_ALIGNMENT(.ARM.exidx*) SORT_BY_ALIGNMENT(.gnu.linkonce.armexidx.*))
                0x000097d8                __exidx_end = .
                0x000097d8                _etext = .

.m_usb_data
 *(SORT_BY_ALIGNMENT(m_usb_bdt))

.mtb_buffer_default
                0x1ffff000       0x80
 *(SORT_BY_ALIGNMENT(.mtb*))
 .mtb.$RAM1     0x1ffff000       0x80 ./source/mtb.o
                0x1ffff000                __mtb_buffer__

.uninit_RESERVED
                0x1ffff080        0x0
                0x1ffff080                . = ALIGN (0x4)
 *(SORT_BY_ALIGNMENT(.bss.$RESERVED*))
                0x1ffff080                . = ALIGN (0x4)
                0x1ffff080                _end_uninit_RESERVED = .

.data           0x1ffff080       0x1c load address 0x000097d8
 FILL mask 0xff
                0x1ffff080                _data = .
 *(SORT_BY_ALIGNMENT(vtable))
 *(SORT_BY_ALIGNMENT(.ramfunc*))
 *(SORT_BY_ALIGNMENT(CodeQuickAccess))
 *(SORT_BY_ALIGNMENT(DataQuickAccess))
 *(SORT_BY_ALIGNMENT(RamFunction))
 *(SORT_BY_ALIGNMENT(.data*))
 .data.red      0x1ffff080        0x4 ./source/logger/logger.o
                0x1ffff080                red
 .data.green    0x1ffff084        0x4 ./source/logger/logger.o
                0x1ffff084                green
 .data.blue     0x1ffff088        0x4 ./source/logger/logger.o
                0x1ffff088                blue
 .data.end      0x1ffff08c        0x4 ./source/logger/logger.o
                0x1ffff08c                end
 .data.uxCriticalNesting
                0x1ffff090        0x4 ./freertos/port.o
 .data.s_slowIrcFreq
                0x1ffff094        0x4 ./drivers/fsl_clock.o
 .data.SystemCoreClock
                0x1ffff098        0x4 ./CMSIS/system_MKL25Z4.o
                0x1ffff098                SystemCoreClock
                0x1ffff09c                . = ALIGN (0x4)
                0x1ffff09c                _edata = .

.igot.plt       0x1ffff09c        0x0 load address 0x000097f4
 .igot.plt      0x1ffff09c        0x0 ./utilities/fsl_debug_console.o

.bss            0x1ffff09c     0x2bb8 load address 0x000097f4
                0x1ffff09c                . = ALIGN (0x4)
                0x1ffff09c                _bss = .
 *(SORT_BY_ALIGNMENT(.bss*))
 .bss.s_debugConsole
                0x1ffff09c       0x10 ./utilities/fsl_debug_console.o
 .bss.thisLogger
                0x1ffff0ac        0x1 ./source/logger/logger.o
                0x1ffff0ac                thisLogger
 *fill*         0x1ffff0ad        0x3 
 .bss.deciseconds
                0x1ffff0b0        0x4 ./source/logger/timestamp.o
                0x1ffff0b0                deciseconds
 .bss.dma_handle
                0x1ffff0b4       0x10 ./source/dma/dma.o
                0x1ffff0b4                dma_handle
 .bss.dma_tx_struct
                0x1ffff0c4       0x10 ./source/dma/dma.o
                0x1ffff0c4                dma_tx_struct
 .bss.buffer    0x1ffff0d4       0x64 ./source/main.o
                0x1ffff0d4                buffer
 .bss.adc_buffer
                0x1ffff138        0x4 ./source/main.o
                0x1ffff138                adc_buffer
 .bss.dsp_buffer
                0x1ffff13c       0x80 ./source/main.o
                0x1ffff13c                dsp_buffer
 .bss.DAC_Task_Handler
                0x1ffff1bc        0x4 ./source/main.o
                0x1ffff1bc                DAC_Task_Handler
 .bss.ADC_Task_Handler
                0x1ffff1c0        0x4 ./source/main.o
                0x1ffff1c0                ADC_Task_Handler
 .bss.DSP_Task_Handler
                0x1ffff1c4        0x4 ./source/main.o
                0x1ffff1c4                DSP_Task_Handler
 .bss.xLED_Semaphore
                0x1ffff1c8        0x4 ./source/main.o
                0x1ffff1c8                xLED_Semaphore
 .bss.ucHeap    0x1ffff1cc     0x2800 ./freertos/heap_4.o
 .bss.xStart    0x200019cc        0x8 ./freertos/heap_4.o
 .bss.pxEnd     0x200019d4        0x4 ./freertos/heap_4.o
 .bss.xFreeBytesRemaining
                0x200019d8        0x4 ./freertos/heap_4.o
 .bss.xMinimumEverFreeBytesRemaining
                0x200019dc        0x4 ./freertos/heap_4.o
 .bss.xBlockAllocatedBit
                0x200019e0        0x4 ./freertos/heap_4.o
 .bss.xQueueRegistry
                0x200019e4       0x40 ./freertos/queue.o
                0x200019e4                xQueueRegistry
 .bss.pxCurrentTCB
                0x20001a24        0x4 ./freertos/tasks.o
                0x20001a24                pxCurrentTCB
 .bss.pxReadyTasksLists
                0x20001a28       0x64 ./freertos/tasks.o
 .bss.xDelayedTaskList1
                0x20001a8c       0x14 ./freertos/tasks.o
 .bss.xDelayedTaskList2
                0x20001aa0       0x14 ./freertos/tasks.o
 .bss.pxDelayedTaskList
                0x20001ab4        0x4 ./freertos/tasks.o
 .bss.pxOverflowDelayedTaskList
                0x20001ab8        0x4 ./freertos/tasks.o
 .bss.xPendingReadyList
                0x20001abc       0x14 ./freertos/tasks.o
 .bss.xTasksWaitingTermination
                0x20001ad0       0x14 ./freertos/tasks.o
 .bss.uxDeletedTasksWaitingCleanUp
                0x20001ae4        0x4 ./freertos/tasks.o
 .bss.xSuspendedTaskList
                0x20001ae8       0x14 ./freertos/tasks.o
 .bss.uxCurrentNumberOfTasks
                0x20001afc        0x4 ./freertos/tasks.o
 .bss.xTickCount
                0x20001b00        0x4 ./freertos/tasks.o
 .bss.uxTopReadyPriority
                0x20001b04        0x4 ./freertos/tasks.o
 .bss.xSchedulerRunning
                0x20001b08        0x4 ./freertos/tasks.o
 .bss.uxPendedTicks
                0x20001b0c        0x4 ./freertos/tasks.o
 .bss.xYieldPending
                0x20001b10        0x4 ./freertos/tasks.o
 .bss.xNumOfOverflows
                0x20001b14        0x4 ./freertos/tasks.o
 .bss.uxTaskNumber
                0x20001b18        0x4 ./freertos/tasks.o
 .bss.xNextTaskUnblockTime
                0x20001b1c        0x4 ./freertos/tasks.o
 .bss.xIdleTaskHandle
                0x20001b20        0x4 ./freertos/tasks.o
 .bss.uxSchedulerSuspended
                0x20001b24        0x4 ./freertos/tasks.o
 .bss.xActiveTimerList1
                0x20001b28       0x14 ./freertos/timers.o
 .bss.xActiveTimerList2
                0x20001b3c       0x14 ./freertos/timers.o
 .bss.pxCurrentTimerList
                0x20001b50        0x4 ./freertos/timers.o
 .bss.pxOverflowTimerList
                0x20001b54        0x4 ./freertos/timers.o
 .bss.xTimerQueue
                0x20001b58        0x4 ./freertos/timers.o
 .bss.xTimerTaskHandle
                0x20001b5c        0x4 ./freertos/timers.o
 .bss.xLastTime.4575
                0x20001b60        0x4 ./freertos/timers.o
 .bss.g_xtal0Freq
                0x20001b64        0x4 ./drivers/fsl_clock.o
                0x20001b64                g_xtal0Freq
 .bss.s_DMAHandle
                0x20001b68       0x10 ./drivers/fsl_dma.o
 .bss.s_lpsciHandle
                0x20001b78        0x4 ./drivers/fsl_lpsci.o
 .bss.s_lpsciIsr
                0x20001b7c        0x4 ./drivers/fsl_lpsci.o
 .bss.s_uartHandle
                0x20001b80        0xc ./drivers/fsl_uart.o
 .bss.s_uartIsr
                0x20001b8c        0x4 ./drivers/fsl_uart.o
 .bss.__Ciob    0x20001b90       0xb4 c:/nxp/mcuxpressoide_11.0.1_2563/ide/plugins/com.nxp.mcuxpresso.tools.win32_11.0.1.201907311258/tools/bin/../lib/gcc/arm-none-eabi/8.2.1/../../../../arm-none-eabi/lib/thumb/v6-m/nofp\libcr_nohost_nf.a(__ciob.o)
                0x20001b90                __Ciob
 .bss.__end_of_heap
                0x20001c44        0x4 c:/nxp/mcuxpressoide_11.0.1_2563/ide/plugins/com.nxp.mcuxpresso.tools.win32_11.0.1.201907311258/tools/bin/../lib/gcc/arm-none-eabi/8.2.1/../../../../arm-none-eabi/lib/thumb/v6-m/nofp\libcr_c.a(__init_alloc.o)
                0x20001c44                __end_of_heap
 .bss.__heaps   0x20001c48        0x4 c:/nxp/mcuxpressoide_11.0.1_2563/ide/plugins/com.nxp.mcuxpresso.tools.win32_11.0.1.201907311258/tools/bin/../lib/gcc/arm-none-eabi/8.2.1/../../../../arm-none-eabi/lib/thumb/v6-m/nofp\libcr_c.a(__init_alloc.o)
                0x20001c48                __heaps
 .bss.errno     0x20001c4c        0x4 c:/nxp/mcuxpressoide_11.0.1_2563/ide/plugins/com.nxp.mcuxpresso.tools.win32_11.0.1.201907311258/tools/bin/../lib/gcc/arm-none-eabi/8.2.1/../../../../arm-none-eabi/lib/thumb/v6-m/nofp\libcr_c.a(errno.o)
                0x20001c4c                errno
 .bss.run_number
                0x20001c50        0x1 ./source/main.o
                0x20001c50                run_number
 .bss.dac_index
                0x20001c51        0x1 ./source/main.o
                0x20001c51                dac_index
 *(SORT_BY_ALIGNMENT(COMMON))
                0x20001c54                . = ALIGN (0x4)
 *fill*         0x20001c52        0x2 
                0x20001c54                _ebss = .
                [!provide]                PROVIDE (end = .)

.noinit         0x20001c54        0x0 load address 0x000097f4
                0x20001c54                . = ALIGN (0x4)
                0x20001c54                _noinit = .
 *(SORT_BY_ALIGNMENT(.noinit*))
                0x20001c54                . = ALIGN (0x4)
                0x20001c54                _end_noinit = .
                0x00000400                _HeapSize = 0x400

.heap           0x20001c54      0x400 load address 0x000097f4
                0x20001c54                _pvHeapStart = .
                0x20002054                . = (. + _HeapSize)
 *fill*         0x20001c54      0x400 
                0x20002054                . = ALIGN (0x4)
                0x20002054                _pvHeapLimit = .
                0x00000400                _StackSize = 0x400

.heap2stackfill
                0x20002054      0x400 load address 0x000097f4
                0x20002454                . = (. + _StackSize)
 *fill*         0x20002054      0x400 

.stack          0x20002c00        0x0
                0x20002c00                _vStackBase = .
                0x20002c00                . = ALIGN (0x4)
                0x20003000                _vStackTop = (. + _StackSize)
                0x00000000                _image_start = LOADADDR (.text)
                0x000097f4                _image_end = (LOADADDR (.data) + SIZEOF (.data))
                0x000097f4                _image_size = (_image_end - _image_start)
OUTPUT(pes_project_6.axf elf32-littlearm)

.debug_info     0x00000000     0xfcf0
 .debug_info    0x00000000      0xa38 ./utilities/fsl_debug_console.o
 .debug_info    0x00000a38      0x4df ./startup/startup_mkl25z4.o
 .debug_info    0x00000f17      0x3a9 ./source/lookup_generator/lookup.o
 .debug_info    0x000012c0      0x4d8 ./source/logger/logger.o
 .debug_info    0x00001798      0x1dd ./source/logger/timestamp.o
 .debug_info    0x00001975      0x6fc ./source/led_control/led_control.o
 .debug_info    0x00002071      0x89c ./source/dma/dma.o
 .debug_info    0x0000290d      0x6d7 ./source/dac/dac.o
 .debug_info    0x00002fe4      0x57e ./source/circular_buffer/circular_buffer.o
 .debug_info    0x00003562      0x7c2 ./source/adc/adc.o
 .debug_info    0x00003d24      0xe1a ./source/main.o
 .debug_info    0x00004b3e       0x53 ./source/mtb.o
 .debug_info    0x00004b91       0x3c ./source/semihost_hardfault.o
 .debug_info    0x00004bcd       0xec ./freertos/fsl_tickless_lptmr.o
 .debug_info    0x00004cb9      0x334 ./freertos/heap_4.o
 .debug_info    0x00004fed      0x2eb ./freertos/list.o
 .debug_info    0x000052d8      0x27a ./freertos/port.o
 .debug_info    0x00005552      0xefb ./freertos/queue.o
 .debug_info    0x0000644d     0x18af ./freertos/tasks.o
 .debug_info    0x00007cfc      0xb92 ./freertos/timers.o
 .debug_info    0x0000888e     0x1a97 ./drivers/fsl_clock.o
 .debug_info    0x0000a325      0xf4e ./drivers/fsl_dma.o
 .debug_info    0x0000b273      0x4e7 ./drivers/fsl_dmamux.o
 .debug_info    0x0000b75a     0x1469 ./drivers/fsl_lpsci.o
 .debug_info    0x0000cbc3     0x140a ./drivers/fsl_uart.o
 .debug_info    0x0000dfcd      0x80b ./board/board.o
 .debug_info    0x0000e7d8      0xb00 ./board/clock_config.o
 .debug_info    0x0000f2d8       0x3c ./board/peripherals.o
 .debug_info    0x0000f314      0x5a3 ./board/pin_mux.o
 .debug_info    0x0000f8b7      0x439 ./CMSIS/system_MKL25Z4.o

.debug_abbrev   0x00000000     0x35aa
 .debug_abbrev  0x00000000      0x22c ./utilities/fsl_debug_console.o
 .debug_abbrev  0x0000022c      0x18d ./startup/startup_mkl25z4.o
 .debug_abbrev  0x000003b9      0x158 ./source/lookup_generator/lookup.o
 .debug_abbrev  0x00000511      0x1fd ./source/logger/logger.o
 .debug_abbrev  0x0000070e      0x130 ./source/logger/timestamp.o
 .debug_abbrev  0x0000083e      0x1d3 ./source/led_control/led_control.o
 .debug_abbrev  0x00000a11      0x240 ./source/dma/dma.o
 .debug_abbrev  0x00000c51      0x1ca ./source/dac/dac.o
 .debug_abbrev  0x00000e1b      0x18b ./source/circular_buffer/circular_buffer.o
 .debug_abbrev  0x00000fa6      0x1b9 ./source/adc/adc.o
 .debug_abbrev  0x0000115f      0x27e ./source/main.o
 .debug_abbrev  0x000013dd       0x46 ./source/mtb.o
 .debug_abbrev  0x00001423       0x31 ./source/semihost_hardfault.o
 .debug_abbrev  0x00001454       0x9a ./freertos/fsl_tickless_lptmr.o
 .debug_abbrev  0x000014ee      0x1a7 ./freertos/heap_4.o
 .debug_abbrev  0x00001695      0x126 ./freertos/list.o
 .debug_abbrev  0x000017bb      0x1b3 ./freertos/port.o
 .debug_abbrev  0x0000196e      0x214 ./freertos/queue.o
 .debug_abbrev  0x00001b82      0x2c3 ./freertos/tasks.o
 .debug_abbrev  0x00001e45      0x225 ./freertos/timers.o
 .debug_abbrev  0x0000206a      0x36f ./drivers/fsl_clock.o
 .debug_abbrev  0x000023d9      0x2ec ./drivers/fsl_dma.o
 .debug_abbrev  0x000026c5      0x1b0 ./drivers/fsl_dmamux.o
 .debug_abbrev  0x00002875      0x309 ./drivers/fsl_lpsci.o
 .debug_abbrev  0x00002b7e      0x323 ./drivers/fsl_uart.o
 .debug_abbrev  0x00002ea1      0x1a7 ./board/board.o
 .debug_abbrev  0x00003048      0x220 ./board/clock_config.o
 .debug_abbrev  0x00003268       0x31 ./board/peripherals.o
 .debug_abbrev  0x00003299      0x1bb ./board/pin_mux.o
 .debug_abbrev  0x00003454      0x156 ./CMSIS/system_MKL25Z4.o

.debug_aranges  0x00000000      0xf08
 .debug_aranges
                0x00000000       0x58 ./utilities/fsl_debug_console.o
 .debug_aranges
                0x00000058      0x160 ./startup/startup_mkl25z4.o
 .debug_aranges
                0x000001b8       0x20 ./source/lookup_generator/lookup.o
 .debug_aranges
                0x000001d8       0x38 ./source/logger/logger.o
 .debug_aranges
                0x00000210       0x30 ./source/logger/timestamp.o
 .debug_aranges
                0x00000240       0x38 ./source/led_control/led_control.o
 .debug_aranges
                0x00000278       0x40 ./source/dma/dma.o
 .debug_aranges
                0x000002b8       0x28 ./source/dac/dac.o
 .debug_aranges
                0x000002e0       0x58 ./source/circular_buffer/circular_buffer.o
 .debug_aranges
                0x00000338       0x28 ./source/adc/adc.o
 .debug_aranges
                0x00000360       0x48 ./source/main.o
 .debug_aranges
                0x000003a8       0x18 ./source/mtb.o
 .debug_aranges
                0x000003c0       0x20 ./source/semihost_hardfault.o
 .debug_aranges
                0x000003e0       0x20 ./freertos/fsl_tickless_lptmr.o
 .debug_aranges
                0x00000400       0x50 ./freertos/heap_4.o
 .debug_aranges
                0x00000450       0x40 ./freertos/list.o
 .debug_aranges
                0x00000490       0x80 ./freertos/port.o
 .debug_aranges
                0x00000510      0x118 ./freertos/queue.o
 .debug_aranges
                0x00000628      0x1e8 ./freertos/tasks.o
 .debug_aranges
                0x00000810       0xc8 ./freertos/timers.o
 .debug_aranges
                0x000008d8      0x1d8 ./drivers/fsl_clock.o
 .debug_aranges
                0x00000ab0       0xd0 ./drivers/fsl_dma.o
 .debug_aranges
                0x00000b80       0x40 ./drivers/fsl_dmamux.o
 .debug_aranges
                0x00000bc0      0x118 ./drivers/fsl_lpsci.o
 .debug_aranges
                0x00000cd8      0x130 ./drivers/fsl_uart.o
 .debug_aranges
                0x00000e08       0x28 ./board/board.o
 .debug_aranges
                0x00000e30       0x58 ./board/clock_config.o
 .debug_aranges
                0x00000e88       0x20 ./board/peripherals.o
 .debug_aranges
                0x00000ea8       0x38 ./board/pin_mux.o
 .debug_aranges
                0x00000ee0       0x28 ./CMSIS/system_MKL25Z4.o

.debug_ranges   0x00000000      0xd20
 .debug_ranges  0x00000000       0x48 ./utilities/fsl_debug_console.o
 .debug_ranges  0x00000048      0x150 ./startup/startup_mkl25z4.o
 .debug_ranges  0x00000198       0x10 ./source/lookup_generator/lookup.o
 .debug_ranges  0x000001a8       0x28 ./source/logger/logger.o
 .debug_ranges  0x000001d0       0x20 ./source/logger/timestamp.o
 .debug_ranges  0x000001f0       0x28 ./source/led_control/led_control.o
 .debug_ranges  0x00000218       0x30 ./source/dma/dma.o
 .debug_ranges  0x00000248       0x18 ./source/dac/dac.o
 .debug_ranges  0x00000260       0x48 ./source/circular_buffer/circular_buffer.o
 .debug_ranges  0x000002a8       0x18 ./source/adc/adc.o
 .debug_ranges  0x000002c0       0x38 ./source/main.o
 .debug_ranges  0x000002f8       0x10 ./source/semihost_hardfault.o
 .debug_ranges  0x00000308       0x10 ./freertos/fsl_tickless_lptmr.o
 .debug_ranges  0x00000318       0x40 ./freertos/heap_4.o
 .debug_ranges  0x00000358       0x30 ./freertos/list.o
 .debug_ranges  0x00000388       0x70 ./freertos/port.o
 .debug_ranges  0x000003f8      0x108 ./freertos/queue.o
 .debug_ranges  0x00000500      0x1d8 ./freertos/tasks.o
 .debug_ranges  0x000006d8       0xb8 ./freertos/timers.o
 .debug_ranges  0x00000790      0x1c8 ./drivers/fsl_clock.o
 .debug_ranges  0x00000958       0xc0 ./drivers/fsl_dma.o
 .debug_ranges  0x00000a18       0x30 ./drivers/fsl_dmamux.o
 .debug_ranges  0x00000a48      0x108 ./drivers/fsl_lpsci.o
 .debug_ranges  0x00000b50      0x120 ./drivers/fsl_uart.o
 .debug_ranges  0x00000c70       0x18 ./board/board.o
 .debug_ranges  0x00000c88       0x48 ./board/clock_config.o
 .debug_ranges  0x00000cd0       0x10 ./board/peripherals.o
 .debug_ranges  0x00000ce0       0x28 ./board/pin_mux.o
 .debug_ranges  0x00000d08       0x18 ./CMSIS/system_MKL25Z4.o

.debug_macro    0x00000000     0xaee3
 .debug_macro   0x00000000      0x13a ./utilities/fsl_debug_console.o
 .debug_macro   0x0000013a      0xac0 ./utilities/fsl_debug_console.o
 .debug_macro   0x00000bfa       0x10 ./utilities/fsl_debug_console.o
 .debug_macro   0x00000c0a       0x16 ./utilities/fsl_debug_console.o
 .debug_macro   0x00000c20       0x10 ./utilities/fsl_debug_console.o
 .debug_macro   0x00000c30      0x12e ./utilities/fsl_debug_console.o
 .debug_macro   0x00000d5e       0x28 ./utilities/fsl_debug_console.o
 .debug_macro   0x00000d86       0xc4 ./utilities/fsl_debug_console.o
 .debug_macro   0x00000e4a       0x16 ./utilities/fsl_debug_console.o
 .debug_macro   0x00000e60       0x22 ./utilities/fsl_debug_console.o
 .debug_macro   0x00000e82      0x5b3 ./utilities/fsl_debug_console.o
 .debug_macro   0x00001435       0x10 ./utilities/fsl_debug_console.o
 .debug_macro   0x00001445       0x3f ./utilities/fsl_debug_console.o
 .debug_macro   0x00001484       0x3a ./utilities/fsl_debug_console.o
 .debug_macro   0x000014be       0x26 ./utilities/fsl_debug_console.o
 .debug_macro   0x000014e4      0x329 ./utilities/fsl_debug_console.o
 .debug_macro   0x0000180d       0x30 ./utilities/fsl_debug_console.o
 .debug_macro   0x0000183d     0x51e2 ./utilities/fsl_debug_console.o
 .debug_macro   0x00006a1f     0x1352 ./utilities/fsl_debug_console.o
 .debug_macro   0x00007d71       0x3a ./utilities/fsl_debug_console.o
 .debug_macro   0x00007dab       0xf4 ./utilities/fsl_debug_console.o
 .debug_macro   0x00007e9f       0x35 ./utilities/fsl_debug_console.o
 .debug_macro   0x00007ed4       0xd2 ./utilities/fsl_debug_console.o
 .debug_macro   0x00007fa6       0x2e ./utilities/fsl_debug_console.o
 .debug_macro   0x00007fd4       0x10 ./utilities/fsl_debug_console.o
 .debug_macro   0x00007fe4       0x10 ./utilities/fsl_debug_console.o
 .debug_macro   0x00007ff4       0x29 ./startup/startup_mkl25z4.o
 .debug_macro   0x0000801d      0x1a4 ./source/lookup_generator/lookup.o
 .debug_macro   0x000081c1       0x12 ./source/lookup_generator/lookup.o
 .debug_macro   0x000081d3       0x12 ./source/lookup_generator/lookup.o
 .debug_macro   0x000081e5       0xe4 ./source/lookup_generator/lookup.o
 .debug_macro   0x000082c9       0x1c ./source/lookup_generator/lookup.o
 .debug_macro   0x000082e5       0x10 ./source/lookup_generator/lookup.o
 .debug_macro   0x000082f5      0x18b ./source/lookup_generator/lookup.o
 .debug_macro   0x00008480      0x168 ./source/lookup_generator/lookup.o
 .debug_macro   0x000085e8       0xb6 ./source/lookup_generator/lookup.o
 .debug_macro   0x0000869e       0x10 ./source/lookup_generator/lookup.o
 .debug_macro   0x000086ae       0x1f ./source/lookup_generator/lookup.o
 .debug_macro   0x000086cd      0x361 ./source/lookup_generator/lookup.o
 .debug_macro   0x00008a2e       0xc0 ./source/lookup_generator/lookup.o
 .debug_macro   0x00008aee       0x8c ./source/lookup_generator/lookup.o
 .debug_macro   0x00008b7a       0x94 ./source/lookup_generator/lookup.o
 .debug_macro   0x00008c0e       0x91 ./source/lookup_generator/lookup.o
 .debug_macro   0x00008c9f       0x78 ./source/lookup_generator/lookup.o
 .debug_macro   0x00008d17      0x163 ./source/logger/logger.o
 .debug_macro   0x00008e7a       0xd8 ./source/logger/logger.o
 .debug_macro   0x00008f52      0x139 ./source/logger/timestamp.o
 .debug_macro   0x0000908b       0x34 ./source/logger/timestamp.o
 .debug_macro   0x000090bf       0x16 ./source/logger/timestamp.o
 .debug_macro   0x000090d5      0x172 ./source/led_control/led_control.o
 .debug_macro   0x00009247       0x16 ./source/led_control/led_control.o
 .debug_macro   0x0000925d      0x1ef ./source/dma/dma.o
 .debug_macro   0x0000944c       0x10 ./source/dma/dma.o
 .debug_macro   0x0000945c       0x16 ./source/dma/dma.o
 .debug_macro   0x00009472      0x16d ./source/dac/dac.o
 .debug_macro   0x000095df      0x186 ./source/circular_buffer/circular_buffer.o
 .debug_macro   0x00009765       0x10 ./source/circular_buffer/circular_buffer.o
 .debug_macro   0x00009775      0x16d ./source/adc/adc.o
 .debug_macro   0x000098e2      0x2ab ./source/main.o
 .debug_macro   0x00009b8d       0x16 ./source/main.o
 .debug_macro   0x00009ba3       0x10 ./source/main.o
 .debug_macro   0x00009bb3      0x112 ./source/main.o
 .debug_macro   0x00009cc5       0x34 ./source/main.o
 .debug_macro   0x00009cf9       0x10 ./source/main.o
 .debug_macro   0x00009d09       0x1c ./source/main.o
 .debug_macro   0x00009d25       0x1c ./source/main.o
 .debug_macro   0x00009d41       0x2f ./source/mtb.o
 .debug_macro   0x00009d70       0x82 ./source/mtb.o
 .debug_macro   0x00009df2       0x10 ./source/mtb.o
 .debug_macro   0x00009e02       0x11 ./source/semihost_hardfault.o
 .debug_macro   0x00009e13       0xbd ./freertos/fsl_tickless_lptmr.o
 .debug_macro   0x00009ed0       0x8e ./freertos/fsl_tickless_lptmr.o
 .debug_macro   0x00009f5e       0xe0 ./freertos/heap_4.o
 .debug_macro   0x0000a03e       0xb9 ./freertos/list.o
 .debug_macro   0x0000a0f7       0xcf ./freertos/port.o
 .debug_macro   0x0000a1c6      0x122 ./freertos/queue.o
 .debug_macro   0x0000a2e8      0x182 ./freertos/tasks.o
 .debug_macro   0x0000a46a       0x11 ./freertos/tasks.o
 .debug_macro   0x0000a47b       0xec ./freertos/timers.o
 .debug_macro   0x0000a567      0x196 ./drivers/fsl_clock.o
 .debug_macro   0x0000a6fd       0x1c ./drivers/fsl_clock.o
 .debug_macro   0x0000a719       0xec ./drivers/fsl_dma.o
 .debug_macro   0x0000a805       0xec ./drivers/fsl_dmamux.o
 .debug_macro   0x0000a8f1       0xec ./drivers/fsl_lpsci.o
 .debug_macro   0x0000a9dd       0xf2 ./drivers/fsl_uart.o
 .debug_macro   0x0000aacf      0x12b ./board/board.o
 .debug_macro   0x0000abfa      0x123 ./board/clock_config.o
 .debug_macro   0x0000ad1d       0x1b ./board/peripherals.o
 .debug_macro   0x0000ad38      0x107 ./board/pin_mux.o
 .debug_macro   0x0000ae3f       0x10 ./board/pin_mux.o
 .debug_macro   0x0000ae4f       0x94 ./CMSIS/system_MKL25Z4.o

.debug_line     0x00000000     0xa83c
 .debug_line    0x00000000      0x473 ./utilities/fsl_debug_console.o
 .debug_line    0x00000473      0x1e7 ./startup/startup_mkl25z4.o
 .debug_line    0x0000065a      0x3ad ./source/lookup_generator/lookup.o
 .debug_line    0x00000a07      0x380 ./source/logger/logger.o
 .debug_line    0x00000d87      0x31e ./source/logger/timestamp.o
 .debug_line    0x000010a5      0x3c8 ./source/led_control/led_control.o
 .debug_line    0x0000146d      0x464 ./source/dma/dma.o
 .debug_line    0x000018d1      0x353 ./source/dac/dac.o
 .debug_line    0x00001c24      0x4e2 ./source/circular_buffer/circular_buffer.o
 .debug_line    0x00002106      0x37a ./source/adc/adc.o
 .debug_line    0x00002480      0x7d0 ./source/main.o
 .debug_line    0x00002c50       0xd1 ./source/mtb.o
 .debug_line    0x00002d21       0x5a ./source/semihost_hardfault.o
 .debug_line    0x00002d7b      0x255 ./freertos/fsl_tickless_lptmr.o
 .debug_line    0x00002fd0      0x490 ./freertos/heap_4.o
 .debug_line    0x00003460      0x319 ./freertos/list.o
 .debug_line    0x00003779      0x3c8 ./freertos/port.o
 .debug_line    0x00003b41      0xc90 ./freertos/queue.o
 .debug_line    0x000047d1     0x1527 ./freertos/tasks.o
 .debug_line    0x00005cf8      0x722 ./freertos/timers.o
 .debug_line    0x0000641a     0x12b1 ./drivers/fsl_clock.o
 .debug_line    0x000076cb      0x703 ./drivers/fsl_dma.o
 .debug_line    0x00007dce      0x325 ./drivers/fsl_dmamux.o
 .debug_line    0x000080f3      0xd32 ./drivers/fsl_lpsci.o
 .debug_line    0x00008e25      0xd21 ./drivers/fsl_uart.o
 .debug_line    0x00009b46      0x2ee ./board/board.o
 .debug_line    0x00009e34      0x373 ./board/clock_config.o
 .debug_line    0x0000a1a7       0x5c ./board/peripherals.o
 .debug_line    0x0000a203      0x2fa ./board/pin_mux.o
 .debug_line    0x0000a4fd      0x33f ./CMSIS/system_MKL25Z4.o

.debug_str      0x00000000    0x3e44b
 .debug_str     0x00000000    0x315e4 ./utilities/fsl_debug_console.o
                              0x3186d (size before relaxing)
 .debug_str     0x000315e4      0x3b6 ./startup/startup_mkl25z4.o
                               0x3201 (size before relaxing)
 .debug_str     0x0003199a     0x5199 ./source/lookup_generator/lookup.o
                              0x2e84a (size before relaxing)
 .debug_str     0x00036b33       0xb4 ./source/logger/logger.o
                              0x2dced (size before relaxing)
 .debug_str     0x00036be7       0x6d ./source/logger/timestamp.o
                              0x2d832 (size before relaxing)
 .debug_str     0x00036c54      0x1de ./source/led_control/led_control.o
                              0x2de10 (size before relaxing)
 .debug_str     0x00036e32      0x32c ./source/dma/dma.o
                              0x35bbd (size before relaxing)
 .debug_str     0x0003715e       0x44 ./source/dac/dac.o
                              0x2dd75 (size before relaxing)
 .debug_str     0x000371a2      0x1f6 ./source/circular_buffer/circular_buffer.o
                              0x2deb6 (size before relaxing)
 .debug_str     0x00037398       0x7e ./source/adc/adc.o
                              0x2ddb4 (size before relaxing)
 .debug_str     0x00037416      0xea4 ./source/main.o
                              0x37759 (size before relaxing)
 .debug_str     0x000382ba      0x532 ./source/mtb.o
                               0x330d (size before relaxing)
 .debug_str     0x000387ec       0x1f ./source/semihost_hardfault.o
                               0x2dfa (size before relaxing)
 .debug_str     0x0003880b      0x43c ./freertos/fsl_tickless_lptmr.o
                               0x7c76 (size before relaxing)
 .debug_str     0x00038c47      0x27e ./freertos/heap_4.o
                               0x7b11 (size before relaxing)
 .debug_str     0x00038ec5      0x12a ./freertos/list.o
                               0x742e (size before relaxing)
 .debug_str     0x00038fef      0x188 ./freertos/port.o
                               0x7e1d (size before relaxing)
 .debug_str     0x00039177      0x75b ./freertos/queue.o
                               0x898a (size before relaxing)
 .debug_str     0x000398d2     0x130a ./freertos/tasks.o
                               0x95fb (size before relaxing)
 .debug_str     0x0003abdc      0x4c6 ./freertos/timers.o
                               0x8ed5 (size before relaxing)
 .debug_str     0x0003b0a2     0x14d7 ./drivers/fsl_clock.o
                              0x32308 (size before relaxing)
 .debug_str     0x0003c579      0x759 ./drivers/fsl_dma.o
                              0x315d6 (size before relaxing)
 .debug_str     0x0003ccd2       0x65 ./drivers/fsl_dmamux.o
                              0x30c03 (size before relaxing)
 .debug_str     0x0003cd37      0x935 ./drivers/fsl_lpsci.o
                              0x31910 (size before relaxing)
 .debug_str     0x0003d66c      0x832 ./drivers/fsl_uart.o
                              0x31933 (size before relaxing)
 .debug_str     0x0003de9e       0x4c ./board/board.o
                              0x31780 (size before relaxing)
 .debug_str     0x0003deea      0x300 ./board/clock_config.o
                              0x31236 (size before relaxing)
 .debug_str     0x0003e1ea       0x31 ./board/peripherals.o
                               0x2e0b (size before relaxing)
 .debug_str     0x0003e21b      0x1e1 ./board/pin_mux.o
                              0x30999 (size before relaxing)
 .debug_str     0x0003e3fc       0x4f ./CMSIS/system_MKL25Z4.o
                              0x2fc72 (size before relaxing)

.comment        0x00000000       0x75
 .comment       0x00000000       0x75 ./utilities/fsl_debug_console.o
                                 0x76 (size before relaxing)
 .comment       0x00000075       0x76 ./startup/startup_mkl25z4.o
 .comment       0x00000075       0x76 ./source/lookup_generator/lookup.o
 .comment       0x00000075       0x76 ./source/logger/logger.o
 .comment       0x00000075       0x76 ./source/logger/timestamp.o
 .comment       0x00000075       0x76 ./source/led_control/led_control.o
 .comment       0x00000075       0x76 ./source/dma/dma.o
 .comment       0x00000075       0x76 ./source/dac/dac.o
 .comment       0x00000075       0x76 ./source/circular_buffer/circular_buffer.o
 .comment       0x00000075       0x76 ./source/adc/adc.o
 .comment       0x00000075       0x76 ./source/main.o
 .comment       0x00000075       0x76 ./source/mtb.o
 .comment       0x00000075       0x76 ./source/semihost_hardfault.o
 .comment       0x00000075       0x76 ./freertos/fsl_tickless_lptmr.o
 .comment       0x00000075       0x76 ./freertos/heap_4.o
 .comment       0x00000075       0x76 ./freertos/list.o
 .comment       0x00000075       0x76 ./freertos/port.o
 .comment       0x00000075       0x76 ./freertos/queue.o
 .comment       0x00000075       0x76 ./freertos/tasks.o
 .comment       0x00000075       0x76 ./freertos/timers.o
 .comment       0x00000075       0x76 ./drivers/fsl_clock.o
 .comment       0x00000075       0x76 ./drivers/fsl_dma.o
 .comment       0x00000075       0x76 ./drivers/fsl_dmamux.o
 .comment       0x00000075       0x76 ./drivers/fsl_lpsci.o
 .comment       0x00000075       0x76 ./drivers/fsl_uart.o
 .comment       0x00000075       0x76 ./board/board.o
 .comment       0x00000075       0x76 ./board/clock_config.o
 .comment       0x00000075       0x76 ./board/peripherals.o
 .comment       0x00000075       0x76 ./board/pin_mux.o
 .comment       0x00000075       0x76 ./CMSIS/system_MKL25Z4.o
 .comment       0x00000075       0x76 c:/nxp/mcuxpressoide_11.0.1_2563/ide/plugins/com.nxp.mcuxpresso.tools.win32_11.0.1.201907311258/tools/bin/../lib/gcc/arm-none-eabi/8.2.1/../../../../arm-none-eabi/lib/thumb/v6-m/nofp\libcr_nohost_nf.a(_cr__main.o)
 .comment       0x00000075       0x76 c:/nxp/mcuxpressoide_11.0.1_2563/ide/plugins/com.nxp.mcuxpresso.tools.win32_11.0.1.201907311258/tools/bin/../lib/gcc/arm-none-eabi/8.2.1/../../../../arm-none-eabi/lib/thumb/v6-m/nofp\libcr_nohost_nf.a(_cr_assert.o)
 .comment       0x00000075       0x76 c:/nxp/mcuxpressoide_11.0.1_2563/ide/plugins/com.nxp.mcuxpresso.tools.win32_11.0.1.201907311258/tools/bin/../lib/gcc/arm-none-eabi/8.2.1/../../../../arm-none-eabi/lib/thumb/v6-m/nofp\libcr_nohost_nf.a(__ciob.o)
 .comment       0x00000075       0x76 c:/nxp/mcuxpressoide_11.0.1_2563/ide/plugins/com.nxp.mcuxpresso.tools.win32_11.0.1.201907311258/tools/bin/../lib/gcc/arm-none-eabi/8.2.1/../../../../arm-none-eabi/lib/thumb/v6-m/nofp\libcr_nohost_nf.a(__sys_appexit.o)
 .comment       0x00000075       0x76 c:/nxp/mcuxpressoide_11.0.1_2563/ide/plugins/com.nxp.mcuxpresso.tools.win32_11.0.1.201907311258/tools/bin/../lib/gcc/arm-none-eabi/8.2.1/../../../../arm-none-eabi/lib/thumb/v6-m/nofp\libcr_c.a(memcpy.o)
 .comment       0x00000075       0x76 c:/nxp/mcuxpressoide_11.0.1_2563/ide/plugins/com.nxp.mcuxpresso.tools.win32_11.0.1.201907311258/tools/bin/../lib/gcc/arm-none-eabi/8.2.1/../../../../arm-none-eabi/lib/thumb/v6-m/nofp\libcr_c.a(memset.o)
 .comment       0x00000075       0x76 c:/nxp/mcuxpressoide_11.0.1_2563/ide/plugins/com.nxp.mcuxpresso.tools.win32_11.0.1.201907311258/tools/bin/../lib/gcc/arm-none-eabi/8.2.1/../../../../arm-none-eabi/lib/thumb/v6-m/nofp\libcr_c.a(_deferredlazyseek.o)
 .comment       0x00000075       0x76 c:/nxp/mcuxpressoide_11.0.1_2563/ide/plugins/com.nxp.mcuxpresso.tools.win32_11.0.1.201907311258/tools/bin/../lib/gcc/arm-none-eabi/8.2.1/../../../../arm-none-eabi/lib/thumb/v6-m/nofp\libcr_c.a(_fflush.o)
 .comment       0x00000075       0x76 c:/nxp/mcuxpressoide_11.0.1_2563/ide/plugins/com.nxp.mcuxpresso.tools.win32_11.0.1.201907311258/tools/bin/../lib/gcc/arm-none-eabi/8.2.1/../../../../arm-none-eabi/lib/thumb/v6-m/nofp\libcr_c.a(_writebuf.o)